Archive member included to satisfy reference by file (symbol)

c:/program files (x86)/atmel/studio/7.0/toolchain/arm/arm-gnu-toolchain/bin/../lib/gcc/arm-none-eabi/6.3.1/../../../../arm-none-eabi/lib/thumb/v7e-m\libc_nano.a(lib_a-exit.o)
                              c:/program files (x86)/atmel/studio/7.0/toolchain/arm/arm-gnu-toolchain/bin/../lib/gcc/arm-none-eabi/6.3.1/../../../../arm-none-eabi/lib/thumb/v7e-m/crt0.o (exit)
c:/program files (x86)/atmel/studio/7.0/toolchain/arm/arm-gnu-toolchain/bin/../lib/gcc/arm-none-eabi/6.3.1/../../../../arm-none-eabi/lib/thumb/v7e-m\libc_nano.a(lib_a-impure.o)
                              c:/program files (x86)/atmel/studio/7.0/toolchain/arm/arm-gnu-toolchain/bin/../lib/gcc/arm-none-eabi/6.3.1/../../../../arm-none-eabi/lib/thumb/v7e-m\libc_nano.a(lib_a-exit.o) (_global_impure_ptr)
c:/program files (x86)/atmel/studio/7.0/toolchain/arm/arm-gnu-toolchain/bin/../lib/gcc/arm-none-eabi/6.3.1/../../../../arm-none-eabi/lib/thumb/v7e-m\libc_nano.a(lib_a-init.o)
                              c:/program files (x86)/atmel/studio/7.0/toolchain/arm/arm-gnu-toolchain/bin/../lib/gcc/arm-none-eabi/6.3.1/../../../../arm-none-eabi/lib/thumb/v7e-m/crt0.o (__libc_init_array)
c:/program files (x86)/atmel/studio/7.0/toolchain/arm/arm-gnu-toolchain/bin/../lib/gcc/arm-none-eabi/6.3.1/../../../../arm-none-eabi/lib/thumb/v7e-m\libc_nano.a(lib_a-memcpy-stub.o)
                              hpl/efc/hpl_efc.o (memcpy)
c:/program files (x86)/atmel/studio/7.0/toolchain/arm/arm-gnu-toolchain/bin/../lib/gcc/arm-none-eabi/6.3.1/../../../../arm-none-eabi/lib/thumb/v7e-m\libc_nano.a(lib_a-memset.o)
                              c:/program files (x86)/atmel/studio/7.0/toolchain/arm/arm-gnu-toolchain/bin/../lib/gcc/arm-none-eabi/6.3.1/../../../../arm-none-eabi/lib/thumb/v7e-m/crt0.o (memset)
c:/program files (x86)/atmel/studio/7.0/toolchain/arm/arm-gnu-toolchain/bin/../lib/gcc/arm-none-eabi/6.3.1/../../../../arm-none-eabi/lib/thumb/v7e-m\libc_nano.a(lib_a-printf.o)
                              hal/utils/src/utils_syscalls.o (printf)
c:/program files (x86)/atmel/studio/7.0/toolchain/arm/arm-gnu-toolchain/bin/../lib/gcc/arm-none-eabi/6.3.1/../../../../arm-none-eabi/lib/thumb/v7e-m\libc_nano.a(lib_a-strtod.o)
                              main.o (strtof)
c:/program files (x86)/atmel/studio/7.0/toolchain/arm/arm-gnu-toolchain/bin/../lib/gcc/arm-none-eabi/6.3.1/../../../../arm-none-eabi/lib/thumb/v7e-m\libc_nano.a(lib_a-strtol.o)
                              main.o (strtol)
c:/program files (x86)/atmel/studio/7.0/toolchain/arm/arm-gnu-toolchain/bin/../lib/gcc/arm-none-eabi/6.3.1/../../../../arm-none-eabi/lib/thumb/v7e-m\libc_nano.a(lib_a-findfp.o)
                              c:/program files (x86)/atmel/studio/7.0/toolchain/arm/arm-gnu-toolchain/bin/../lib/gcc/arm-none-eabi/6.3.1/../../../../arm-none-eabi/lib/thumb/v7e-m\libc_nano.a(lib_a-printf.o) (__sinit)
c:/program files (x86)/atmel/studio/7.0/toolchain/arm/arm-gnu-toolchain/bin/../lib/gcc/arm-none-eabi/6.3.1/../../../../arm-none-eabi/lib/thumb/v7e-m\libc_nano.a(lib_a-fwalk.o)
                              c:/program files (x86)/atmel/studio/7.0/toolchain/arm/arm-gnu-toolchain/bin/../lib/gcc/arm-none-eabi/6.3.1/../../../../arm-none-eabi/lib/thumb/v7e-m\libc_nano.a(lib_a-findfp.o) (_fwalk)
c:/program files (x86)/atmel/studio/7.0/toolchain/arm/arm-gnu-toolchain/bin/../lib/gcc/arm-none-eabi/6.3.1/../../../../arm-none-eabi/lib/thumb/v7e-m\libc_nano.a(lib_a-gdtoa-gethex.o)
                              c:/program files (x86)/atmel/studio/7.0/toolchain/arm/arm-gnu-toolchain/bin/../lib/gcc/arm-none-eabi/6.3.1/../../../../arm-none-eabi/lib/thumb/v7e-m\libc_nano.a(lib_a-strtod.o) (__gethex)
c:/program files (x86)/atmel/studio/7.0/toolchain/arm/arm-gnu-toolchain/bin/../lib/gcc/arm-none-eabi/6.3.1/../../../../arm-none-eabi/lib/thumb/v7e-m\libc_nano.a(lib_a-gdtoa-hexnan.o)
                              c:/program files (x86)/atmel/studio/7.0/toolchain/arm/arm-gnu-toolchain/bin/../lib/gcc/arm-none-eabi/6.3.1/../../../../arm-none-eabi/lib/thumb/v7e-m\libc_nano.a(lib_a-strtod.o) (__match)
c:/program files (x86)/atmel/studio/7.0/toolchain/arm/arm-gnu-toolchain/bin/../lib/gcc/arm-none-eabi/6.3.1/../../../../arm-none-eabi/lib/thumb/v7e-m\libc_nano.a(lib_a-locale.o)
                              c:/program files (x86)/atmel/studio/7.0/toolchain/arm/arm-gnu-toolchain/bin/../lib/gcc/arm-none-eabi/6.3.1/../../../../arm-none-eabi/lib/thumb/v7e-m\libc_nano.a(lib_a-strtol.o) (__locale_ctype_ptr_l)
c:/program files (x86)/atmel/studio/7.0/toolchain/arm/arm-gnu-toolchain/bin/../lib/gcc/arm-none-eabi/6.3.1/../../../../arm-none-eabi/lib/thumb/v7e-m\libc_nano.a(lib_a-localeconv.o)
                              c:/program files (x86)/atmel/studio/7.0/toolchain/arm/arm-gnu-toolchain/bin/../lib/gcc/arm-none-eabi/6.3.1/../../../../arm-none-eabi/lib/thumb/v7e-m\libc_nano.a(lib_a-strtod.o) (__localeconv_l)
[...]
Memory Configuration

Name             Origin             Length             Attributes
rom              0x00400000         0x00200000         xr
ram              0x20400000         0x00060000         xrw
*default*        0x00000000         0xffffffff

Linker script and memory map

LOAD c:/program files (x86)/atmel/studio/7.0/toolchain/arm/arm-gnu-toolchain/bin/../lib/gcc/arm-none-eabi/6.3.1/thumb/v7e-m/crti.o
LOAD c:/program files (x86)/atmel/studio/7.0/toolchain/arm/arm-gnu-toolchain/bin/../lib/gcc/arm-none-eabi/6.3.1/thumb/v7e-m/crtbegin.o
LOAD c:/program files (x86)/atmel/studio/7.0/toolchain/arm/arm-gnu-toolchain/bin/../lib/gcc/arm-none-eabi/6.3.1/../../../../arm-none-eabi/lib/thumb/v7e-m/crt0.o
LOAD atmel_start.o
LOAD Device_Startup/startup_same70q21b.o
LOAD Device_Startup/system_same70q21b.o
LOAD driver_init.o
LOAD examples/driver_examples.o
LOAD hal/src/hal_adc_async.o
LOAD hal/src/hal_atomic.o
LOAD hal/src/hal_can_async.o
LOAD hal/src/hal_delay.o
LOAD hal/src/hal_flash.o
LOAD hal/src/hal_gpio.o
LOAD hal/src/hal_init.o
LOAD hal/src/hal_io.o
LOAD hal/src/hal_sleep.o
LOAD hal/src/hal_timer.o
LOAD hal/src/hal_usart_async.o
LOAD hal/utils/src/utils_assert.o
LOAD hal/utils/src/utils_event.o
LOAD hal/utils/src/utils_list.o
LOAD hal/utils/src/utils_ringbuffer.o
LOAD hal/utils/src/utils_syscalls.o
LOAD hpl/afec/hpl_afec.o
LOAD hpl/core/hpl_core_m7_base.o
LOAD hpl/core/hpl_init.o
LOAD hpl/efc/hpl_efc.o
LOAD hpl/mcan/hpl_mcan.o
LOAD hpl/pmc/hpl_pmc.o
LOAD hpl/pmc/hpl_sleep.o
LOAD hpl/tc/hpl_tc.o
LOAD hpl/uart/hpl_uart.o
LOAD hpl/xdmac/hpl_xdmac.o
LOAD main.o
START GROUP
LOAD c:/program files (x86)/atmel/studio/7.0/toolchain/arm/arm-gnu-toolchain/bin/../lib/gcc/arm-none-eabi/6.3.1/../../../../arm-none-eabi/lib/thumb/v7e-m\libm.a
END GROUP
START GROUP
LOAD c:/program files (x86)/atmel/studio/7.0/toolchain/arm/arm-gnu-toolchain/bin/../lib/gcc/arm-none-eabi/6.3.1/thumb/v7e-m\libgcc.a
LOAD c:/program files (x86)/atmel/studio/7.0/toolchain/arm/arm-gnu-toolchain/bin/../lib/gcc/arm-none-eabi/6.3.1/../../../../arm-none-eabi/lib/thumb/v7e-m\libc_nano.a
END GROUP
START GROUP
LOAD c:/program files (x86)/atmel/studio/7.0/toolchain/arm/arm-gnu-toolchain/bin/../lib/gcc/arm-none-eabi/6.3.1/thumb/v7e-m\libgcc.a
LOAD c:/program files (x86)/atmel/studio/7.0/toolchain/arm/arm-gnu-toolchain/bin/../lib/gcc/arm-none-eabi/6.3.1/../../../../arm-none-eabi/lib/thumb/v7e-m\libc_nano.a
END GROUP
LOAD c:/program files (x86)/atmel/studio/7.0/toolchain/arm/arm-gnu-toolchain/bin/../lib/gcc/arm-none-eabi/6.3.1/thumb/v7e-m/crtend.o
LOAD c:/program files (x86)/atmel/studio/7.0/toolchain/arm/arm-gnu-toolchain/bin/../lib/gcc/arm-none-eabi/6.3.1/thumb/v7e-m/crtn.o
                0x00000400                STACK_SIZE = DEFINED (STACK_SIZE)?STACK_SIZE:DEFINED (__stack_size__)?__stack_size__:0x400
                0x00000200                HEAP_SIZE = DEFINED (HEAP_SIZE)?HEAP_SIZE:DEFINED (__heap_size__)?__heap_size__:0x200

.text           0x00400000     0x45f8
                0x00400000                . = ALIGN (0x4)
                0x00400000                _sfixed = .
 *(.vectors .vectors.*)
 .vectors       0x00400000      0x168 Device_Startup/startup_same70q21b.o
                0x00400000                exception_table
 *(.text .text.* .gnu.linkonce.t.*)
 .text          0x00400168       0x6c c:/program files (x86)/atmel/studio/7.0/toolchain/arm/arm-gnu-toolchain/bin/../lib/gcc/arm-none-eabi/6.3.1/thumb/v7e-m/crtbegin.o
 .text.atmel_start_init
                0x004001d4        0x8 atmel_start.o
                0x004001d4                atmel_start_init
 .text.Dummy_Handler
                0x004001dc        0x2 Device_Startup/startup_same70q21b.o
                0x004001dc                DACC_Handler
                0x004001dc                SVCall_Handler
                0x004001dc                UART3_Handler
                0x004001dc                TRNG_Handler
                0x004001dc                HardFault_Handler
                0x004001dc                TC2_Handler
                0x004001dc                SysTick_Handler
                0x004001dc                PendSV_Handler
                0x004001dc                TC7_Handler
                0x004001dc                QSPI_Handler
                0x004001dc                NonMaskableInt_Handler
                0x004001dc                ISI_Handler
                0x004001dc                TC9_Handler
                0x004001dc                RSWDT_Handler
                0x004001dc                USART0_Handler
                0x004001dc                RTT_Handler
                0x004001dc                USBHS_Handler
                0x004001dc                IXC_Handler
                0x004001dc                CCF_Handler
                0x004001dc                PIOB_Handler
                0x004001dc                RTC_Handler
                0x004001dc                UsageFault_Handler
                0x004001dc                TC6_Handler
                0x004001dc                WDT_Handler
                0x004001dc                MCAN1_INT1_Handler
                0x004001dc                TC4_Handler
                0x004001dc                TC1_Handler
                0x004001dc                HSMCI_Handler
                0x004001dc                TC3_Handler
                0x004001dc                Dummy_Handler
                0x004001dc                TWIHS1_Handler
                0x004001dc                XDMAC_Handler
                0x004001dc                UART4_Handler
                0x004001dc                PWM1_Handler
                0x004001dc                USART1_Handler
                0x004001dc                PWM0_Handler
                0x004001dc                PIOA_Handler
                0x004001dc                CCW_Handler
                0x004001dc                SSC_Handler
                0x004001dc                TC11_Handler
                0x004001dc                ACC_Handler
                0x004001dc                PMC_Handler
                0x004001dc                GMAC_Handler
                0x004001dc                MCAN0_INT1_Handler
                0x004001dc                GMAC_Q5_Handler
                0x004001dc                SUPC_Handler
                0x004001dc                TC8_Handler
                0x004001dc                MCAN1_INT0_Handler
                0x004001dc                GMAC_Q1_Handler
                0x004001dc                USART2_Handler
                0x004001dc                SDRAMC_Handler
                0x004001dc                GMAC_Q2_Handler
                0x004001dc                PIOE_Handler
                0x004001dc                SPI1_Handler
                0x004001dc                TC10_Handler
                0x004001dc                GMAC_Q3_Handler
                0x004001dc                PIOD_Handler
                0x004001dc                TWIHS2_Handler
                0x004001dc                I2SC0_Handler
                0x004001dc                UART0_Handler
                0x004001dc                I2SC1_Handler
                0x004001dc                PIOC_Handler
                0x004001dc                GMAC_Q4_Handler
                0x004001dc                FPU_Handler
                0x004001dc                BusFault_Handler
                0x004001dc                RSTC_Handler
                0x004001dc                MemoryManagement_Handler
                0x004001dc                DebugMonitor_Handler
                0x004001dc                TC5_Handler
                0x004001dc                ICM_Handler
                0x004001dc                AES_Handler
                0x004001dc                TWIHS0_Handler
                0x004001dc                SPI0_Handler
 *fill*         0x004001de        0x2 
 .text.Reset_Handler
                0x004001e0       0x64 Device_Startup/startup_same70q21b.o
                0x004001e0                Reset_Handler
 .text._gpio_set_pin_function
                0x00400244       0x80 driver_init.o
 .text.FLASH_0_init
                0x004002c4       0x14 driver_init.o
                0x004002c4                FLASH_0_init
 .text.UART_MC_1_CLOCK_init
                0x004002d8       0x14 driver_init.o
                0x004002d8                UART_MC_1_CLOCK_init
 .text.UART_MC_1_PORT_init
                0x004002ec       0x1c driver_init.o
                0x004002ec                UART_MC_1_PORT_init
 .text.UART_MC_1_init
                0x00400308       0x40 driver_init.o
                0x00400308                UART_MC_1_init
 .text.UART_MC_2_CLOCK_init
                0x00400348       0x18 driver_init.o
                0x00400348                UART_MC_2_CLOCK_init
 .text.UART_MC_2_PORT_init
                0x00400360       0x1c driver_init.o
                0x00400360                UART_MC_2_PORT_init
 .text.UART_MC_2_init
                0x0040037c       0x40 driver_init.o
                0x0040037c                UART_MC_2_init
 .text.CAN_0_CLOCK_init
                0x004003bc       0x18 driver_init.o
                0x004003bc                CAN_0_CLOCK_init
 .text.CAN_0_PORT_init
                0x004003d4       0x1c driver_init.o
                0x004003d4                CAN_0_PORT_init
 .text.CAN_0_init
                0x004003f0       0x2c driver_init.o
                0x004003f0                CAN_0_init
 .text.system_init
                0x0040041c      0x1e4 driver_init.o
                0x0040041c                system_init
 .text.adc_async_window_threshold_reached
                0x00400600        0x8 hal/src/hal_adc_async.o
 .text.adc_async_error_occured
                0x00400608        0x8 hal/src/hal_adc_async.o
 .text.adc_async_channel_conversion_done
                0x00400610       0x68 hal/src/hal_adc_async.o
 .text.adc_async_init
                0x00400678       0x4c hal/src/hal_adc_async.o
                0x00400678                adc_async_init
 .text.adc_async_register_channel_buffer
                0x004006c4       0x6c hal/src/hal_adc_async.o
                0x004006c4                adc_async_register_channel_buffer
 .text.atomic_enter_critical
                0x00400730        0xe hal/src/hal_atomic.o
                0x00400730                atomic_enter_critical
 .text.atomic_leave_critical
                0x0040073e        0xc hal/src/hal_atomic.o
                0x0040073e                atomic_leave_critical
 .text.can_tx_done
                0x0040074a        0x8 hal/src/hal_can_async.o
 .text.can_rx_done
                0x00400752        0x8 hal/src/hal_can_async.o
 .text.can_irq_handler
                0x0040075a        0x8 hal/src/hal_can_async.o
 *fill*         0x00400762        0x2 
 .text.can_async_init
                0x00400764       0x28 hal/src/hal_can_async.o
                0x00400764                can_async_init
 .text.can_async_enable
                0x0040078c        0x8 hal/src/hal_can_async.o
                0x0040078c                can_async_enable
 .text.can_async_read
                0x00400794        0x8 hal/src/hal_can_async.o
                0x00400794                can_async_read
 .text.can_async_register_callback
                0x0040079c       0x30 hal/src/hal_can_async.o
                0x0040079c                can_async_register_callback
 .text.can_async_set_filter
                0x004007cc       0x10 hal/src/hal_can_async.o
                0x004007cc                can_async_set_filter
 .text.delay_ms
                0x004007dc       0x24 hal/src/hal_delay.o
                0x004007dc                delay_ms
 .text.flash_ready
                0x00400800        0x8 hal/src/hal_flash.o
 .text.flash_error
                0x00400808        0x8 hal/src/hal_flash.o
 .text.flash_init
                0x00400810       0x20 hal/src/hal_flash.o
                0x00400810                flash_init
 .text.io_write
                0x00400830        0x4 hal/src/hal_io.o
                0x00400830                io_write
 .text.io_read  0x00400834        0x4 hal/src/hal_io.o
                0x00400834                io_read
 .text.timer_add_timer_task
                0x00400838       0x4c hal/src/hal_timer.o
 .text.timer_process_counted
                0x00400884       0x6c hal/src/hal_timer.o
 .text.timer_init
                0x004008f0       0x1c hal/src/hal_timer.o
                0x004008f0                timer_init
 .text.timer_start
                0x0040090c       0x24 hal/src/hal_timer.o
                0x0040090c                timer_start
 .text.timer_add_task
                0x00400930       0x7c hal/src/hal_timer.o
                0x00400930                timer_add_task
 .text.usart_transmission_complete
                0x004009ac       0x10 hal/src/hal_usart_async.o
 .text.usart_error
                0x004009bc       0x10 hal/src/hal_usart_async.o
 .text.usart_fill_rx_buffer
                0x004009cc       0x20 hal/src/hal_usart_async.o
 .text.usart_async_write
                0x004009ec       0x34 hal/src/hal_usart_async.o
 .text.usart_process_byte_sent
                0x00400a20       0x34 hal/src/hal_usart_async.o
 .text.usart_async_read
                0x00400a54       0x54 hal/src/hal_usart_async.o
 .text.usart_async_init
                0x00400aa8       0x60 hal/src/hal_usart_async.o
                0x00400aa8                usart_async_init
 .text.usart_async_enable
                0x00400b08       0x10 hal/src/hal_usart_async.o
                0x00400b08                usart_async_enable
 .text.usart_async_register_callback
                0x00400b18       0x48 hal/src/hal_usart_async.o
                0x00400b18                usart_async_register_callback
 .text.is_list_element
                0x00400b60        0xe hal/utils/src/utils_list.o
                0x00400b60                is_list_element
 .text.list_insert_as_head
                0x00400b6e        0x8 hal/utils/src/utils_list.o
                0x00400b6e                list_insert_as_head
 .text.list_insert_after
                0x00400b76        0x8 hal/utils/src/utils_list.o
                0x00400b76                list_insert_after
 .text.list_remove_head
                0x00400b7e        0xc hal/utils/src/utils_list.o
                0x00400b7e                list_remove_head
 .text.ringbuffer_init
                0x00400b8a       0x18 hal/utils/src/utils_ringbuffer.o
                0x00400b8a                ringbuffer_init
 .text.ringbuffer_get
                0x00400ba2       0x22 hal/utils/src/utils_ringbuffer.o
                0x00400ba2                ringbuffer_get
 .text.ringbuffer_put
                0x00400bc4       0x26 hal/utils/src/utils_ringbuffer.o
                0x00400bc4                ringbuffer_put
 .text.ringbuffer_num
                0x00400bea        0x8 hal/utils/src/utils_ringbuffer.o
                0x00400bea                ringbuffer_num
 *fill*         0x00400bf2        0x2 
 .text._sbrk    0x00400bf4       0x1c hal/utils/src/utils_syscalls.o
                0x00400bf4                _sbrk
 .text.__NVIC_DisableIRQ
                0x00400c10       0x28 hpl/afec/hpl_afec.o
 .text._afec_get_regs
                0x00400c38       0x10 hpl/afec/hpl_afec.o
 .text._afec_init
                0x00400c48       0x64 hpl/afec/hpl_afec.o
 .text._afec_interrupt_handler
                0x00400cac       0x72 hpl/afec/hpl_afec.o
 *fill*         0x00400d1e        0x2 
 .text.AFEC0_Handler
                0x00400d20       0x10 hpl/afec/hpl_afec.o
                0x00400d20                AFEC0_Handler
 .text.AFEC1_Handler
                0x00400d30       0x10 hpl/afec/hpl_afec.o
                0x00400d30                AFEC1_Handler
 .text._adc_async_init
                0x00400d40       0x98 hpl/afec/hpl_afec.o
                0x00400d40                _adc_async_init
 .text._adc_async_get_data_size
                0x00400dd8        0x4 hpl/afec/hpl_afec.o
                0x00400dd8                _adc_async_get_data_size
 .text._irq_set
                0x00400ddc       0x20 hpl/core/hpl_core_m7_base.o
                0x00400ddc                _irq_set
 .text._get_cycles_for_ms
                0x00400dfc        0xc hpl/core/hpl_core_m7_base.o
                0x00400dfc                _get_cycles_for_ms
 .text._delay_cycles
                0x00400e08        0x6 hpl/core/hpl_core_m7_base.o
                0x00400e08                _delay_cycles
 *fill*         0x00400e0e        0x2 
 .text._init_chip
                0x00400e10       0x50 hpl/core/hpl_init.o
                0x00400e10                _init_chip
 .text._flash_init
                0x00400e60       0x28 hpl/efc/hpl_efc.o
                0x00400e60                _flash_init
 .text.EFC_Handler
                0x00400e88       0x18 hpl/efc/hpl_efc.o
                0x00400e88                EFC_Handler
 .text._can_async_init
                0x00400ea0       0xe0 hpl/mcan/hpl_mcan.o
                0x00400ea0                _can_async_init
 .text._can_async_enable
                0x00400f80        0xe hpl/mcan/hpl_mcan.o
                0x00400f80                _can_async_enable
 *fill*         0x00400f8e        0x2 
 .text._can_async_read
                0x00400f90       0xc0 hpl/mcan/hpl_mcan.o
                0x00400f90                _can_async_read
 .text._can_async_set_irq_state
                0x00401050       0x40 hpl/mcan/hpl_mcan.o
                0x00401050                _can_async_set_irq_state
 .text._can_async_set_filter
                0x00401090       0x78 hpl/mcan/hpl_mcan.o
                0x00401090                _can_async_set_filter
 .text.MCAN0_INT0_Handler
                0x00401108       0x64 hpl/mcan/hpl_mcan.o
                0x00401108                MCAN0_INT0_Handler
 .text._pmc_init
                0x0040116c       0xac hpl/pmc/hpl_pmc.o
                0x0040116c                _pmc_init
 .text.__NVIC_DisableIRQ
                0x00401218       0x28 hpl/tc/hpl_tc.o
 .text._timer_init
                0x00401240       0x80 hpl/tc/hpl_tc.o
                0x00401240                _timer_init
 .text._timer_start
                0x004012c0        0x8 hpl/tc/hpl_tc.o
                0x004012c0                _timer_start
 .text._timer_is_started
                0x004012c8        0xa hpl/tc/hpl_tc.o
                0x004012c8                _timer_is_started
 *fill*         0x004012d2        0x2 
 .text._timer_set_irq
                0x004012d4       0x20 hpl/tc/hpl_tc.o
                0x004012d4                _timer_set_irq
 .text._tc_get_timer
                0x004012f4        0x4 hpl/tc/hpl_tc.o
                0x004012f4                _tc_get_timer
 .text.TC0_Handler
                0x004012f8       0x18 hpl/tc/hpl_tc.o
                0x004012f8                TC0_Handler
 .text.__NVIC_DisableIRQ
                0x00401310       0x28 hpl/uart/hpl_uart.o
 .text._uart_interrupt_handler
                0x00401338       0x6c hpl/uart/hpl_uart.o
 .text._uart_get_hardware_index
                0x004013a4       0x40 hpl/uart/hpl_uart.o
 .text._get_uart_index
                0x004013e4       0x14 hpl/uart/hpl_uart.o
 .text._usart_async_init
                0x004013f8       0xa0 hpl/uart/hpl_uart.o
                0x004013f8                _usart_async_init
 .text._usart_async_enable
                0x00401498        0x8 hpl/uart/hpl_uart.o
                0x00401498                _usart_async_enable
 .text._usart_async_write_byte
                0x004014a0        0x6 hpl/uart/hpl_uart.o
                0x004014a0                _usart_async_write_byte
 .text._usart_async_enable_byte_sent_irq
                0x004014a6        0x8 hpl/uart/hpl_uart.o
                0x004014a6                _usart_async_enable_byte_sent_irq
 .text._usart_async_enable_tx_done_irq
                0x004014ae        0xa hpl/uart/hpl_uart.o
                0x004014ae                _usart_async_enable_tx_done_irq
 .text._usart_async_set_irq_state
                0x004014b8       0x5a hpl/uart/hpl_uart.o
                0x004014b8                _usart_async_set_irq_state
 .text._uart_get_usart_async
                0x00401512        0x4 hpl/uart/hpl_uart.o
                0x00401512                _uart_get_usart_async
 *fill*         0x00401516        0x2 
 .text.UART1_Handler
                0x00401518       0x10 hpl/uart/hpl_uart.o
                0x00401518                UART1_Handler
 .text.UART2_Handler
                0x00401528       0x10 hpl/uart/hpl_uart.o
                0x00401528                UART2_Handler
 .text.current_time_ms
                0x00401538       0x18 main.o
 .text.TIMER_0_task1_cb
                0x00401550       0x28 main.o
 .text.rx_cb_UART_MC_2
                0x00401578       0x58 main.o
 .text.rx_cb_UART_MC_1
                0x004015d0       0x64 main.o
 .text.inv_parse_rx
                0x00401634       0xc0 main.o
 .text.CAN_0_tx_callback
                0x004016f4       0x18 main.o
 .text.can_rx_queue_initialise
                0x0040170c       0x20 main.o
                0x0040170c                can_rx_queue_initialise
 .text.can_rx_queue_push
                0x0040172c       0x30 main.o
                0x0040172c                can_rx_queue_push
 .text.CAN_0_rx_callback
                0x0040175c       0x34 main.o
 .text.startup.main
                0x00401790      0x164 main.o
                0x00401790                main
 .text.__libc_init_array
                0x004018f4       0x48 c:/program files (x86)/atmel/studio/7.0/toolchain/arm/arm-gnu-toolchain/bin/../lib/gcc/arm-none-eabi/6.3.1/../../../../arm-none-eabi/lib/thumb/v7e-m\libc_nano.a(lib_a-init.o)
                0x004018f4                __libc_init_array
 .text.memcpy   0x0040193c       0x16 c:/program files (x86)/atmel/studio/7.0/toolchain/arm/arm-gnu-toolchain/bin/../lib/gcc/arm-none-eabi/6.3.1/../../../../arm-none-eabi/lib/thumb/v7e-m\libc_nano.a(lib_a-memcpy-stub.o)
                0x0040193c                memcpy
 .text.memset   0x00401952       0x10 c:/program files (x86)/atmel/studio/7.0/toolchain/arm/arm-gnu-toolchain/bin/../lib/gcc/arm-none-eabi/6.3.1/../../../../arm-none-eabi/lib/thumb/v7e-m\libc_nano.a(lib_a-memset.o)
                0x00401952                memset
 .text.unlikely.sulp
                0x00401962       0x42 c:/program files (x86)/atmel/studio/7.0/toolchain/arm/arm-gnu-toolchain/bin/../lib/gcc/arm-none-eabi/6.3.1/../../../../arm-none-eabi/lib/thumb/v7e-m\libc_nano.a(lib_a-strtod.o)
 *fill*         0x004019a4        0x4 
 .text._strtod_l
                0x004019a8      0xbe8 c:/program files (x86)/atmel/studio/7.0/toolchain/arm/arm-gnu-toolchain/bin/../lib/gcc/arm-none-eabi/6.3.1/../../../../arm-none-eabi/lib/thumb/v7e-m\libc_nano.a(lib_a-strtod.o)
                0x004019a8                _strtod_l
 .text.strtof   0x00402590       0x9c c:/program files (x86)/atmel/studio/7.0/toolchain/arm/arm-gnu-toolchain/bin/../lib/gcc/arm-none-eabi/6.3.1/../../../../arm-none-eabi/lib/thumb/v7e-m\libc_nano.a(lib_a-strtod.o)
                0x00402590                strtof
 .text._strtol_l.isra.0
                0x0040262c      0x100 c:/program files (x86)/atmel/studio/7.0/toolchain/arm/arm-gnu-toolchain/bin/../lib/gcc/arm-none-eabi/6.3.1/../../../../arm-none-eabi/lib/thumb/v7e-m\libc_nano.a(lib_a-strtol.o)
 .text.strtol   0x0040272c       0x2c c:/program files (x86)/atmel/studio/7.0/toolchain/arm/arm-gnu-toolchain/bin/../lib/gcc/arm-none-eabi/6.3.1/../../../../arm-none-eabi/lib/thumb/v7e-m\libc_nano.a(lib_a-strtol.o)
                0x0040272c                strtol
 .text.rshift   0x00402758       0x6a c:/program files (x86)/atmel/studio/7.0/toolchain/arm/arm-gnu-toolchain/bin/../lib/gcc/arm-none-eabi/6.3.1/../../../../arm-none-eabi/lib/thumb/v7e-m\libc_nano.a(lib_a-gdtoa-gethex.o)
 .text.__hexdig_fun
                0x004027c2       0x2a c:/program files (x86)/atmel/studio/7.0/toolchain/arm/arm-gnu-toolchain/bin/../lib/gcc/arm-none-eabi/6.3.1/../../../../arm-none-eabi/lib/thumb/v7e-m\libc_nano.a(lib_a-gdtoa-gethex.o)
                0x004027c2                __hexdig_fun
 .text.__gethex
                0x004027ec      0x43c c:/program files (x86)/atmel/studio/7.0/toolchain/arm/arm-gnu-toolchain/bin/../lib/gcc/arm-none-eabi/6.3.1/../../../../arm-none-eabi/lib/thumb/v7e-m\libc_nano.a(lib_a-gdtoa-gethex.o)
                0x004027ec                __gethex
 .text.L_shift  0x00402c28       0x24 c:/program files (x86)/atmel/studio/7.0/toolchain/arm/arm-gnu-toolchain/bin/../lib/gcc/arm-none-eabi/6.3.1/../../../../arm-none-eabi/lib/thumb/v7e-m\libc_nano.a(lib_a-gdtoa-hexnan.o)
 .text.__match  0x00402c4c       0x26 c:/program files (x86)/atmel/studio/7.0/toolchain/arm/arm-gnu-toolchain/bin/../lib/gcc/arm-none-eabi/6.3.1/../../../../arm-none-eabi/lib/thumb/v7e-m\libc_nano.a(lib_a-gdtoa-hexnan.o)
                0x00402c4c                __match
 .text.__hexnan
                0x00402c72      0x120 c:/program files (x86)/atmel/studio/7.0/toolchain/arm/arm-gnu-toolchain/bin/../lib/gcc/arm-none-eabi/6.3.1/../../../../arm-none-eabi/lib/thumb/v7e-m\libc_nano.a(lib_a-gdtoa-hexnan.o)
                0x00402c72                __hexnan
 .text.__locale_ctype_ptr_l
                0x00402d92        0x6 c:/program files (x86)/atmel/studio/7.0/toolchain/arm/arm-gnu-toolchain/bin/../lib/gcc/arm-none-eabi/6.3.1/../../../../arm-none-eabi/lib/thumb/v7e-m\libc_nano.a(lib_a-locale.o)
                0x00402d92                __locale_ctype_ptr_l
 .text.__localeconv_l
                0x00402d98        0x4 c:/program files (x86)/atmel/studio/7.0/toolchain/arm/arm-gnu-toolchain/bin/../lib/gcc/arm-none-eabi/6.3.1/../../../../arm-none-eabi/lib/thumb/v7e-m\libc_nano.a(lib_a-localeconv.o)
                0x00402d98                __localeconv_l
 .text.__ascii_mbtowc
                0x00402d9c       0x24 c:/program files (x86)/atmel/studio/7.0/toolchain/arm/arm-gnu-toolchain/bin/../lib/gcc/arm-none-eabi/6.3.1/../../../../arm-none-eabi/lib/thumb/v7e-m\libc_nano.a(lib_a-mbtowc_r.o)
                0x00402d9c                __ascii_mbtowc
 .text._Balloc  0x00402dc0       0x68 c:/program files (x86)/atmel/studio/7.0/toolchain/arm/arm-gnu-toolchain/bin/../lib/gcc/arm-none-eabi/6.3.1/../../../../arm-none-eabi/lib/thumb/v7e-m\libc_nano.a(lib_a-mprec.o)
                0x00402dc0                _Balloc
 .text._Bfree   0x00402e28       0x2e c:/program files (x86)/atmel/studio/7.0/toolchain/arm/arm-gnu-toolchain/bin/../lib/gcc/arm-none-eabi/6.3.1/../../../../arm-none-eabi/lib/thumb/v7e-m\libc_nano.a(lib_a-mprec.o)
                0x00402e28                _Bfree
 .text.__multadd
                0x00402e56       0x76 c:/program files (x86)/atmel/studio/7.0/toolchain/arm/arm-gnu-toolchain/bin/../lib/gcc/arm-none-eabi/6.3.1/../../../../arm-none-eabi/lib/thumb/v7e-m\libc_nano.a(lib_a-mprec.o)
                0x00402e56                __multadd
 .text.__s2b    0x00402ecc       0x7c c:/program files (x86)/atmel/studio/7.0/toolchain/arm/arm-gnu-toolchain/bin/../lib/gcc/arm-none-eabi/6.3.1/../../../../arm-none-eabi/lib/thumb/v7e-m\libc_nano.a(lib_a-mprec.o)
                0x00402ecc                __s2b
 .text.__hi0bits
                0x00402f48       0x3e c:/program files (x86)/atmel/studio/7.0/toolchain/arm/arm-gnu-toolchain/bin/../lib/gcc/arm-none-eabi/6.3.1/../../../../arm-none-eabi/lib/thumb/v7e-m\libc_nano.a(lib_a-mprec.o)
                0x00402f48                __hi0bits
 .text.__lo0bits
                0x00402f86       0x5e c:/program files (x86)/atmel/studio/7.0/toolchain/arm/arm-gnu-toolchain/bin/../lib/gcc/arm-none-eabi/6.3.1/../../../../arm-none-eabi/lib/thumb/v7e-m\libc_nano.a(lib_a-mprec.o)
                0x00402f86                __lo0bits
 .text.__i2b    0x00402fe4       0x12 c:/program files (x86)/atmel/studio/7.0/toolchain/arm/arm-gnu-toolchain/bin/../lib/gcc/arm-none-eabi/6.3.1/../../../../arm-none-eabi/lib/thumb/v7e-m\libc_nano.a(lib_a-mprec.o)
                0x00402fe4                __i2b
 .text.__multiply
                0x00402ff6      0x11a c:/program files (x86)/atmel/studio/7.0/toolchain/arm/arm-gnu-toolchain/bin/../lib/gcc/arm-none-eabi/6.3.1/../../../../arm-none-eabi/lib/thumb/v7e-m\libc_nano.a(lib_a-mprec.o)
                0x00402ff6                __multiply
 .text.__pow5mult
                0x00403110       0x9c c:/program files (x86)/atmel/studio/7.0/toolchain/arm/arm-gnu-toolchain/bin/../lib/gcc/arm-none-eabi/6.3.1/../../../../arm-none-eabi/lib/thumb/v7e-m\libc_nano.a(lib_a-mprec.o)
                0x00403110                __pow5mult
 .text.__lshift
                0x004031ac       0xa2 c:/program files (x86)/atmel/studio/7.0/toolchain/arm/arm-gnu-toolchain/bin/../lib/gcc/arm-none-eabi/6.3.1/../../../../arm-none-eabi/lib/thumb/v7e-m\libc_nano.a(lib_a-mprec.o)
                0x004031ac                __lshift
 .text.__mcmp   0x0040324e       0x34 c:/program files (x86)/atmel/studio/7.0/toolchain/arm/arm-gnu-toolchain/bin/../lib/gcc/arm-none-eabi/6.3.1/../../../../arm-none-eabi/lib/thumb/v7e-m\libc_nano.a(lib_a-mprec.o)
                0x0040324e                __mcmp
 .text.__mdiff  0x00403282       0xbc c:/program files (x86)/atmel/studio/7.0/toolchain/arm/arm-gnu-toolchain/bin/../lib/gcc/arm-none-eabi/6.3.1/../../../../arm-none-eabi/lib/thumb/v7e-m\libc_nano.a(lib_a-mprec.o)
                0x00403282                __mdiff
 *fill*         0x0040333e        0x2 
 .text.__ulp    0x00403340       0x48 c:/program files (x86)/atmel/studio/7.0/toolchain/arm/arm-gnu-toolchain/bin/../lib/gcc/arm-none-eabi/6.3.1/../../../../arm-none-eabi/lib/thumb/v7e-m\libc_nano.a(lib_a-mprec.o)
                0x00403340                __ulp
 .text.__b2d    0x00403388       0xa4 c:/program files (x86)/atmel/studio/7.0/toolchain/arm/arm-gnu-toolchain/bin/../lib/gcc/arm-none-eabi/6.3.1/../../../../arm-none-eabi/lib/thumb/v7e-m\libc_nano.a(lib_a-mprec.o)
                0x00403388                __b2d
 .text.__d2b    0x0040342c       0x9e c:/program files (x86)/atmel/studio/7.0/toolchain/arm/arm-gnu-toolchain/bin/../lib/gcc/arm-none-eabi/6.3.1/../../../../arm-none-eabi/lib/thumb/v7e-m\libc_nano.a(lib_a-mprec.o)
                0x0040342c                __d2b
 .text.__ratio  0x004034ca       0x50 c:/program files (x86)/atmel/studio/7.0/toolchain/arm/arm-gnu-toolchain/bin/../lib/gcc/arm-none-eabi/6.3.1/../../../../arm-none-eabi/lib/thumb/v7e-m\libc_nano.a(lib_a-mprec.o)
                0x004034ca                __ratio
 .text.__copybits
                0x0040351a       0x34 c:/program files (x86)/atmel/studio/7.0/toolchain/arm/arm-gnu-toolchain/bin/../lib/gcc/arm-none-eabi/6.3.1/../../../../arm-none-eabi/lib/thumb/v7e-m\libc_nano.a(lib_a-mprec.o)
                0x0040351a                __copybits
 .text.__any_on
                0x0040354e       0x42 c:/program files (x86)/atmel/studio/7.0/toolchain/arm/arm-gnu-toolchain/bin/../lib/gcc/arm-none-eabi/6.3.1/../../../../arm-none-eabi/lib/thumb/v7e-m\libc_nano.a(lib_a-mprec.o)
                0x0040354e                __any_on
 .text._calloc_r
                0x00403590       0x1c c:/program files (x86)/atmel/studio/7.0/toolchain/arm/arm-gnu-toolchain/bin/../lib/gcc/arm-none-eabi/6.3.1/../../../../arm-none-eabi/lib/thumb/v7e-m\libc_nano.a(lib_a-nano-callocr.o)
                0x00403590                _calloc_r
 .text._malloc_r
                0x004035ac       0xbc c:/program files (x86)/atmel/studio/7.0/toolchain/arm/arm-gnu-toolchain/bin/../lib/gcc/arm-none-eabi/6.3.1/../../../../arm-none-eabi/lib/thumb/v7e-m\libc_nano.a(lib_a-nano-mallocr.o)
                0x004035ac                _malloc_r
 .text._sbrk_r  0x00403668       0x20 c:/program files (x86)/atmel/studio/7.0/toolchain/arm/arm-gnu-toolchain/bin/../lib/gcc/arm-none-eabi/6.3.1/../../../../arm-none-eabi/lib/thumb/v7e-m\libc_nano.a(lib_a-sbrkr.o)
                0x00403668                _sbrk_r
 .text.nanf     0x00403688        0x8 c:/program files (x86)/atmel/studio/7.0/toolchain/arm/arm-gnu-toolchain/bin/../lib/gcc/arm-none-eabi/6.3.1/../../../../arm-none-eabi/lib/thumb/v7e-m\libc_nano.a(lib_a-sf_nan.o)
                0x00403688                nanf
 .text          0x00403690       0x10 c:/program files (x86)/atmel/studio/7.0/toolchain/arm/arm-gnu-toolchain/bin/../lib/gcc/arm-none-eabi/6.3.1/../../../../arm-none-eabi/lib/thumb/v7e-m\libc_nano.a(lib_a-strlen.o)
                0x00403690                strlen
 .text.strncmp  0x004036a0       0x24 c:/program files (x86)/atmel/studio/7.0/toolchain/arm/arm-gnu-toolchain/bin/../lib/gcc/arm-none-eabi/6.3.1/../../../../arm-none-eabi/lib/thumb/v7e-m\libc_nano.a(lib_a-strncmp.o)
                0x004036a0                strncmp
 .text.__ascii_wctomb
                0x004036c4       0x1a c:/program files (x86)/atmel/studio/7.0/toolchain/arm/arm-gnu-toolchain/bin/../lib/gcc/arm-none-eabi/6.3.1/../../../../arm-none-eabi/lib/thumb/v7e-m\libc_nano.a(lib_a-wctomb_r.o)
                0x004036c4                __ascii_wctomb
 *fill*         0x004036de        0x2 
 .text.malloc   0x004036e0       0x10 c:/program files (x86)/atmel/studio/7.0/toolchain/arm/arm-gnu-toolchain/bin/../lib/gcc/arm-none-eabi/6.3.1/../../../../arm-none-eabi/lib/thumb/v7e-m\libc_nano.a(lib_a-malloc.o)
                0x004036e0                malloc
 .text.__malloc_lock
                0x004036f0        0x2 c:/program files (x86)/atmel/studio/7.0/toolchain/arm/arm-gnu-toolchain/bin/../lib/gcc/arm-none-eabi/6.3.1/../../../../arm-none-eabi/lib/thumb/v7e-m\libc_nano.a(lib_a-mlock.o)
                0x004036f0                __malloc_lock
 .text.__malloc_unlock
                0x004036f2        0x2 c:/program files (x86)/atmel/studio/7.0/toolchain/arm/arm-gnu-toolchain/bin/../lib/gcc/arm-none-eabi/6.3.1/../../../../arm-none-eabi/lib/thumb/v7e-m\libc_nano.a(lib_a-mlock.o)
                0x004036f2                __malloc_unlock
 .text          0x004036f4      0x370 c:/program files (x86)/atmel/studio/7.0/toolchain/arm/arm-gnu-toolchain/bin/../lib/gcc/arm-none-eabi/6.3.1/thumb/v7e-m\libgcc.a(_arm_addsubdf3.o)
                0x004036f4                __aeabi_drsub
                0x004036fc                __aeabi_dsub
                0x004036fc                __subdf3
                0x00403700                __aeabi_dadd
                0x00403700                __adddf3
                0x00403978                __floatunsidf
                0x00403978                __aeabi_ui2d
                0x00403998                __floatsidf
                0x00403998                __aeabi_i2d
                0x004039bc                __aeabi_f2d
                0x004039bc                __extendsfdf2
                0x004039f8                __floatundidf
                0x004039f8                __aeabi_ul2d
                0x00403a08                __floatdidf
                0x00403a08                __aeabi_l2d
 .text          0x00403a64      0x424 c:/program files (x86)/atmel/studio/7.0/toolchain/arm/arm-gnu-toolchain/bin/../lib/gcc/arm-none-eabi/6.3.1/thumb/v7e-m\libgcc.a(_arm_muldivdf3.o)
                0x00403a64                __aeabi_dmul
                0x00403a64                __muldf3
                0x00403cb8                __divdf3
                0x00403cb8                __aeabi_ddiv
 .text          0x00403e88      0x110 c:/program files (x86)/atmel/studio/7.0/toolchain/arm/arm-gnu-toolchain/bin/../lib/gcc/arm-none-eabi/6.3.1/thumb/v7e-m\libgcc.a(_arm_cmpdf2.o)
                0x00403e88                __gtdf2
                0x00403e88                __gedf2
                0x00403e90                __ltdf2
                0x00403e90                __ledf2
                0x00403e98                __nedf2
                0x00403e98                __eqdf2
                0x00403e98                __cmpdf2
                0x00403f14                __aeabi_cdrcmple
                0x00403f24                __aeabi_cdcmpeq
                0x00403f24                __aeabi_cdcmple
                0x00403f34                __aeabi_dcmpeq
                0x00403f48                __aeabi_dcmplt
                0x00403f5c                __aeabi_dcmple
                0x00403f70                __aeabi_dcmpge
                0x00403f84                __aeabi_dcmpgt
 .text          0x00403f98       0x2c c:/program files (x86)/atmel/studio/7.0/toolchain/arm/arm-gnu-toolchain/bin/../lib/gcc/arm-none-eabi/6.3.1/thumb/v7e-m\libgcc.a(_arm_unorddf2.o)
                0x00403f98                __unorddf2
                0x00403f98                __aeabi_dcmpun
 .text          0x00403fc4       0x50 c:/program files (x86)/atmel/studio/7.0/toolchain/arm/arm-gnu-toolchain/bin/../lib/gcc/arm-none-eabi/6.3.1/thumb/v7e-m\libgcc.a(_arm_fixdfsi.o)
                0x00403fc4                __aeabi_d2iz
                0x00403fc4                __fixdfsi
 .text          0x00404014       0x40 c:/program files (x86)/atmel/studio/7.0/toolchain/arm/arm-gnu-toolchain/bin/../lib/gcc/arm-none-eabi/6.3.1/thumb/v7e-m\libgcc.a(_arm_fixunsdfsi.o)
                0x00404014                __aeabi_d2uiz
                0x00404014                __fixunsdfsi
 .text          0x00404054       0xa0 c:/program files (x86)/atmel/studio/7.0/toolchain/arm/arm-gnu-toolchain/bin/../lib/gcc/arm-none-eabi/6.3.1/thumb/v7e-m\libgcc.a(_arm_truncdfsf2.o)
                0x00404054                __truncdfsf2
                0x00404054                __aeabi_d2f
 .text          0x004040f4       0xec c:/program files (x86)/atmel/studio/7.0/toolchain/arm/arm-gnu-toolchain/bin/../lib/gcc/arm-none-eabi/6.3.1/thumb/v7e-m\libgcc.a(_arm_cmpsf2.o)
                0x004040f4                __gesf2
                0x004040f4                __gtsf2
                0x004040fc                __lesf2
                0x004040fc                __ltsf2
                0x00404104                __nesf2
                0x00404104                __eqsf2
                0x00404104                __cmpsf2
                0x00404164                __aeabi_cfrcmple
                0x0040416c                __aeabi_cfcmpeq
                0x0040416c                __aeabi_cfcmple
                0x0040417c                __aeabi_fcmpeq
                0x00404190                __aeabi_fcmplt
                0x004041a4                __aeabi_fcmple
                0x004041b8                __aeabi_fcmpge
                0x004041cc                __aeabi_fcmpgt
 .text          0x004041e0       0x2c c:/program files (x86)/atmel/studio/7.0/toolchain/arm/arm-gnu-toolchain/bin/../lib/gcc/arm-none-eabi/6.3.1/thumb/v7e-m\libgcc.a(_arm_unordsf2.o)
                0x004041e0                __unordsf2
                0x004041e0                __aeabi_fcmpun
 *(.glue_7t)
 .glue_7t       0x0040420c        0x0 linker stubs
 *(.glue_7)
 .glue_7        0x0040420c        0x0 linker stubs
 *(.rodata .rodata* .gnu.linkonce.r.*)
 .rodata        0x0040420c       0xc8 hpl/afec/hpl_afec.o
 .rodata        0x004042d4       0x10 hpl/mcan/hpl_mcan.o
 .rodata        0x004042e4       0x1d hpl/uart/hpl_uart.o
 .rodata.str1.1
                0x00404301        0x4 main.o
 .rodata._strtod_l.str1.1
                0x00404305        0xc c:/program files (x86)/atmel/studio/7.0/toolchain/arm/arm-gnu-toolchain/bin/../lib/gcc/arm-none-eabi/6.3.1/../../../../arm-none-eabi/lib/thumb/v7e-m\libc_nano.a(lib_a-strtod.o)
 *fill*         0x00404311        0x3 
 .rodata.fpi.6129
                0x00404314       0x14 c:/program files (x86)/atmel/studio/7.0/toolchain/arm/arm-gnu-toolchain/bin/../lib/gcc/arm-none-eabi/6.3.1/../../../../arm-none-eabi/lib/thumb/v7e-m\libc_nano.a(lib_a-strtod.o)
 .rodata.fpinan.6165
                0x00404328       0x14 c:/program files (x86)/atmel/studio/7.0/toolchain/arm/arm-gnu-toolchain/bin/../lib/gcc/arm-none-eabi/6.3.1/../../../../arm-none-eabi/lib/thumb/v7e-m\libc_nano.a(lib_a-strtod.o)
 *fill*         0x0040433c        0x4 
 .rodata.tinytens
                0x00404340       0x28 c:/program files (x86)/atmel/studio/7.0/toolchain/arm/arm-gnu-toolchain/bin/../lib/gcc/arm-none-eabi/6.3.1/../../../../arm-none-eabi/lib/thumb/v7e-m\libc_nano.a(lib_a-strtod.o)
 .rodata.__sf_fake_stderr
                0x00404368       0x20 c:/program files (x86)/atmel/studio/7.0/toolchain/arm/arm-gnu-toolchain/bin/../lib/gcc/arm-none-eabi/6.3.1/../../../../arm-none-eabi/lib/thumb/v7e-m\libc_nano.a(lib_a-findfp.o)
                0x00404368                __sf_fake_stderr
 .rodata.__sf_fake_stdin
                0x00404388       0x20 c:/program files (x86)/atmel/studio/7.0/toolchain/arm/arm-gnu-toolchain/bin/../lib/gcc/arm-none-eabi/6.3.1/../../../../arm-none-eabi/lib/thumb/v7e-m\libc_nano.a(lib_a-findfp.o)
                0x00404388                __sf_fake_stdin
 .rodata.__sf_fake_stdout
                0x004043a8       0x20 c:/program files (x86)/atmel/studio/7.0/toolchain/arm/arm-gnu-toolchain/bin/../lib/gcc/arm-none-eabi/6.3.1/../../../../arm-none-eabi/lib/thumb/v7e-m\libc_nano.a(lib_a-findfp.o)
                0x004043a8                __sf_fake_stdout
 .rodata._setlocale_r.str1.1
                0x004043c8        0x8 c:/program files (x86)/atmel/studio/7.0/toolchain/arm/arm-gnu-toolchain/bin/../lib/gcc/arm-none-eabi/6.3.1/../../../../arm-none-eabi/lib/thumb/v7e-m\libc_nano.a(lib_a-locale.o)
                                  0x9 (size before relaxing)
 .rodata.str1.1
                0x004043d0        0x2 c:/program files (x86)/atmel/studio/7.0/toolchain/arm/arm-gnu-toolchain/bin/../lib/gcc/arm-none-eabi/6.3.1/../../../../arm-none-eabi/lib/thumb/v7e-m\libc_nano.a(lib_a-locale.o)
 *fill*         0x004043d2        0x6 
 .rodata.__mprec_bigtens
                0x004043d8       0x28 c:/program files (x86)/atmel/studio/7.0/toolchain/arm/arm-gnu-toolchain/bin/../lib/gcc/arm-none-eabi/6.3.1/../../../../arm-none-eabi/lib/thumb/v7e-m\libc_nano.a(lib_a-mprec.o)
                0x004043d8                __mprec_bigtens
 .rodata.__mprec_tens
                0x00404400       0xc8 c:/program files (x86)/atmel/studio/7.0/toolchain/arm/arm-gnu-toolchain/bin/../lib/gcc/arm-none-eabi/6.3.1/../../../../arm-none-eabi/lib/thumb/v7e-m\libc_nano.a(lib_a-mprec.o)
                0x00404400                __mprec_tens
 .rodata.p05.6047
                0x004044c8        0xc c:/program files (x86)/atmel/studio/7.0/toolchain/arm/arm-gnu-toolchain/bin/../lib/gcc/arm-none-eabi/6.3.1/../../../../arm-none-eabi/lib/thumb/v7e-m\libc_nano.a(lib_a-mprec.o)
 .rodata._ctype_
                0x004044d4      0x101 c:/program files (x86)/atmel/studio/7.0/toolchain/arm/arm-gnu-toolchain/bin/../lib/gcc/arm-none-eabi/6.3.1/../../../../arm-none-eabi/lib/thumb/v7e-m\libc_nano.a(lib_a-ctype_.o)
                0x004044d4                _ctype_
 *(.ARM.extab* .gnu.linkonce.armextab.*)
                0x004045d8                . = ALIGN (0x4)
 *fill*         0x004045d5        0x3 
 *(.init)
 .init          0x004045d8        0x4 c:/program files (x86)/atmel/studio/7.0/toolchain/arm/arm-gnu-toolchain/bin/../lib/gcc/arm-none-eabi/6.3.1/thumb/v7e-m/crti.o
                0x004045d8                _init
 .init          0x004045dc        0x8 c:/program files (x86)/atmel/studio/7.0/toolchain/arm/arm-gnu-toolchain/bin/../lib/gcc/arm-none-eabi/6.3.1/thumb/v7e-m/crtn.o
                0x004045e4                . = ALIGN (0x4)
                0x004045e4                __preinit_array_start = .
 *(.preinit_array)
                0x004045e4                __preinit_array_end = .
                0x004045e4                . = ALIGN (0x4)
                0x004045e4                __init_array_start = .
 *(SORT(.init_array.*))
 *(.init_array)
 .init_array    0x004045e4        0x4 c:/program files (x86)/atmel/studio/7.0/toolchain/arm/arm-gnu-toolchain/bin/../lib/gcc/arm-none-eabi/6.3.1/thumb/v7e-m/crtbegin.o
                0x004045e8                __init_array_end = .
                0x004045e8                . = ALIGN (0x4)
 *crtbegin.o(.ctors)
 *(EXCLUDE_FILE(*crtend.o) .ctors)
 *(SORT(.ctors.*))
 *crtend.o(.ctors)
                0x004045e8                . = ALIGN (0x4)
 *(.fini)
 .fini          0x004045e8        0x4 c:/program files (x86)/atmel/studio/7.0/toolchain/arm/arm-gnu-toolchain/bin/../lib/gcc/arm-none-eabi/6.3.1/thumb/v7e-m/crti.o
                0x004045e8                _fini
 .fini          0x004045ec        0x8 c:/program files (x86)/atmel/studio/7.0/toolchain/arm/arm-gnu-toolchain/bin/../lib/gcc/arm-none-eabi/6.3.1/thumb/v7e-m/crtn.o
                0x004045f4                . = ALIGN (0x4)
                0x004045f4                __fini_array_start = .
 *(.fini_array)
 .fini_array    0x004045f4        0x4 c:/program files (x86)/atmel/studio/7.0/toolchain/arm/arm-gnu-toolchain/bin/../lib/gcc/arm-none-eabi/6.3.1/thumb/v7e-m/crtbegin.o
 *(SORT(.fini_array.*))
                0x004045f8                __fini_array_end = .
 *crtbegin.o(.dtors)
 *(EXCLUDE_FILE(*crtend.o) .dtors)
 *(SORT(.dtors.*))
 *crtend.o(.dtors)
                0x004045f8                . = ALIGN (0x4)
                0x004045f8                _efixed = .
                [!provide]                PROVIDE (__exidx_start, .)

.vfp11_veneer   0x004045f8        0x0
 .vfp11_veneer  0x004045f8        0x0 linker stubs

.v4_bx          0x004045f8        0x0
 .v4_bx         0x004045f8        0x0 linker stubs

.iplt           0x004045f8        0x0
 .iplt          0x004045f8        0x0 c:/program files (x86)/atmel/studio/7.0/toolchain/arm/arm-gnu-toolchain/bin/../lib/gcc/arm-none-eabi/6.3.1/thumb/v7e-m/crtbegin.o

.eh_frame       0x004045f8        0x0
 .eh_frame      0x004045f8        0x0 c:/program files (x86)/atmel/studio/7.0/toolchain/arm/arm-gnu-toolchain/bin/../lib/gcc/arm-none-eabi/6.3.1/thumb/v7e-m/crtbegin.o

.rel.dyn        0x004045f8        0x0
 .rel.iplt      0x004045f8        0x0 c:/program files (x86)/atmel/studio/7.0/toolchain/arm/arm-gnu-toolchain/bin/../lib/gcc/arm-none-eabi/6.3.1/thumb/v7e-m/crtbegin.o

.jcr            0x004045f8        0x0
 .jcr           0x004045f8        0x0 c:/program files (x86)/atmel/studio/7.0/toolchain/arm/arm-gnu-toolchain/bin/../lib/gcc/arm-none-eabi/6.3.1/thumb/v7e-m/crtbegin.o

.igot.plt       0x004045f8        0x0
 .igot.plt      0x004045f8        0x0 c:/program files (x86)/atmel/studio/7.0/toolchain/arm/arm-gnu-toolchain/bin/../lib/gcc/arm-none-eabi/6.3.1/thumb/v7e-m/crtbegin.o

.ARM.exidx
 *(.ARM.exidx* .gnu.linkonce.armexidx.*)
                [!provide]                PROVIDE (__exidx_end, .)
                0x004045f8                . = ALIGN (0x4)
                0x004045f8                _etext = .

.relocate       0x20400000      0x20c load address 0x004045f8
                0x20400000                . = ALIGN (0x4)
                0x20400000                _srelocate = .
 *(.ramfunc .ramfunc.*)
 *(.data .data.*)
 .data          0x20400000       0x14 hpl/mcan/hpl_mcan.o
                0x20400000                _can0_context
 .data          0x20400014       0x24 hpl/tc/hpl_tc.o
 .data          0x20400038        0x4 main.o
 .data._impure_ptr
                0x2040003c        0x4 c:/program files (x86)/atmel/studio/7.0/toolchain/arm/arm-gnu-toolchain/bin/../lib/gcc/arm-none-eabi/6.3.1/../../../../arm-none-eabi/lib/thumb/v7e-m\libc_nano.a(lib_a-impure.o)
                0x2040003c                _impure_ptr
 .data.impure_data
                0x20400040       0x60 c:/program files (x86)/atmel/studio/7.0/toolchain/arm/arm-gnu-toolchain/bin/../lib/gcc/arm-none-eabi/6.3.1/../../../../arm-none-eabi/lib/thumb/v7e-m\libc_nano.a(lib_a-impure.o)
 .data.__global_locale
                0x204000a0      0x16c c:/program files (x86)/atmel/studio/7.0/toolchain/arm/arm-gnu-toolchain/bin/../lib/gcc/arm-none-eabi/6.3.1/../../../../arm-none-eabi/lib/thumb/v7e-m\libc_nano.a(lib_a-locale.o)
                0x204000a0                __global_locale
                0x2040020c                . = ALIGN (0x4)
                0x2040020c                _erelocate = .

.bss            0x2040020c      0x708 load address 0x00404804
                0x2040020c                . = ALIGN (0x4)
                0x2040020c                _sbss = .
                0x2040020c                _szero = .
 *(.bss .bss.*)
 .bss           0x2040020c       0x1c c:/program files (x86)/atmel/studio/7.0/toolchain/arm/arm-gnu-toolchain/bin/../lib/gcc/arm-none-eabi/6.3.1/thumb/v7e-m/crtbegin.o
 .bss           0x20400228       0xb2 driver_init.o
 *fill*         0x204002da        0x2 
 .bss           0x204002dc        0x4 hal/src/hal_delay.o
 .bss           0x204002e0        0x4 hal/utils/src/utils_syscalls.o
 .bss           0x204002e4        0x8 hpl/afec/hpl_afec.o
 .bss           0x204002ec        0x4 hpl/efc/hpl_efc.o
 .bss           0x204002f0       0x2c hpl/mcan/hpl_mcan.o
 .bss           0x2040031c        0x4 hpl/tc/hpl_tc.o
 .bss           0x20400320        0x8 hpl/uart/hpl_uart.o
 .bss           0x20400328      0x132 main.o
                0x20400334                inv2_rx_ptr
                0x204003bc                inv1_rx_ptr
                0x2040043e                can_rx_queue_head
                0x2040043f                can_rx_queue_len
                0x20400440                can_rx_queue_tail
 *fill*         0x2040045a        0x2 
 .bss.__malloc_free_list
                0x2040045c        0x4 c:/program files (x86)/atmel/studio/7.0/toolchain/arm/arm-gnu-toolchain/bin/../lib/gcc/arm-none-eabi/6.3.1/../../../../arm-none-eabi/lib/thumb/v7e-m\libc_nano.a(lib_a-nano-mallocr.o)
                0x2040045c                __malloc_free_list
 .bss.__malloc_sbrk_start
                0x20400460        0x4 c:/program files (x86)/atmel/studio/7.0/toolchain/arm/arm-gnu-toolchain/bin/../lib/gcc/arm-none-eabi/6.3.1/../../../../arm-none-eabi/lib/thumb/v7e-m\libc_nano.a(lib_a-nano-mallocr.o)
                0x20400460                __malloc_sbrk_start
 *(COMMON)
 COMMON         0x20400464      0x218 driver_init.o
                0x20400464                CAN_0
                0x2040048c                FLASH_0
                0x204004a8                UART_MC_1
                0x204004f8                ADC_1_ch
                0x20400570                ADC_0
                0x2040059c                ADC_0_ch
                0x204005e4                UART_MC_2
                0x20400634                ADC_1
                0x20400660                TIMER_0
 COMMON         0x2040067c       0xc0 hpl/mcan/hpl_mcan.o
                0x2040067c                can0_rx_fifo
                0x204006dc                can0_tx_fifo
 COMMON         0x2040073c      0x1d4 main.o
                0x2040073c                can_rx_data_buffer
                0x204007bc                bms
                0x204007c0                comms_active
                0x204007c4                inv2
                0x204007e8                ass
                0x204007ec                can_rx_queue
                0x204008ec                inv1
 COMMON         0x20400910        0x4 c:/program files (x86)/atmel/studio/7.0/toolchain/arm/arm-gnu-toolchain/bin/../lib/gcc/arm-none-eabi/6.3.1/../../../../arm-none-eabi/lib/thumb/v7e-m\libc_nano.a(lib_a-reent.o)
                0x20400910                errno
                0x20400914                . = ALIGN (0x4)
                0x20400914                _ebss = .
                0x20400914                _ezero = .

.heap           0x20400914      0x204 load address 0x00404f0c
                0x20400918                . = ALIGN (0x8)
 *fill*         0x20400914        0x4 
                0x20400918                _sheap = .
                0x20400b18                . = (. + HEAP_SIZE)
 *fill*         0x20400918      0x200 
                0x20400b18                . = ALIGN (0x8)
                0x20400b18                _eheap = .

.stack          0x20400b18      0x400 load address 0x00405110
                0x20400b18                . = ALIGN (0x8)
                0x20400b18                _sstack = .
                0x20400f18                . = (. + STACK_SIZE)
 *fill*         0x20400b18      0x400 
                0x20400f18                . = ALIGN (0x8)
                0x20400f18                _estack = .
                0x20400f18                . = ALIGN (0x4)
                0x20400f18                _end = .
                0x2045ffff                _ram_end_ = ((ORIGIN (ram) + LENGTH (ram)) - 0x1)
OUTPUT(vcu_timer.elf elf32-littlearm)

.ARM.attributes
                0x00000000       0x2e
 .ARM.attributes
                0x00000000       0x1e c:/program files (x86)/atmel/studio/7.0/toolchain/arm/arm-gnu-toolchain/bin/../lib/gcc/arm-none-eabi/6.3.1/thumb/v7e-m/crti.o
 .ARM.attributes
                0x0000001e       0x2e c:/program files (x86)/atmel/studio/7.0/toolchain/arm/arm-gnu-toolchain/bin/../lib/gcc/arm-none-eabi/6.3.1/thumb/v7e-m/crtbegin.o
 .ARM.attributes
                0x0000004c       0x37 atmel_start.o
 .ARM.attributes
                0x00000083       0x37 Device_Startup/startup_same70q21b.o
 .ARM.attributes
                0x000000ba       0x37 driver_init.o
 .ARM.attributes
                0x000000f1       0x37 hal/src/hal_adc_async.o
 .ARM.attributes
                0x00000128       0x37 hal/src/hal_atomic.o
 .ARM.attributes
                0x0000015f       0x37 hal/src/hal_can_async.o
 .ARM.attributes
                0x00000196       0x37 hal/src/hal_delay.o
 .ARM.attributes
                0x000001cd       0x37 hal/src/hal_flash.o
 .ARM.attributes
                0x00000204       0x37 hal/src/hal_io.o
 .ARM.attributes
                0x0000023b       0x37 hal/src/hal_timer.o
 .ARM.attributes
                0x00000272       0x37 hal/src/hal_usart_async.o
 .ARM.attributes
                0x000002a9       0x37 hal/utils/src/utils_list.o
 .ARM.attributes
                0x000002e0       0x37 hal/utils/src/utils_ringbuffer.o
 .ARM.attributes
                0x00000317       0x37 hal/utils/src/utils_syscalls.o
 .ARM.attributes
                0x0000034e       0x37 hpl/afec/hpl_afec.o
 .ARM.attributes
                0x00000385       0x37 hpl/core/hpl_core_m7_base.o
 .ARM.attributes
                0x000003bc       0x37 hpl/core/hpl_init.o
 .ARM.attributes
                0x000003f3       0x37 hpl/efc/hpl_efc.o
 .ARM.attributes
                0x0000042a       0x37 hpl/mcan/hpl_mcan.o
 .ARM.attributes
                0x00000461       0x37 hpl/pmc/hpl_pmc.o
 .ARM.attributes
                0x00000498       0x37 hpl/tc/hpl_tc.o
 .ARM.attributes
                0x000004cf       0x37 hpl/uart/hpl_uart.o
 .ARM.attributes
                0x00000506       0x37 main.o
 .ARM.attributes
                0x0000053d       0x2e c:/program files (x86)/atmel/studio/7.0/toolchain/arm/arm-gnu-toolchain/bin/../lib/gcc/arm-none-eabi/6.3.1/../../../../arm-none-eabi/lib/thumb/v7e-m\libc_nano.a(lib_a-impure.o)
 .ARM.attributes
                0x0000056b       0x2e c:/program files (x86)/atmel/studio/7.0/toolchain/arm/arm-gnu-toolchain/bin/../lib/gcc/arm-none-eabi/6.3.1/../../../../arm-none-eabi/lib/thumb/v7e-m\libc_nano.a(lib_a-init.o)
 .ARM.attributes
                0x00000599       0x2e c:/program files (x86)/atmel/studio/7.0/toolchain/arm/arm-gnu-toolchain/bin/../lib/gcc/arm-none-eabi/6.3.1/../../../../arm-none-eabi/lib/thumb/v7e-m\libc_nano.a(lib_a-memcpy-stub.o)
 .ARM.attributes
                0x000005c7       0x2e c:/program files (x86)/atmel/studio/7.0/toolchain/arm/arm-gnu-toolchain/bin/../lib/gcc/arm-none-eabi/6.3.1/../../../../arm-none-eabi/lib/thumb/v7e-m\libc_nano.a(lib_a-memset.o)
 .ARM.attributes
                0x000005f5       0x2e c:/program files (x86)/atmel/studio/7.0/toolchain/arm/arm-gnu-toolchain/bin/../lib/gcc/arm-none-eabi/6.3.1/../../../../arm-none-eabi/lib/thumb/v7e-m\libc_nano.a(lib_a-strtod.o)
 .ARM.attributes
                0x00000623       0x2e c:/program files (x86)/atmel/studio/7.0/toolchain/arm/arm-gnu-toolchain/bin/../lib/gcc/arm-none-eabi/6.3.1/../../../../arm-none-eabi/lib/thumb/v7e-m\libc_nano.a(lib_a-strtol.o)
 .ARM.attributes
                0x00000651       0x2e c:/program files (x86)/atmel/studio/7.0/toolchain/arm/arm-gnu-toolchain/bin/../lib/gcc/arm-none-eabi/6.3.1/../../../../arm-none-eabi/lib/thumb/v7e-m\libc_nano.a(lib_a-findfp.o)
 .ARM.attributes
                0x0000067f       0x2e c:/program files (x86)/atmel/studio/7.0/toolchain/arm/arm-gnu-toolchain/bin/../lib/gcc/arm-none-eabi/6.3.1/../../../../arm-none-eabi/lib/thumb/v7e-m\libc_nano.a(lib_a-gdtoa-gethex.o)
 .ARM.attributes
                0x000006ad       0x2e c:/program files (x86)/atmel/studio/7.0/toolchain/arm/arm-gnu-toolchain/bin/../lib/gcc/arm-none-eabi/6.3.1/../../../../arm-none-eabi/lib/thumb/v7e-m\libc_nano.a(lib_a-gdtoa-hexnan.o)
 .ARM.attributes
                0x000006db       0x2e c:/program files (x86)/atmel/studio/7.0/toolchain/arm/arm-gnu-toolchain/bin/../lib/gcc/arm-none-eabi/6.3.1/../../../../arm-none-eabi/lib/thumb/v7e-m\libc_nano.a(lib_a-locale.o)
 .ARM.attributes
                0x00000709       0x2e c:/program files (x86)/atmel/studio/7.0/toolchain/arm/arm-gnu-toolchain/bin/../lib/gcc/arm-none-eabi/6.3.1/../../../../arm-none-eabi/lib/thumb/v7e-m\libc_nano.a(lib_a-localeconv.o)
 .ARM.attributes
                0x00000737       0x2e c:/program files (x86)/atmel/studio/7.0/toolchain/arm/arm-gnu-toolchain/bin/../lib/gcc/arm-none-eabi/6.3.1/../../../../arm-none-eabi/lib/thumb/v7e-m\libc_nano.a(lib_a-mbtowc_r.o)
 .ARM.attributes
                0x00000765       0x2e c:/program files (x86)/atmel/studio/7.0/toolchain/arm/arm-gnu-toolchain/bin/../lib/gcc/arm-none-eabi/6.3.1/../../../../arm-none-eabi/lib/thumb/v7e-m\libc_nano.a(lib_a-mprec.o)
 .ARM.attributes
                0x00000793       0x2e c:/program files (x86)/atmel/studio/7.0/toolchain/arm/arm-gnu-toolchain/bin/../lib/gcc/arm-none-eabi/6.3.1/../../../../arm-none-eabi/lib/thumb/v7e-m\libc_nano.a(lib_a-nano-callocr.o)
 .ARM.attributes
                0x000007c1       0x2e c:/program files (x86)/atmel/studio/7.0/toolchain/arm/arm-gnu-toolchain/bin/../lib/gcc/arm-none-eabi/6.3.1/../../../../arm-none-eabi/lib/thumb/v7e-m\libc_nano.a(lib_a-nano-mallocr.o)
 .ARM.attributes
                0x000007ef       0x2e c:/program files (x86)/atmel/studio/7.0/toolchain/arm/arm-gnu-toolchain/bin/../lib/gcc/arm-none-eabi/6.3.1/../../../../arm-none-eabi/lib/thumb/v7e-m\libc_nano.a(lib_a-sbrkr.o)
 .ARM.attributes
                0x0000081d       0x2e c:/program files (x86)/atmel/studio/7.0/toolchain/arm/arm-gnu-toolchain/bin/../lib/gcc/arm-none-eabi/6.3.1/../../../../arm-none-eabi/lib/thumb/v7e-m\libc_nano.a(lib_a-sf_nan.o)
 .ARM.attributes
                0x0000084b       0x17 c:/program files (x86)/atmel/studio/7.0/toolchain/arm/arm-gnu-toolchain/bin/../lib/gcc/arm-none-eabi/6.3.1/../../../../arm-none-eabi/lib/thumb/v7e-m\libc_nano.a(lib_a-strlen.o)
 .ARM.attributes
                0x00000862       0x2e c:/program files (x86)/atmel/studio/7.0/toolchain/arm/arm-gnu-toolchain/bin/../lib/gcc/arm-none-eabi/6.3.1/../../../../arm-none-eabi/lib/thumb/v7e-m\libc_nano.a(lib_a-strncmp.o)
 .ARM.attributes
                0x00000890       0x2e c:/program files (x86)/atmel/studio/7.0/toolchain/arm/arm-gnu-toolchain/bin/../lib/gcc/arm-none-eabi/6.3.1/../../../../arm-none-eabi/lib/thumb/v7e-m\libc_nano.a(lib_a-wctomb_r.o)
 .ARM.attributes
                0x000008be       0x2e c:/program files (x86)/atmel/studio/7.0/toolchain/arm/arm-gnu-toolchain/bin/../lib/gcc/arm-none-eabi/6.3.1/../../../../arm-none-eabi/lib/thumb/v7e-m\libc_nano.a(lib_a-ctype_.o)
 .ARM.attributes
                0x000008ec       0x2e c:/program files (x86)/atmel/studio/7.0/toolchain/arm/arm-gnu-toolchain/bin/../lib/gcc/arm-none-eabi/6.3.1/../../../../arm-none-eabi/lib/thumb/v7e-m\libc_nano.a(lib_a-malloc.o)
 .ARM.attributes
                0x0000091a       0x2e c:/program files (x86)/atmel/studio/7.0/toolchain/arm/arm-gnu-toolchain/bin/../lib/gcc/arm-none-eabi/6.3.1/../../../../arm-none-eabi/lib/thumb/v7e-m\libc_nano.a(lib_a-mlock.o)
 .ARM.attributes
                0x00000948       0x2e c:/program files (x86)/atmel/studio/7.0/toolchain/arm/arm-gnu-toolchain/bin/../lib/gcc/arm-none-eabi/6.3.1/../../../../arm-none-eabi/lib/thumb/v7e-m\libc_nano.a(lib_a-reent.o)
 .ARM.attributes
                0x00000976       0x1e c:/program files (x86)/atmel/studio/7.0/toolchain/arm/arm-gnu-toolchain/bin/../lib/gcc/arm-none-eabi/6.3.1/thumb/v7e-m\libgcc.a(_arm_addsubdf3.o)
 .ARM.attributes
                0x00000994       0x1e c:/program files (x86)/atmel/studio/7.0/toolchain/arm/arm-gnu-toolchain/bin/../lib/gcc/arm-none-eabi/6.3.1/thumb/v7e-m\libgcc.a(_arm_muldivdf3.o)
 .ARM.attributes
                0x000009b2       0x1e c:/program files (x86)/atmel/studio/7.0/toolchain/arm/arm-gnu-toolchain/bin/../lib/gcc/arm-none-eabi/6.3.1/thumb/v7e-m\libgcc.a(_arm_cmpdf2.o)
 .ARM.attributes
                0x000009d0       0x1e c:/program files (x86)/atmel/studio/7.0/toolchain/arm/arm-gnu-toolchain/bin/../lib/gcc/arm-none-eabi/6.3.1/thumb/v7e-m\libgcc.a(_arm_unorddf2.o)
 .ARM.attributes
                0x000009ee       0x1e c:/program files (x86)/atmel/studio/7.0/toolchain/arm/arm-gnu-toolchain/bin/../lib/gcc/arm-none-eabi/6.3.1/thumb/v7e-m\libgcc.a(_arm_fixdfsi.o)
 .ARM.attributes
                0x00000a0c       0x1e c:/program files (x86)/atmel/studio/7.0/toolchain/arm/arm-gnu-toolchain/bin/../lib/gcc/arm-none-eabi/6.3.1/thumb/v7e-m\libgcc.a(_arm_fixunsdfsi.o)
 .ARM.attributes
                0x00000a2a       0x1e c:/program files (x86)/atmel/studio/7.0/toolchain/arm/arm-gnu-toolchain/bin/../lib/gcc/arm-none-eabi/6.3.1/thumb/v7e-m\libgcc.a(_arm_truncdfsf2.o)
 .ARM.attributes
                0x00000a48       0x1e c:/program files (x86)/atmel/studio/7.0/toolchain/arm/arm-gnu-toolchain/bin/../lib/gcc/arm-none-eabi/6.3.1/thumb/v7e-m\libgcc.a(_arm_cmpsf2.o)
 .ARM.attributes
                0x00000a66       0x1e c:/program files (x86)/atmel/studio/7.0/toolchain/arm/arm-gnu-toolchain/bin/../lib/gcc/arm-none-eabi/6.3.1/thumb/v7e-m\libgcc.a(_arm_unordsf2.o)
 .ARM.attributes
                0x00000a84       0x1e c:/program files (x86)/atmel/studio/7.0/toolchain/arm/arm-gnu-toolchain/bin/../lib/gcc/arm-none-eabi/6.3.1/thumb/v7e-m/crtn.o

.comment        0x00000000       0x59
 .comment       0x00000000       0x59 atmel_start.o
                                 0x5a (size before relaxing)
 .comment       0x00000059       0x5a Device_Startup/startup_same70q21b.o
 .comment       0x00000059       0x5a driver_init.o
 .comment       0x00000059       0x5a hal/src/hal_adc_async.o
 .comment       0x00000059       0x5a hal/src/hal_atomic.o
 .comment       0x00000059       0x5a hal/src/hal_can_async.o
 .comment       0x00000059       0x5a hal/src/hal_delay.o
 .comment       0x00000059       0x5a hal/src/hal_flash.o
 .comment       0x00000059       0x5a hal/src/hal_io.o
 .comment       0x00000059       0x5a hal/src/hal_timer.o
 .comment       0x00000059       0x5a hal/src/hal_usart_async.o
 .comment       0x00000059       0x5a hal/utils/src/utils_list.o
 .comment       0x00000059       0x5a hal/utils/src/utils_ringbuffer.o
 .comment       0x00000059       0x5a hal/utils/src/utils_syscalls.o
 .comment       0x00000059       0x5a hpl/afec/hpl_afec.o
 .comment       0x00000059       0x5a hpl/core/hpl_core_m7_base.o
 .comment       0x00000059       0x5a hpl/core/hpl_init.o
 .comment       0x00000059       0x5a hpl/efc/hpl_efc.o
 .comment       0x00000059       0x5a hpl/mcan/hpl_mcan.o
 .comment       0x00000059       0x5a hpl/pmc/hpl_pmc.o
 .comment       0x00000059       0x5a hpl/tc/hpl_tc.o
 .comment       0x00000059       0x5a hpl/uart/hpl_uart.o
 .comment       0x00000059       0x5a main.o

.debug_frame    0x00000000      0xc2c
 .debug_frame   0x00000000       0x2c c:/program files (x86)/atmel/studio/7.0/toolchain/arm/arm-gnu-toolchain/bin/../lib/gcc/arm-none-eabi/6.3.1/../../../../arm-none-eabi/lib/thumb/v7e-m\libc_nano.a(lib_a-init.o)
 .debug_frame   0x0000002c       0x28 c:/program files (x86)/atmel/studio/7.0/toolchain/arm/arm-gnu-toolchain/bin/../lib/gcc/arm-none-eabi/6.3.1/../../../../arm-none-eabi/lib/thumb/v7e-m\libc_nano.a(lib_a-memcpy-stub.o)
 .debug_frame   0x00000054       0x20 c:/program files (x86)/atmel/studio/7.0/toolchain/arm/arm-gnu-toolchain/bin/../lib/gcc/arm-none-eabi/6.3.1/../../../../arm-none-eabi/lib/thumb/v7e-m\libc_nano.a(lib_a-memset.o)
 .debug_frame   0x00000074      0x100 c:/program files (x86)/atmel/studio/7.0/toolchain/arm/arm-gnu-toolchain/bin/../lib/gcc/arm-none-eabi/6.3.1/../../../../arm-none-eabi/lib/thumb/v7e-m\libc_nano.a(lib_a-strtod.o)
 .debug_frame   0x00000174       0x88 c:/program files (x86)/atmel/studio/7.0/toolchain/arm/arm-gnu-toolchain/bin/../lib/gcc/arm-none-eabi/6.3.1/../../../../arm-none-eabi/lib/thumb/v7e-m\libc_nano.a(lib_a-strtol.o)
 .debug_frame   0x000001fc      0x11c c:/program files (x86)/atmel/studio/7.0/toolchain/arm/arm-gnu-toolchain/bin/../lib/gcc/arm-none-eabi/6.3.1/../../../../arm-none-eabi/lib/thumb/v7e-m\libc_nano.a(lib_a-findfp.o)
 .debug_frame   0x00000318       0x70 c:/program files (x86)/atmel/studio/7.0/toolchain/arm/arm-gnu-toolchain/bin/../lib/gcc/arm-none-eabi/6.3.1/../../../../arm-none-eabi/lib/thumb/v7e-m\libc_nano.a(lib_a-gdtoa-gethex.o)
 .debug_frame   0x00000388       0x74 c:/program files (x86)/atmel/studio/7.0/toolchain/arm/arm-gnu-toolchain/bin/../lib/gcc/arm-none-eabi/6.3.1/../../../../arm-none-eabi/lib/thumb/v7e-m\libc_nano.a(lib_a-gdtoa-hexnan.o)
 .debug_frame   0x000003fc       0x68 c:/program files (x86)/atmel/studio/7.0/toolchain/arm/arm-gnu-toolchain/bin/../lib/gcc/arm-none-eabi/6.3.1/../../../../arm-none-eabi/lib/thumb/v7e-m\libc_nano.a(lib_a-locale.o)
 .debug_frame   0x00000464       0x40 c:/program files (x86)/atmel/studio/7.0/toolchain/arm/arm-gnu-toolchain/bin/../lib/gcc/arm-none-eabi/6.3.1/../../../../arm-none-eabi/lib/thumb/v7e-m\libc_nano.a(lib_a-localeconv.o)
 .debug_frame   0x000004a4       0x48 c:/program files (x86)/atmel/studio/7.0/toolchain/arm/arm-gnu-toolchain/bin/../lib/gcc/arm-none-eabi/6.3.1/../../../../arm-none-eabi/lib/thumb/v7e-m\libc_nano.a(lib_a-mbtowc_r.o)
 .debug_frame   0x000004ec      0x244 c:/program files (x86)/atmel/studio/7.0/toolchain/arm/arm-gnu-toolchain/bin/../lib/gcc/arm-none-eabi/6.3.1/../../../../arm-none-eabi/lib/thumb/v7e-m\libc_nano.a(lib_a-mprec.o)
 .debug_frame   0x00000730       0x2c c:/program files (x86)/atmel/studio/7.0/toolchain/arm/arm-gnu-toolchain/bin/../lib/gcc/arm-none-eabi/6.3.1/../../../../arm-none-eabi/lib/thumb/v7e-m\libc_nano.a(lib_a-nano-callocr.o)
 .debug_frame   0x0000075c       0x2c c:/program files (x86)/atmel/studio/7.0/toolchain/arm/arm-gnu-toolchain/bin/../lib/gcc/arm-none-eabi/6.3.1/../../../../arm-none-eabi/lib/thumb/v7e-m\libc_nano.a(lib_a-nano-mallocr.o)
 .debug_frame   0x00000788       0x2c c:/program files (x86)/atmel/studio/7.0/toolchain/arm/arm-gnu-toolchain/bin/../lib/gcc/arm-none-eabi/6.3.1/../../../../arm-none-eabi/lib/thumb/v7e-m\libc_nano.a(lib_a-sbrkr.o)
 .debug_frame   0x000007b4       0x20 c:/program files (x86)/atmel/studio/7.0/toolchain/arm/arm-gnu-toolchain/bin/../lib/gcc/arm-none-eabi/6.3.1/../../../../arm-none-eabi/lib/thumb/v7e-m\libc_nano.a(lib_a-sf_nan.o)
 .debug_frame   0x000007d4       0x28 c:/program files (x86)/atmel/studio/7.0/toolchain/arm/arm-gnu-toolchain/bin/../lib/gcc/arm-none-eabi/6.3.1/../../../../arm-none-eabi/lib/thumb/v7e-m\libc_nano.a(lib_a-strncmp.o)
 .debug_frame   0x000007fc       0x3c c:/program files (x86)/atmel/studio/7.0/toolchain/arm/arm-gnu-toolchain/bin/../lib/gcc/arm-none-eabi/6.3.1/../../../../arm-none-eabi/lib/thumb/v7e-m\libc_nano.a(lib_a-wctomb_r.o)
 .debug_frame   0x00000838       0x30 c:/program files (x86)/atmel/studio/7.0/toolchain/arm/arm-gnu-toolchain/bin/../lib/gcc/arm-none-eabi/6.3.1/../../../../arm-none-eabi/lib/thumb/v7e-m\libc_nano.a(lib_a-malloc.o)
 .debug_frame   0x00000868       0x30 c:/program files (x86)/atmel/studio/7.0/toolchain/arm/arm-gnu-toolchain/bin/../lib/gcc/arm-none-eabi/6.3.1/../../../../arm-none-eabi/lib/thumb/v7e-m\libc_nano.a(lib_a-mlock.o)
 .debug_frame   0x00000898       0x5c c:/program files (x86)/atmel/studio/7.0/toolchain/arm/arm-gnu-toolchain/bin/../lib/gcc/arm-none-eabi/6.3.1/../../../../arm-none-eabi/lib/thumb/v7e-m\libc_nano.a(lib_a-reent.o)
 .debug_frame   0x000008f4       0xac c:/program files (x86)/atmel/studio/7.0/toolchain/arm/arm-gnu-toolchain/bin/../lib/gcc/arm-none-eabi/6.3.1/thumb/v7e-m\libgcc.a(_arm_addsubdf3.o)
 .debug_frame   0x000009a0       0x50 c:/program files (x86)/atmel/studio/7.0/toolchain/arm/arm-gnu-toolchain/bin/../lib/gcc/arm-none-eabi/6.3.1/thumb/v7e-m\libgcc.a(_arm_muldivdf3.o)
 .debug_frame   0x000009f0       0xc4 c:/program files (x86)/atmel/studio/7.0/toolchain/arm/arm-gnu-toolchain/bin/../lib/gcc/arm-none-eabi/6.3.1/thumb/v7e-m\libgcc.a(_arm_cmpdf2.o)
 .debug_frame   0x00000ab4       0x20 c:/program files (x86)/atmel/studio/7.0/toolchain/arm/arm-gnu-toolchain/bin/../lib/gcc/arm-none-eabi/6.3.1/thumb/v7e-m\libgcc.a(_arm_unorddf2.o)
 .debug_frame   0x00000ad4       0x24 c:/program files (x86)/atmel/studio/7.0/toolchain/arm/arm-gnu-toolchain/bin/../lib/gcc/arm-none-eabi/6.3.1/thumb/v7e-m\libgcc.a(_arm_fixdfsi.o)
 .debug_frame   0x00000af8       0x24 c:/program files (x86)/atmel/studio/7.0/toolchain/arm/arm-gnu-toolchain/bin/../lib/gcc/arm-none-eabi/6.3.1/thumb/v7e-m\libgcc.a(_arm_fixunsdfsi.o)
 .debug_frame   0x00000b1c       0x24 c:/program files (x86)/atmel/studio/7.0/toolchain/arm/arm-gnu-toolchain/bin/../lib/gcc/arm-none-eabi/6.3.1/thumb/v7e-m\libgcc.a(_arm_truncdfsf2.o)
 .debug_frame   0x00000b40       0xc8 c:/program files (x86)/atmel/studio/7.0/toolchain/arm/arm-gnu-toolchain/bin/../lib/gcc/arm-none-eabi/6.3.1/thumb/v7e-m\libgcc.a(_arm_cmpsf2.o)
 .debug_frame   0x00000c08       0x24 c:/program files (x86)/atmel/studio/7.0/toolchain/arm/arm-gnu-toolchain/bin/../lib/gcc/arm-none-eabi/6.3.1/thumb/v7e-m\libgcc.a(_arm_unordsf2.o)
