Archive member included to satisfy reference by file (symbol)

c:/program files (x86)/atmel/studio/7.0/toolchain/arm/arm-gnu-toolchain/bin/../lib/gcc/arm-none-eabi/6.3.1/../../../../arm-none-eabi/lib/thumb/v7e-m\libc_nano.a(lib_a-exit.o)
                              c:/program files (x86)/atmel/studio/7.0/toolchain/arm/arm-gnu-toolchain/bin/../lib/gcc/arm-none-eabi/6.3.1/../../../../arm-none-eabi/lib/thumb/v7e-m/crt0.o (exit)
c:/program files (x86)/atmel/studio/7.0/toolchain/arm/arm-gnu-toolchain/bin/../lib/gcc/arm-none-eabi/6.3.1/../../../../arm-none-eabi/lib/thumb/v7e-m\libc_nano.a(lib_a-impure.o)
                              c:/program files (x86)/atmel/studio/7.0/toolchain/arm/arm-gnu-toolchain/bin/../lib/gcc/arm-none-eabi/6.3.1/../../../../arm-none-eabi/lib/thumb/v7e-m\libc_nano.a(lib_a-exit.o) (_global_impure_ptr)
c:/program files (x86)/atmel/studio/7.0/toolchain/arm/arm-gnu-toolchain/bin/../lib/gcc/arm-none-eabi/6.3.1/../../../../arm-none-eabi/lib/thumb/v7e-m\libc_nano.a(lib_a-init.o)
                              c:/program files (x86)/atmel/studio/7.0/toolchain/arm/arm-gnu-toolchain/bin/../lib/gcc/arm-none-eabi/6.3.1/../../../../arm-none-eabi/lib/thumb/v7e-m/crt0.o (__libc_init_array)
c:/program files (x86)/atmel/studio/7.0/toolchain/arm/arm-gnu-toolchain/bin/../lib/gcc/arm-none-eabi/6.3.1/../../../../arm-none-eabi/lib/thumb/v7e-m\libc_nano.a(lib_a-memcpy-stub.o)
                              hpl/efc/hpl_efc.o (memcpy)
c:/program files (x86)/atmel/studio/7.0/toolchain/arm/arm-gnu-toolchain/bin/../lib/gcc/arm-none-eabi/6.3.1/../../../../arm-none-eabi/lib/thumb/v7e-m\libc_nano.a(lib_a-memset.o)
                              c:/program files (x86)/atmel/studio/7.0/toolchain/arm/arm-gnu-toolchain/bin/../lib/gcc/arm-none-eabi/6.3.1/../../../../arm-none-eabi/lib/thumb/v7e-m/crt0.o (memset)
c:/program files (x86)/atmel/studio/7.0/toolchain/arm/arm-gnu-toolchain/bin/../lib/gcc/arm-none-eabi/6.3.1/../../../../arm-none-eabi/lib/thumb/v7e-m\libc_nano.a(lib_a-printf.o)
                              hal/utils/src/utils_syscalls.o (printf)
c:/program files (x86)/atmel/studio/7.0/toolchain/arm/arm-gnu-toolchain/bin/../lib/gcc/arm-none-eabi/6.3.1/../../../../arm-none-eabi/lib/thumb/v7e-m\libc_nano.a(lib_a-puts.o)
                              stdio_start.o (puts)
c:/program files (x86)/atmel/studio/7.0/toolchain/arm/arm-gnu-toolchain/bin/../lib/gcc/arm-none-eabi/6.3.1/../../../../arm-none-eabi/lib/thumb/v7e-m\libc_nano.a(lib_a-setbuf.o)
                              stdio_redirect/stdio_io.o (setbuf)
c:/program files (x86)/atmel/studio/7.0/toolchain/arm/arm-gnu-toolchain/bin/../lib/gcc/arm-none-eabi/6.3.1/../../../../arm-none-eabi/lib/thumb/v7e-m\libc_nano.a(lib_a-setvbuf.o)
                              c:/program files (x86)/atmel/studio/7.0/toolchain/arm/arm-gnu-toolchain/bin/../lib/gcc/arm-none-eabi/6.3.1/../../../../arm-none-eabi/lib/thumb/v7e-m\libc_nano.a(lib_a-setbuf.o) (setvbuf)
c:/program files (x86)/atmel/studio/7.0/toolchain/arm/arm-gnu-toolchain/bin/../lib/gcc/arm-none-eabi/6.3.1/../../../../arm-none-eabi/lib/thumb/v7e-m\libc_nano.a(lib_a-wbuf.o)
                              c:/program files (x86)/atmel/studio/7.0/toolchain/arm/arm-gnu-toolchain/bin/../lib/gcc/arm-none-eabi/6.3.1/../../../../arm-none-eabi/lib/thumb/v7e-m\libc_nano.a(lib_a-puts.o) (__swbuf_r)
c:/program files (x86)/atmel/studio/7.0/toolchain/arm/arm-gnu-toolchain/bin/../lib/gcc/arm-none-eabi/6.3.1/../../../../arm-none-eabi/lib/thumb/v7e-m\libc_nano.a(lib_a-wsetup.o)
                              c:/program files (x86)/atmel/studio/7.0/toolchain/arm/arm-gnu-toolchain/bin/../lib/gcc/arm-none-eabi/6.3.1/../../../../arm-none-eabi/lib/thumb/v7e-m\libc_nano.a(lib_a-puts.o) (__swsetup_r)
c:/program files (x86)/atmel/studio/7.0/toolchain/arm/arm-gnu-toolchain/bin/../lib/gcc/arm-none-eabi/6.3.1/../../../../arm-none-eabi/lib/thumb/v7e-m\libc_nano.a(lib_a-fflush.o)
                              c:/program files (x86)/atmel/studio/7.0/toolchain/arm/arm-gnu-toolchain/bin/../lib/gcc/arm-none-eabi/6.3.1/../../../../arm-none-eabi/lib/thumb/v7e-m\libc_nano.a(lib_a-setvbuf.o) (_fflush_r)
c:/program files (x86)/atmel/studio/7.0/toolchain/arm/arm-gnu-toolchain/bin/../lib/gcc/arm-none-eabi/6.3.1/../../../../arm-none-eabi/lib/thumb/v7e-m\libc_nano.a(lib_a-findfp.o)
                              c:/program files (x86)/atmel/studio/7.0/toolchain/arm/arm-gnu-toolchain/bin/../lib/gcc/arm-none-eabi/6.3.1/../../../../arm-none-eabi/lib/thumb/v7e-m\libc_nano.a(lib_a-printf.o) (__sinit)
c:/program files (x86)/atmel/studio/7.0/toolchain/arm/arm-gnu-toolchain/bin/../lib/gcc/arm-none-eabi/6.3.1/../../../../arm-none-eabi/lib/thumb/v7e-m\libc_nano.a(lib_a-fwalk.o)
                              c:/program files (x86)/atmel/studio/7.0/toolchain/arm/arm-gnu-toolchain/bin/../lib/gcc/arm-none-eabi/6.3.1/../../../../arm-none-eabi/lib/thumb/v7e-m\libc_nano.a(lib_a-findfp.o) (_fwalk)
[...]
Memory Configuration

Name             Origin             Length             Attributes
rom              0x00400000         0x00200000         xr
ram              0x20400000         0x00060000         xrw
*default*        0x00000000         0xffffffff

Linker script and memory map

LOAD c:/program files (x86)/atmel/studio/7.0/toolchain/arm/arm-gnu-toolchain/bin/../lib/gcc/arm-none-eabi/6.3.1/thumb/v7e-m/crti.o
LOAD c:/program files (x86)/atmel/studio/7.0/toolchain/arm/arm-gnu-toolchain/bin/../lib/gcc/arm-none-eabi/6.3.1/thumb/v7e-m/crtbegin.o
LOAD c:/program files (x86)/atmel/studio/7.0/toolchain/arm/arm-gnu-toolchain/bin/../lib/gcc/arm-none-eabi/6.3.1/../../../../arm-none-eabi/lib/thumb/v7e-m/crt0.o
LOAD atmel_start.o
LOAD Device_Startup/startup_same70q21b.o
LOAD Device_Startup/system_same70q21b.o
LOAD driver_init.o
LOAD examples/driver_examples.o
LOAD hal/src/hal_adc_async.o
LOAD hal/src/hal_atomic.o
LOAD hal/src/hal_can_async.o
LOAD hal/src/hal_delay.o
LOAD hal/src/hal_flash.o
LOAD hal/src/hal_gpio.o
LOAD hal/src/hal_init.o
LOAD hal/src/hal_io.o
LOAD hal/src/hal_sleep.o
LOAD hal/src/hal_timer.o
LOAD hal/src/hal_usart_async.o
LOAD hal/src/hal_usart_sync.o
LOAD hal/utils/src/utils_assert.o
LOAD hal/utils/src/utils_event.o
LOAD hal/utils/src/utils_list.o
LOAD hal/utils/src/utils_ringbuffer.o
LOAD hal/utils/src/utils_syscalls.o
LOAD hpl/afec/hpl_afec.o
LOAD hpl/core/hpl_core_m7_base.o
LOAD hpl/core/hpl_init.o
LOAD hpl/efc/hpl_efc.o
LOAD hpl/mcan/hpl_mcan.o
LOAD hpl/pmc/hpl_pmc.o
LOAD hpl/pmc/hpl_sleep.o
LOAD hpl/tc/hpl_tc.o
LOAD hpl/uart/hpl_uart.o
LOAD hpl/xdmac/hpl_xdmac.o
LOAD main.o
LOAD stdio_redirect/gcc/read.o
LOAD stdio_redirect/gcc/write.o
LOAD stdio_redirect/stdio_io.o
LOAD stdio_start.o
START GROUP
LOAD c:/program files (x86)/atmel/studio/7.0/toolchain/arm/arm-gnu-toolchain/bin/../lib/gcc/arm-none-eabi/6.3.1/../../../../arm-none-eabi/lib/thumb/v7e-m\libm.a
END GROUP
START GROUP
LOAD c:/program files (x86)/atmel/studio/7.0/toolchain/arm/arm-gnu-toolchain/bin/../lib/gcc/arm-none-eabi/6.3.1/thumb/v7e-m\libgcc.a
LOAD c:/program files (x86)/atmel/studio/7.0/toolchain/arm/arm-gnu-toolchain/bin/../lib/gcc/arm-none-eabi/6.3.1/../../../../arm-none-eabi/lib/thumb/v7e-m\libc_nano.a
END GROUP
START GROUP
LOAD c:/program files (x86)/atmel/studio/7.0/toolchain/arm/arm-gnu-toolchain/bin/../lib/gcc/arm-none-eabi/6.3.1/thumb/v7e-m\libgcc.a
LOAD c:/program files (x86)/atmel/studio/7.0/toolchain/arm/arm-gnu-toolchain/bin/../lib/gcc/arm-none-eabi/6.3.1/../../../../arm-none-eabi/lib/thumb/v7e-m\libc_nano.a
END GROUP
LOAD c:/program files (x86)/atmel/studio/7.0/toolchain/arm/arm-gnu-toolchain/bin/../lib/gcc/arm-none-eabi/6.3.1/thumb/v7e-m/crtend.o
LOAD c:/program files (x86)/atmel/studio/7.0/toolchain/arm/arm-gnu-toolchain/bin/../lib/gcc/arm-none-eabi/6.3.1/thumb/v7e-m/crtn.o
                0x00000400                STACK_SIZE = DEFINED (STACK_SIZE)?STACK_SIZE:DEFINED (__stack_size__)?__stack_size__:0x400
                0x00000200                HEAP_SIZE = DEFINED (HEAP_SIZE)?HEAP_SIZE:DEFINED (__heap_size__)?__heap_size__:0x200

.text           0x00400000     0x2c8c
                0x00400000                . = ALIGN (0x4)
                0x00400000                _sfixed = .
 *(.vectors .vectors.*)
 .vectors       0x00400000      0x168 Device_Startup/startup_same70q21b.o
                0x00400000                exception_table
 *(.text .text.* .gnu.linkonce.t.*)
 .text          0x00400168       0x6c c:/program files (x86)/atmel/studio/7.0/toolchain/arm/arm-gnu-toolchain/bin/../lib/gcc/arm-none-eabi/6.3.1/thumb/v7e-m/crtbegin.o
 .text.atmel_start_init
                0x004001d4       0x18 atmel_start.o
                0x004001d4                atmel_start_init
 .text.Dummy_Handler
                0x004001ec        0x2 Device_Startup/startup_same70q21b.o
                0x004001ec                DACC_Handler
                0x004001ec                SVCall_Handler
                0x004001ec                UART3_Handler
                0x004001ec                TRNG_Handler
                0x004001ec                HardFault_Handler
                0x004001ec                TC2_Handler
                0x004001ec                SysTick_Handler
                0x004001ec                PendSV_Handler
                0x004001ec                TC7_Handler
                0x004001ec                QSPI_Handler
                0x004001ec                NonMaskableInt_Handler
                0x004001ec                ISI_Handler
                0x004001ec                TC9_Handler
                0x004001ec                RSWDT_Handler
                0x004001ec                USART0_Handler
                0x004001ec                RTT_Handler
                0x004001ec                USBHS_Handler
                0x004001ec                IXC_Handler
                0x004001ec                CCF_Handler
                0x004001ec                PIOB_Handler
                0x004001ec                RTC_Handler
                0x004001ec                UsageFault_Handler
                0x004001ec                TC6_Handler
                0x004001ec                WDT_Handler
                0x004001ec                MCAN1_INT1_Handler
                0x004001ec                TC4_Handler
                0x004001ec                TC1_Handler
                0x004001ec                HSMCI_Handler
                0x004001ec                TC3_Handler
                0x004001ec                Dummy_Handler
                0x004001ec                TWIHS1_Handler
                0x004001ec                XDMAC_Handler
                0x004001ec                UART4_Handler
                0x004001ec                PWM1_Handler
                0x004001ec                USART1_Handler
                0x004001ec                PWM0_Handler
                0x004001ec                PIOA_Handler
                0x004001ec                CCW_Handler
                0x004001ec                SSC_Handler
                0x004001ec                TC11_Handler
                0x004001ec                ACC_Handler
                0x004001ec                PMC_Handler
                0x004001ec                GMAC_Handler
                0x004001ec                MCAN0_INT1_Handler
                0x004001ec                GMAC_Q5_Handler
                0x004001ec                SUPC_Handler
                0x004001ec                TC8_Handler
                0x004001ec                MCAN1_INT0_Handler
                0x004001ec                GMAC_Q1_Handler
                0x004001ec                USART2_Handler
                0x004001ec                SDRAMC_Handler
                0x004001ec                GMAC_Q2_Handler
                0x004001ec                PIOE_Handler
                0x004001ec                SPI1_Handler
                0x004001ec                TC10_Handler
                0x004001ec                GMAC_Q3_Handler
                0x004001ec                PIOD_Handler
                0x004001ec                TWIHS2_Handler
                0x004001ec                I2SC0_Handler
                0x004001ec                UART0_Handler
                0x004001ec                I2SC1_Handler
                0x004001ec                PIOC_Handler
                0x004001ec                GMAC_Q4_Handler
                0x004001ec                FPU_Handler
                0x004001ec                BusFault_Handler
                0x004001ec                RSTC_Handler
                0x004001ec                MemoryManagement_Handler
                0x004001ec                DebugMonitor_Handler
                0x004001ec                TC5_Handler
                0x004001ec                ICM_Handler
                0x004001ec                AES_Handler
                0x004001ec                TWIHS0_Handler
                0x004001ec                SPI0_Handler
 *fill*         0x004001ee        0x2 
 .text.Reset_Handler
                0x004001f0       0x64 Device_Startup/startup_same70q21b.o
                0x004001f0                Reset_Handler
 .text._gpio_set_pin_function
                0x00400254       0x80 driver_init.o
 .text.FLASH_0_init
                0x004002d4       0x14 driver_init.o
                0x004002d4                FLASH_0_init
 .text.TARGET_IO_CLOCK_init
                0x004002e8       0x14 driver_init.o
                0x004002e8                TARGET_IO_CLOCK_init
 .text.TARGET_IO_init
                0x004002fc       0x2c driver_init.o
                0x004002fc                TARGET_IO_init
 .text.UART_MC_1_CLOCK_init
                0x00400328       0x14 driver_init.o
                0x00400328                UART_MC_1_CLOCK_init
 .text.UART_MC_1_PORT_init
                0x0040033c       0x1c driver_init.o
                0x0040033c                UART_MC_1_PORT_init
 .text.UART_MC_1_init
                0x00400358       0x40 driver_init.o
                0x00400358                UART_MC_1_init
 .text.UART_MC_2_CLOCK_init
                0x00400398       0x18 driver_init.o
                0x00400398                UART_MC_2_CLOCK_init
 .text.UART_MC_2_PORT_init
                0x004003b0       0x1c driver_init.o
                0x004003b0                UART_MC_2_PORT_init
 .text.UART_MC_2_init
                0x004003cc       0x40 driver_init.o
                0x004003cc                UART_MC_2_init
 .text.CAN_0_CLOCK_init
                0x0040040c       0x18 driver_init.o
                0x0040040c                CAN_0_CLOCK_init
 .text.CAN_0_PORT_init
                0x00400424       0x1c driver_init.o
                0x00400424                CAN_0_PORT_init
 .text.CAN_0_init
                0x00400440       0x2c driver_init.o
                0x00400440                CAN_0_init
 .text.system_init
                0x0040046c      0x1ec driver_init.o
                0x0040046c                system_init
 .text.adc_async_window_threshold_reached
                0x00400658        0x8 hal/src/hal_adc_async.o
 .text.adc_async_error_occured
                0x00400660        0x8 hal/src/hal_adc_async.o
 .text.adc_async_channel_conversion_done
                0x00400668       0x68 hal/src/hal_adc_async.o
 .text.adc_async_init
                0x004006d0       0x4c hal/src/hal_adc_async.o
                0x004006d0                adc_async_init
 .text.adc_async_register_channel_buffer
                0x0040071c       0x6c hal/src/hal_adc_async.o
                0x0040071c                adc_async_register_channel_buffer
 .text.atomic_enter_critical
                0x00400788        0xe hal/src/hal_atomic.o
                0x00400788                atomic_enter_critical
 .text.atomic_leave_critical
                0x00400796        0xc hal/src/hal_atomic.o
                0x00400796                atomic_leave_critical
 .text.can_tx_done
                0x004007a2        0x8 hal/src/hal_can_async.o
 .text.can_rx_done
                0x004007aa        0x8 hal/src/hal_can_async.o
 .text.can_irq_handler
                0x004007b2        0x8 hal/src/hal_can_async.o
 *fill*         0x004007ba        0x2 
 .text.can_async_init
                0x004007bc       0x28 hal/src/hal_can_async.o
                0x004007bc                can_async_init
 .text.can_async_enable
                0x004007e4        0x8 hal/src/hal_can_async.o
                0x004007e4                can_async_enable
 .text.can_async_read
                0x004007ec        0x8 hal/src/hal_can_async.o
                0x004007ec                can_async_read
 .text.can_async_register_callback
                0x004007f4       0x30 hal/src/hal_can_async.o
                0x004007f4                can_async_register_callback
 .text.can_async_set_filter
                0x00400824       0x10 hal/src/hal_can_async.o
                0x00400824                can_async_set_filter
 .text.delay_ms
                0x00400834       0x24 hal/src/hal_delay.o
                0x00400834                delay_ms
 .text.flash_ready
                0x00400858        0x8 hal/src/hal_flash.o
 .text.flash_error
                0x00400860        0x8 hal/src/hal_flash.o
 .text.flash_init
                0x00400868       0x20 hal/src/hal_flash.o
                0x00400868                flash_init
 .text.io_write
                0x00400888        0x4 hal/src/hal_io.o
                0x00400888                io_write
 .text.io_read  0x0040088c        0x4 hal/src/hal_io.o
                0x0040088c                io_read
 .text.timer_add_timer_task
                0x00400890       0x4c hal/src/hal_timer.o
 .text.timer_process_counted
                0x004008dc       0x6c hal/src/hal_timer.o
 .text.timer_init
                0x00400948       0x1c hal/src/hal_timer.o
                0x00400948                timer_init
 .text.timer_start
                0x00400964       0x24 hal/src/hal_timer.o
                0x00400964                timer_start
 .text.timer_add_task
                0x00400988       0x7c hal/src/hal_timer.o
                0x00400988                timer_add_task
 .text.usart_transmission_complete
                0x00400a04       0x10 hal/src/hal_usart_async.o
 .text.usart_error
                0x00400a14       0x10 hal/src/hal_usart_async.o
 .text.usart_fill_rx_buffer
                0x00400a24       0x20 hal/src/hal_usart_async.o
 .text.usart_async_write
                0x00400a44       0x34 hal/src/hal_usart_async.o
 .text.usart_process_byte_sent
                0x00400a78       0x34 hal/src/hal_usart_async.o
 .text.usart_async_read
                0x00400aac       0x54 hal/src/hal_usart_async.o
 .text.usart_async_init
                0x00400b00       0x60 hal/src/hal_usart_async.o
                0x00400b00                usart_async_init
 .text.usart_async_enable
                0x00400b60       0x10 hal/src/hal_usart_async.o
                0x00400b60                usart_async_enable
 .text.usart_async_get_io_descriptor
                0x00400b70        0x6 hal/src/hal_usart_async.o
                0x00400b70                usart_async_get_io_descriptor
 *fill*         0x00400b76        0x2 
 .text.usart_async_register_callback
                0x00400b78       0x48 hal/src/hal_usart_async.o
                0x00400b78                usart_async_register_callback
 .text.usart_sync_write
                0x00400bc0       0x50 hal/src/hal_usart_sync.o
 .text.usart_sync_read
                0x00400c10       0x38 hal/src/hal_usart_sync.o
 .text.usart_sync_init
                0x00400c48       0x24 hal/src/hal_usart_sync.o
                0x00400c48                usart_sync_init
 .text.usart_sync_enable
                0x00400c6c       0x10 hal/src/hal_usart_sync.o
                0x00400c6c                usart_sync_enable
 .text.is_list_element
                0x00400c7c        0xe hal/utils/src/utils_list.o
                0x00400c7c                is_list_element
 .text.list_insert_as_head
                0x00400c8a        0x8 hal/utils/src/utils_list.o
                0x00400c8a                list_insert_as_head
 .text.list_insert_after
                0x00400c92        0x8 hal/utils/src/utils_list.o
                0x00400c92                list_insert_after
 .text.list_remove_head
                0x00400c9a        0xc hal/utils/src/utils_list.o
                0x00400c9a                list_remove_head
 .text.ringbuffer_init
                0x00400ca6       0x18 hal/utils/src/utils_ringbuffer.o
                0x00400ca6                ringbuffer_init
 .text.ringbuffer_get
                0x00400cbe       0x22 hal/utils/src/utils_ringbuffer.o
                0x00400cbe                ringbuffer_get
 .text.ringbuffer_put
                0x00400ce0       0x26 hal/utils/src/utils_ringbuffer.o
                0x00400ce0                ringbuffer_put
 .text.ringbuffer_num
                0x00400d06        0x8 hal/utils/src/utils_ringbuffer.o
                0x00400d06                ringbuffer_num
 *fill*         0x00400d0e        0x2 
 .text._sbrk    0x00400d10       0x1c hal/utils/src/utils_syscalls.o
                0x00400d10                _sbrk
 .text._close   0x00400d2c        0x6 hal/utils/src/utils_syscalls.o
                0x00400d2c                _close
 .text._fstat   0x00400d32        0xa hal/utils/src/utils_syscalls.o
                0x00400d32                _fstat
 .text._isatty  0x00400d3c        0x4 hal/utils/src/utils_syscalls.o
                0x00400d3c                _isatty
 .text._lseek   0x00400d40        0x4 hal/utils/src/utils_syscalls.o
                0x00400d40                _lseek
 .text.__NVIC_DisableIRQ
                0x00400d44       0x28 hpl/afec/hpl_afec.o
 .text._afec_get_regs
                0x00400d6c       0x10 hpl/afec/hpl_afec.o
 .text._afec_init
                0x00400d7c       0x64 hpl/afec/hpl_afec.o
 .text._afec_interrupt_handler
                0x00400de0       0x72 hpl/afec/hpl_afec.o
 *fill*         0x00400e52        0x2 
 .text.AFEC0_Handler
                0x00400e54       0x10 hpl/afec/hpl_afec.o
                0x00400e54                AFEC0_Handler
 .text.AFEC1_Handler
                0x00400e64       0x10 hpl/afec/hpl_afec.o
                0x00400e64                AFEC1_Handler
 .text._adc_async_init
                0x00400e74       0x98 hpl/afec/hpl_afec.o
                0x00400e74                _adc_async_init
 .text._adc_async_get_data_size
                0x00400f0c        0x4 hpl/afec/hpl_afec.o
                0x00400f0c                _adc_async_get_data_size
 .text._irq_set
                0x00400f10       0x20 hpl/core/hpl_core_m7_base.o
                0x00400f10                _irq_set
 .text._get_cycles_for_ms
                0x00400f30        0xc hpl/core/hpl_core_m7_base.o
                0x00400f30                _get_cycles_for_ms
 .text._delay_cycles
                0x00400f3c        0x6 hpl/core/hpl_core_m7_base.o
                0x00400f3c                _delay_cycles
 *fill*         0x00400f42        0x2 
 .text._init_chip
                0x00400f44       0x50 hpl/core/hpl_init.o
                0x00400f44                _init_chip
 .text._flash_init
                0x00400f94       0x28 hpl/efc/hpl_efc.o
                0x00400f94                _flash_init
 .text.EFC_Handler
                0x00400fbc       0x18 hpl/efc/hpl_efc.o
                0x00400fbc                EFC_Handler
 .text._can_async_init
                0x00400fd4       0xe0 hpl/mcan/hpl_mcan.o
                0x00400fd4                _can_async_init
 .text._can_async_enable
                0x004010b4        0xe hpl/mcan/hpl_mcan.o
                0x004010b4                _can_async_enable
 *fill*         0x004010c2        0x2 
 .text._can_async_read
                0x004010c4       0xc0 hpl/mcan/hpl_mcan.o
                0x004010c4                _can_async_read
 .text._can_async_set_irq_state
                0x00401184       0x40 hpl/mcan/hpl_mcan.o
                0x00401184                _can_async_set_irq_state
 .text._can_async_set_filter
                0x004011c4       0x78 hpl/mcan/hpl_mcan.o
                0x004011c4                _can_async_set_filter
 .text.MCAN0_INT0_Handler
                0x0040123c       0x64 hpl/mcan/hpl_mcan.o
                0x0040123c                MCAN0_INT0_Handler
 .text._pmc_init
                0x004012a0       0xac hpl/pmc/hpl_pmc.o
                0x004012a0                _pmc_init
 .text.__NVIC_DisableIRQ
                0x0040134c       0x28 hpl/tc/hpl_tc.o
 .text._timer_init
                0x00401374       0x80 hpl/tc/hpl_tc.o
                0x00401374                _timer_init
 .text._timer_start
                0x004013f4        0x8 hpl/tc/hpl_tc.o
                0x004013f4                _timer_start
 .text._timer_is_started
                0x004013fc        0xa hpl/tc/hpl_tc.o
                0x004013fc                _timer_is_started
 *fill*         0x00401406        0x2 
 .text._timer_set_irq
                0x00401408       0x20 hpl/tc/hpl_tc.o
                0x00401408                _timer_set_irq
 .text._tc_get_timer
                0x00401428        0x4 hpl/tc/hpl_tc.o
                0x00401428                _tc_get_timer
 .text.TC0_Handler
                0x0040142c       0x18 hpl/tc/hpl_tc.o
                0x0040142c                TC0_Handler
 .text.__NVIC_DisableIRQ
                0x00401444       0x28 hpl/uart/hpl_uart.o
 .text._uart_interrupt_handler
                0x0040146c       0x6c hpl/uart/hpl_uart.o
 .text._uart_get_hardware_index
                0x004014d8       0x40 hpl/uart/hpl_uart.o
 .text._get_uart_index
                0x00401518       0x1c hpl/uart/hpl_uart.o
 .text._usart_sync_init
                0x00401534       0x3c hpl/uart/hpl_uart.o
                0x00401534                _usart_sync_init
 .text._usart_async_init
                0x00401570       0xa4 hpl/uart/hpl_uart.o
                0x00401570                _usart_async_init
 .text._usart_sync_enable
                0x00401614        0x8 hpl/uart/hpl_uart.o
                0x00401614                _usart_sync_enable
 .text._usart_async_enable
                0x0040161c        0x8 hpl/uart/hpl_uart.o
                0x0040161c                _usart_async_enable
 .text._usart_sync_write_byte
                0x00401624        0x6 hpl/uart/hpl_uart.o
                0x00401624                _usart_sync_write_byte
 .text._usart_async_write_byte
                0x0040162a        0x6 hpl/uart/hpl_uart.o
                0x0040162a                _usart_async_write_byte
 .text._usart_sync_read_byte
                0x00401630        0x8 hpl/uart/hpl_uart.o
                0x00401630                _usart_sync_read_byte
 .text._usart_sync_is_ready_to_send
                0x00401638        0xa hpl/uart/hpl_uart.o
                0x00401638                _usart_sync_is_ready_to_send
 .text._usart_sync_is_transmit_done
                0x00401642        0xa hpl/uart/hpl_uart.o
                0x00401642                _usart_sync_is_transmit_done
 .text._usart_sync_is_byte_received
                0x0040164c        0xa hpl/uart/hpl_uart.o
                0x0040164c                _usart_sync_is_byte_received
 .text._usart_async_enable_byte_sent_irq
                0x00401656        0x8 hpl/uart/hpl_uart.o
                0x00401656                _usart_async_enable_byte_sent_irq
 .text._usart_async_enable_tx_done_irq
                0x0040165e        0xa hpl/uart/hpl_uart.o
                0x0040165e                _usart_async_enable_tx_done_irq
 .text._usart_async_set_irq_state
                0x00401668       0x5a hpl/uart/hpl_uart.o
                0x00401668                _usart_async_set_irq_state
 .text._uart_get_usart_sync
                0x004016c2        0x4 hpl/uart/hpl_uart.o
                0x004016c2                _uart_get_usart_sync
 .text._uart_get_usart_async
                0x004016c6        0x4 hpl/uart/hpl_uart.o
                0x004016c6                _uart_get_usart_async
 *fill*         0x004016ca        0x2 
 .text.UART1_Handler
                0x004016cc       0x10 hpl/uart/hpl_uart.o
                0x004016cc                UART1_Handler
 .text.UART2_Handler
                0x004016dc       0x10 hpl/uart/hpl_uart.o
                0x004016dc                UART2_Handler
 .text.current_time_ms
                0x004016ec       0x18 main.o
 .text.TIMER_0_task1_cb
                0x00401704       0x28 main.o
 .text.rx_cb_UART_MC_2
                0x0040172c       0x4c main.o
 .text.rx_cb_UART_MC_1
                0x00401778       0x50 main.o
 .text.CAN_0_tx_callback
                0x004017c8       0x18 main.o
 .text.can_rx_queue_initialise
                0x004017e0       0x20 main.o
                0x004017e0                can_rx_queue_initialise
 .text.can_rx_queue_push
                0x00401800       0x28 main.o
                0x00401800                can_rx_queue_push
 .text.CAN_0_rx_callback
                0x00401828       0x34 main.o
 .text.startup.main
                0x0040185c      0x110 main.o
                0x0040185c                main
 .text._read    0x0040196c       0x20 stdio_redirect/gcc/read.o
                0x0040196c                _read
 .text._write   0x0040198c       0x24 stdio_redirect/gcc/write.o
                0x0040198c                _write
 .text.stdio_io_init
                0x004019b0       0x2c stdio_redirect/stdio_io.o
                0x004019b0                stdio_io_init
 .text.stdio_io_read
                0x004019dc       0x1c stdio_redirect/stdio_io.o
                0x004019dc                stdio_io_read
 .text.stdio_io_write
                0x004019f8       0x1c stdio_redirect/stdio_io.o
                0x004019f8                stdio_io_write
 .text.stdio_redirect_init
                0x00401a14       0x20 stdio_start.o
                0x00401a14                stdio_redirect_init
 .text.__libc_init_array
                0x00401a34       0x48 c:/program files (x86)/atmel/studio/7.0/toolchain/arm/arm-gnu-toolchain/bin/../lib/gcc/arm-none-eabi/6.3.1/../../../../arm-none-eabi/lib/thumb/v7e-m\libc_nano.a(lib_a-init.o)
                0x00401a34                __libc_init_array
 .text.memcpy   0x00401a7c       0x16 c:/program files (x86)/atmel/studio/7.0/toolchain/arm/arm-gnu-toolchain/bin/../lib/gcc/arm-none-eabi/6.3.1/../../../../arm-none-eabi/lib/thumb/v7e-m\libc_nano.a(lib_a-memcpy-stub.o)
                0x00401a7c                memcpy
 .text.memset   0x00401a92       0x10 c:/program files (x86)/atmel/studio/7.0/toolchain/arm/arm-gnu-toolchain/bin/../lib/gcc/arm-none-eabi/6.3.1/../../../../arm-none-eabi/lib/thumb/v7e-m\libc_nano.a(lib_a-memset.o)
                0x00401a92                memset
 *fill*         0x00401aa2        0x2 
 .text.printf   0x00401aa4       0x30 c:/program files (x86)/atmel/studio/7.0/toolchain/arm/arm-gnu-toolchain/bin/../lib/gcc/arm-none-eabi/6.3.1/../../../../arm-none-eabi/lib/thumb/v7e-m\libc_nano.a(lib_a-printf.o)
                0x00401aa4                iprintf
                0x00401aa4                printf
 .text.setbuf   0x00401ad4       0x10 c:/program files (x86)/atmel/studio/7.0/toolchain/arm/arm-gnu-toolchain/bin/../lib/gcc/arm-none-eabi/6.3.1/../../../../arm-none-eabi/lib/thumb/v7e-m\libc_nano.a(lib_a-setbuf.o)
                0x00401ad4                setbuf
 .text.setvbuf  0x00401ae4      0x15c c:/program files (x86)/atmel/studio/7.0/toolchain/arm/arm-gnu-toolchain/bin/../lib/gcc/arm-none-eabi/6.3.1/../../../../arm-none-eabi/lib/thumb/v7e-m\libc_nano.a(lib_a-setvbuf.o)
                0x00401ae4                setvbuf
 .text.__swbuf_r
                0x00401c40       0xa4 c:/program files (x86)/atmel/studio/7.0/toolchain/arm/arm-gnu-toolchain/bin/../lib/gcc/arm-none-eabi/6.3.1/../../../../arm-none-eabi/lib/thumb/v7e-m\libc_nano.a(lib_a-wbuf.o)
                0x00401c40                __swbuf_r
 .text.__swsetup_r
                0x00401ce4       0xdc c:/program files (x86)/atmel/studio/7.0/toolchain/arm/arm-gnu-toolchain/bin/../lib/gcc/arm-none-eabi/6.3.1/../../../../arm-none-eabi/lib/thumb/v7e-m\libc_nano.a(lib_a-wsetup.o)
                0x00401ce4                __swsetup_r
 .text.__sflush_r
                0x00401dc0      0x110 c:/program files (x86)/atmel/studio/7.0/toolchain/arm/arm-gnu-toolchain/bin/../lib/gcc/arm-none-eabi/6.3.1/../../../../arm-none-eabi/lib/thumb/v7e-m\libc_nano.a(lib_a-fflush.o)
                0x00401dc0                __sflush_r
 .text._fflush_r
                0x00401ed0       0x54 c:/program files (x86)/atmel/studio/7.0/toolchain/arm/arm-gnu-toolchain/bin/../lib/gcc/arm-none-eabi/6.3.1/../../../../arm-none-eabi/lib/thumb/v7e-m\libc_nano.a(lib_a-fflush.o)
                0x00401ed0                _fflush_r
 .text._cleanup_r
                0x00401f24        0xc c:/program files (x86)/atmel/studio/7.0/toolchain/arm/arm-gnu-toolchain/bin/../lib/gcc/arm-none-eabi/6.3.1/../../../../arm-none-eabi/lib/thumb/v7e-m\libc_nano.a(lib_a-findfp.o)
                0x00401f24                _cleanup_r
 .text.std.isra.0
                0x00401f30       0x48 c:/program files (x86)/atmel/studio/7.0/toolchain/arm/arm-gnu-toolchain/bin/../lib/gcc/arm-none-eabi/6.3.1/../../../../arm-none-eabi/lib/thumb/v7e-m\libc_nano.a(lib_a-findfp.o)
 .text.__sfmoreglue
                0x00401f78       0x2c c:/program files (x86)/atmel/studio/7.0/toolchain/arm/arm-gnu-toolchain/bin/../lib/gcc/arm-none-eabi/6.3.1/../../../../arm-none-eabi/lib/thumb/v7e-m\libc_nano.a(lib_a-findfp.o)
                0x00401f78                __sfmoreglue
 .text.__sinit  0x00401fa4       0x60 c:/program files (x86)/atmel/studio/7.0/toolchain/arm/arm-gnu-toolchain/bin/../lib/gcc/arm-none-eabi/6.3.1/../../../../arm-none-eabi/lib/thumb/v7e-m\libc_nano.a(lib_a-findfp.o)
                0x00401fa4                __sinit
 .text.__sfp    0x00402004       0x78 c:/program files (x86)/atmel/studio/7.0/toolchain/arm/arm-gnu-toolchain/bin/../lib/gcc/arm-none-eabi/6.3.1/../../../../arm-none-eabi/lib/thumb/v7e-m\libc_nano.a(lib_a-findfp.o)
                0x00402004                __sfp
 .text._fwalk_reent
                0x0040207c       0x3c c:/program files (x86)/atmel/studio/7.0/toolchain/arm/arm-gnu-toolchain/bin/../lib/gcc/arm-none-eabi/6.3.1/../../../../arm-none-eabi/lib/thumb/v7e-m\libc_nano.a(lib_a-fwalk.o)
                0x0040207c                _fwalk_reent
 .text.__swhatbuf_r
                0x004020b8       0x48 c:/program files (x86)/atmel/studio/7.0/toolchain/arm/arm-gnu-toolchain/bin/../lib/gcc/arm-none-eabi/6.3.1/../../../../arm-none-eabi/lib/thumb/v7e-m\libc_nano.a(lib_a-makebuf.o)
                0x004020b8                __swhatbuf_r
 .text.__smakebuf_r
                0x00402100       0x80 c:/program files (x86)/atmel/studio/7.0/toolchain/arm/arm-gnu-toolchain/bin/../lib/gcc/arm-none-eabi/6.3.1/../../../../arm-none-eabi/lib/thumb/v7e-m\libc_nano.a(lib_a-makebuf.o)
                0x00402100                __smakebuf_r
 .text.malloc   0x00402180       0x10 c:/program files (x86)/atmel/studio/7.0/toolchain/arm/arm-gnu-toolchain/bin/../lib/gcc/arm-none-eabi/6.3.1/../../../../arm-none-eabi/lib/thumb/v7e-m\libc_nano.a(lib_a-malloc.o)
                0x00402180                malloc
 .text._free_r  0x00402190       0x9c c:/program files (x86)/atmel/studio/7.0/toolchain/arm/arm-gnu-toolchain/bin/../lib/gcc/arm-none-eabi/6.3.1/../../../../arm-none-eabi/lib/thumb/v7e-m\libc_nano.a(lib_a-nano-freer.o)
                0x00402190                _free_r
 .text._malloc_r
                0x0040222c       0xbc c:/program files (x86)/atmel/studio/7.0/toolchain/arm/arm-gnu-toolchain/bin/../lib/gcc/arm-none-eabi/6.3.1/../../../../arm-none-eabi/lib/thumb/v7e-m\libc_nano.a(lib_a-nano-mallocr.o)
                0x0040222c                _malloc_r
 .text.__sfputc_r
                0x004022e8       0x2c c:/program files (x86)/atmel/studio/7.0/toolchain/arm/arm-gnu-toolchain/bin/../lib/gcc/arm-none-eabi/6.3.1/../../../../arm-none-eabi/lib/thumb/v7e-m\libc_nano.a(lib_a-nano-vfprintf.o)
 .text.__sfputs_r
                0x00402314       0x24 c:/program files (x86)/atmel/studio/7.0/toolchain/arm/arm-gnu-toolchain/bin/../lib/gcc/arm-none-eabi/6.3.1/../../../../arm-none-eabi/lib/thumb/v7e-m\libc_nano.a(lib_a-nano-vfprintf.o)
                0x00402314                __sfputs_r
 .text._vfprintf_r
                0x00402338      0x22c c:/program files (x86)/atmel/studio/7.0/toolchain/arm/arm-gnu-toolchain/bin/../lib/gcc/arm-none-eabi/6.3.1/../../../../arm-none-eabi/lib/thumb/v7e-m\libc_nano.a(lib_a-nano-vfprintf.o)
                0x00402338                _vfprintf_r
                0x00402338                _vfiprintf_r
 .text._printf_common
                0x00402564       0xec c:/program files (x86)/atmel/studio/7.0/toolchain/arm/arm-gnu-toolchain/bin/../lib/gcc/arm-none-eabi/6.3.1/../../../../arm-none-eabi/lib/thumb/v7e-m\libc_nano.a(lib_a-nano-vfprintf_i.o)
                0x00402564                _printf_common
 .text._printf_i
                0x00402650      0x240 c:/program files (x86)/atmel/studio/7.0/toolchain/arm/arm-gnu-toolchain/bin/../lib/gcc/arm-none-eabi/6.3.1/../../../../arm-none-eabi/lib/thumb/v7e-m\libc_nano.a(lib_a-nano-vfprintf_i.o)
                0x00402650                _printf_i
 .text._sbrk_r  0x00402890       0x20 c:/program files (x86)/atmel/studio/7.0/toolchain/arm/arm-gnu-toolchain/bin/../lib/gcc/arm-none-eabi/6.3.1/../../../../arm-none-eabi/lib/thumb/v7e-m\libc_nano.a(lib_a-sbrkr.o)
                0x00402890                _sbrk_r
 .text.__sread  0x004028b0       0x22 c:/program files (x86)/atmel/studio/7.0/toolchain/arm/arm-gnu-toolchain/bin/../lib/gcc/arm-none-eabi/6.3.1/../../../../arm-none-eabi/lib/thumb/v7e-m\libc_nano.a(lib_a-stdio.o)
                0x004028b0                __sread
 .text.__swrite
                0x004028d2       0x38 c:/program files (x86)/atmel/studio/7.0/toolchain/arm/arm-gnu-toolchain/bin/../lib/gcc/arm-none-eabi/6.3.1/../../../../arm-none-eabi/lib/thumb/v7e-m\libc_nano.a(lib_a-stdio.o)
                0x004028d2                __swrite
 .text.__sseek  0x0040290a       0x24 c:/program files (x86)/atmel/studio/7.0/toolchain/arm/arm-gnu-toolchain/bin/../lib/gcc/arm-none-eabi/6.3.1/../../../../arm-none-eabi/lib/thumb/v7e-m\libc_nano.a(lib_a-stdio.o)
                0x0040290a                __sseek
 .text.__sclose
                0x0040292e        0x8 c:/program files (x86)/atmel/studio/7.0/toolchain/arm/arm-gnu-toolchain/bin/../lib/gcc/arm-none-eabi/6.3.1/../../../../arm-none-eabi/lib/thumb/v7e-m\libc_nano.a(lib_a-stdio.o)
                0x0040292e                __sclose
 *fill*         0x00402936        0x2 
 .text._write_r
                0x00402938       0x24 c:/program files (x86)/atmel/studio/7.0/toolchain/arm/arm-gnu-toolchain/bin/../lib/gcc/arm-none-eabi/6.3.1/../../../../arm-none-eabi/lib/thumb/v7e-m\libc_nano.a(lib_a-writer.o)
                0x00402938                _write_r
 .text._close_r
                0x0040295c       0x20 c:/program files (x86)/atmel/studio/7.0/toolchain/arm/arm-gnu-toolchain/bin/../lib/gcc/arm-none-eabi/6.3.1/../../../../arm-none-eabi/lib/thumb/v7e-m\libc_nano.a(lib_a-closer.o)
                0x0040295c                _close_r
 .text._fstat_r
                0x0040297c       0x24 c:/program files (x86)/atmel/studio/7.0/toolchain/arm/arm-gnu-toolchain/bin/../lib/gcc/arm-none-eabi/6.3.1/../../../../arm-none-eabi/lib/thumb/v7e-m\libc_nano.a(lib_a-fstatr.o)
                0x0040297c                _fstat_r
 .text._isatty_r
                0x004029a0       0x20 c:/program files (x86)/atmel/studio/7.0/toolchain/arm/arm-gnu-toolchain/bin/../lib/gcc/arm-none-eabi/6.3.1/../../../../arm-none-eabi/lib/thumb/v7e-m\libc_nano.a(lib_a-isattyr.o)
                0x004029a0                _isatty_r
 .text._lseek_r
                0x004029c0       0x24 c:/program files (x86)/atmel/studio/7.0/toolchain/arm/arm-gnu-toolchain/bin/../lib/gcc/arm-none-eabi/6.3.1/../../../../arm-none-eabi/lib/thumb/v7e-m\libc_nano.a(lib_a-lseekr.o)
                0x004029c0                _lseek_r
 *fill*         0x004029e4        0xc 
 .text          0x004029f0       0xa0 c:/program files (x86)/atmel/studio/7.0/toolchain/arm/arm-gnu-toolchain/bin/../lib/gcc/arm-none-eabi/6.3.1/../../../../arm-none-eabi/lib/thumb/v7e-m\libc_nano.a(lib_a-memchr.o)
                0x004029f0                memchr
 .text.__malloc_lock
                0x00402a90        0x2 c:/program files (x86)/atmel/studio/7.0/toolchain/arm/arm-gnu-toolchain/bin/../lib/gcc/arm-none-eabi/6.3.1/../../../../arm-none-eabi/lib/thumb/v7e-m\libc_nano.a(lib_a-mlock.o)
                0x00402a90                __malloc_lock
 .text.__malloc_unlock
                0x00402a92        0x2 c:/program files (x86)/atmel/studio/7.0/toolchain/arm/arm-gnu-toolchain/bin/../lib/gcc/arm-none-eabi/6.3.1/../../../../arm-none-eabi/lib/thumb/v7e-m\libc_nano.a(lib_a-mlock.o)
                0x00402a92                __malloc_unlock
 .text._read_r  0x00402a94       0x24 c:/program files (x86)/atmel/studio/7.0/toolchain/arm/arm-gnu-toolchain/bin/../lib/gcc/arm-none-eabi/6.3.1/../../../../arm-none-eabi/lib/thumb/v7e-m\libc_nano.a(lib_a-readr.o)
                0x00402a94                _read_r
 *(.glue_7t)
 .glue_7t       0x00402ab8        0x0 linker stubs
 *(.glue_7)
 .glue_7        0x00402ab8        0x0 linker stubs
 *(.rodata .rodata* .gnu.linkonce.r.*)
 .rodata        0x00402ab8       0xc8 hpl/afec/hpl_afec.o
 .rodata        0x00402b80       0x10 hpl/mcan/hpl_mcan.o
 .rodata        0x00402b90       0x29 hpl/uart/hpl_uart.o
 .rodata.str1.1
                0x00402bb9       0x18 main.o
 *fill*         0x00402bd1        0x3 
 .rodata._global_impure_ptr
                0x00402bd4        0x4 c:/program files (x86)/atmel/studio/7.0/toolchain/arm/arm-gnu-toolchain/bin/../lib/gcc/arm-none-eabi/6.3.1/../../../../arm-none-eabi/lib/thumb/v7e-m\libc_nano.a(lib_a-impure.o)
                0x00402bd4                _global_impure_ptr
 .rodata.__sf_fake_stderr
                0x00402bd8       0x20 c:/program files (x86)/atmel/studio/7.0/toolchain/arm/arm-gnu-toolchain/bin/../lib/gcc/arm-none-eabi/6.3.1/../../../../arm-none-eabi/lib/thumb/v7e-m\libc_nano.a(lib_a-findfp.o)
                0x00402bd8                __sf_fake_stderr
 .rodata.__sf_fake_stdin
                0x00402bf8       0x20 c:/program files (x86)/atmel/studio/7.0/toolchain/arm/arm-gnu-toolchain/bin/../lib/gcc/arm-none-eabi/6.3.1/../../../../arm-none-eabi/lib/thumb/v7e-m\libc_nano.a(lib_a-findfp.o)
                0x00402bf8                __sf_fake_stdin
 .rodata.__sf_fake_stdout
                0x00402c18       0x20 c:/program files (x86)/atmel/studio/7.0/toolchain/arm/arm-gnu-toolchain/bin/../lib/gcc/arm-none-eabi/6.3.1/../../../../arm-none-eabi/lib/thumb/v7e-m\libc_nano.a(lib_a-findfp.o)
                0x00402c18                __sf_fake_stdout
 .rodata._vfprintf_r.str1.1
                0x00402c38       0x11 c:/program files (x86)/atmel/studio/7.0/toolchain/arm/arm-gnu-toolchain/bin/../lib/gcc/arm-none-eabi/6.3.1/../../../../arm-none-eabi/lib/thumb/v7e-m\libc_nano.a(lib_a-nano-vfprintf.o)
 .rodata._printf_i.str1.1
                0x00402c49       0x22 c:/program files (x86)/atmel/studio/7.0/toolchain/arm/arm-gnu-toolchain/bin/../lib/gcc/arm-none-eabi/6.3.1/../../../../arm-none-eabi/lib/thumb/v7e-m\libc_nano.a(lib_a-nano-vfprintf_i.o)
 *(.ARM.extab* .gnu.linkonce.armextab.*)
                0x00402c6c                . = ALIGN (0x4)
 *fill*         0x00402c6b        0x1 
 *(.init)
 .init          0x00402c6c        0x4 c:/program files (x86)/atmel/studio/7.0/toolchain/arm/arm-gnu-toolchain/bin/../lib/gcc/arm-none-eabi/6.3.1/thumb/v7e-m/crti.o
                0x00402c6c                _init
 .init          0x00402c70        0x8 c:/program files (x86)/atmel/studio/7.0/toolchain/arm/arm-gnu-toolchain/bin/../lib/gcc/arm-none-eabi/6.3.1/thumb/v7e-m/crtn.o
                0x00402c78                . = ALIGN (0x4)
                0x00402c78                __preinit_array_start = .
 *(.preinit_array)
                0x00402c78                __preinit_array_end = .
                0x00402c78                . = ALIGN (0x4)
                0x00402c78                __init_array_start = .
 *(SORT(.init_array.*))
 *(.init_array)
 .init_array    0x00402c78        0x4 c:/program files (x86)/atmel/studio/7.0/toolchain/arm/arm-gnu-toolchain/bin/../lib/gcc/arm-none-eabi/6.3.1/thumb/v7e-m/crtbegin.o
                0x00402c7c                __init_array_end = .
                0x00402c7c                . = ALIGN (0x4)
 *crtbegin.o(.ctors)
 *(EXCLUDE_FILE(*crtend.o) .ctors)
 *(SORT(.ctors.*))
 *crtend.o(.ctors)
                0x00402c7c                . = ALIGN (0x4)
 *(.fini)
 .fini          0x00402c7c        0x4 c:/program files (x86)/atmel/studio/7.0/toolchain/arm/arm-gnu-toolchain/bin/../lib/gcc/arm-none-eabi/6.3.1/thumb/v7e-m/crti.o
                0x00402c7c                _fini
 .fini          0x00402c80        0x8 c:/program files (x86)/atmel/studio/7.0/toolchain/arm/arm-gnu-toolchain/bin/../lib/gcc/arm-none-eabi/6.3.1/thumb/v7e-m/crtn.o
                0x00402c88                . = ALIGN (0x4)
                0x00402c88                __fini_array_start = .
 *(.fini_array)
 .fini_array    0x00402c88        0x4 c:/program files (x86)/atmel/studio/7.0/toolchain/arm/arm-gnu-toolchain/bin/../lib/gcc/arm-none-eabi/6.3.1/thumb/v7e-m/crtbegin.o
 *(SORT(.fini_array.*))
                0x00402c8c                __fini_array_end = .
 *crtbegin.o(.dtors)
 *(EXCLUDE_FILE(*crtend.o) .dtors)
 *(SORT(.dtors.*))
 *crtend.o(.dtors)
                0x00402c8c                . = ALIGN (0x4)
                0x00402c8c                _efixed = .
                [!provide]                PROVIDE (__exidx_start, .)

.vfp11_veneer   0x00402c8c        0x0
 .vfp11_veneer  0x00402c8c        0x0 linker stubs

.v4_bx          0x00402c8c        0x0
 .v4_bx         0x00402c8c        0x0 linker stubs

.iplt           0x00402c8c        0x0
 .iplt          0x00402c8c        0x0 c:/program files (x86)/atmel/studio/7.0/toolchain/arm/arm-gnu-toolchain/bin/../lib/gcc/arm-none-eabi/6.3.1/thumb/v7e-m/crtbegin.o

.eh_frame       0x00402c8c        0x0
 .eh_frame      0x00402c8c        0x0 c:/program files (x86)/atmel/studio/7.0/toolchain/arm/arm-gnu-toolchain/bin/../lib/gcc/arm-none-eabi/6.3.1/thumb/v7e-m/crtbegin.o

.rel.dyn        0x00402c8c        0x0
 .rel.iplt      0x00402c8c        0x0 c:/program files (x86)/atmel/studio/7.0/toolchain/arm/arm-gnu-toolchain/bin/../lib/gcc/arm-none-eabi/6.3.1/thumb/v7e-m/crtbegin.o

.jcr            0x00402c8c        0x0
 .jcr           0x00402c8c        0x0 c:/program files (x86)/atmel/studio/7.0/toolchain/arm/arm-gnu-toolchain/bin/../lib/gcc/arm-none-eabi/6.3.1/thumb/v7e-m/crtbegin.o

.igot.plt       0x00402c8c        0x0
 .igot.plt      0x00402c8c        0x0 c:/program files (x86)/atmel/studio/7.0/toolchain/arm/arm-gnu-toolchain/bin/../lib/gcc/arm-none-eabi/6.3.1/thumb/v7e-m/crtbegin.o

.ARM.exidx
 *(.ARM.exidx* .gnu.linkonce.armexidx.*)
                [!provide]                PROVIDE (__exidx_end, .)
                0x00402c8c                . = ALIGN (0x4)
                0x00402c8c                _etext = .

.relocate       0x20400000       0xa0 load address 0x00402c8c
                0x20400000                . = ALIGN (0x4)
                0x20400000                _srelocate = .
 *(.ramfunc .ramfunc.*)
 *(.data .data.*)
 .data          0x20400000       0x14 hpl/mcan/hpl_mcan.o
                0x20400000                _can0_context
 .data          0x20400014       0x24 hpl/tc/hpl_tc.o
 .data          0x20400038        0x4 main.o
 .data._impure_ptr
                0x2040003c        0x4 c:/program files (x86)/atmel/studio/7.0/toolchain/arm/arm-gnu-toolchain/bin/../lib/gcc/arm-none-eabi/6.3.1/../../../../arm-none-eabi/lib/thumb/v7e-m\libc_nano.a(lib_a-impure.o)
                0x2040003c                _impure_ptr
 .data.impure_data
                0x20400040       0x60 c:/program files (x86)/atmel/studio/7.0/toolchain/arm/arm-gnu-toolchain/bin/../lib/gcc/arm-none-eabi/6.3.1/../../../../arm-none-eabi/lib/thumb/v7e-m\libc_nano.a(lib_a-impure.o)
                0x204000a0                . = ALIGN (0x4)
                0x204000a0                _erelocate = .

.bss            0x204000a0      0x610 load address 0x00402d2c
                0x204000a0                . = ALIGN (0x4)
                0x204000a0                _sbss = .
                0x204000a0                _szero = .
 *(.bss .bss.*)
 .bss           0x204000a0       0x1c c:/program files (x86)/atmel/studio/7.0/toolchain/arm/arm-gnu-toolchain/bin/../lib/gcc/arm-none-eabi/6.3.1/thumb/v7e-m/crtbegin.o
 .bss           0x204000bc       0xb2 driver_init.o
 *fill*         0x2040016e        0x2 
 .bss           0x20400170        0x4 hal/src/hal_delay.o
 .bss           0x20400174        0x4 hal/utils/src/utils_syscalls.o
 .bss           0x20400178        0x8 hpl/afec/hpl_afec.o
 .bss           0x20400180        0x4 hpl/efc/hpl_efc.o
 .bss           0x20400184       0x2c hpl/mcan/hpl_mcan.o
 .bss           0x204001b0        0x4 hpl/tc/hpl_tc.o
 .bss           0x204001b4        0x8 hpl/uart/hpl_uart.o
 .bss           0x204001bc       0x2c main.o
                0x204001c8                inv2_rx_ptr
                0x204001d0                inv1_rx_ptr
                0x204001d1                can_rx_queue_head
                0x204001d2                can_rx_queue_len
                0x204001d3                can_rx_queue_tail
 .bss           0x204001e8        0x4 stdio_redirect/stdio_io.o
 .bss.__malloc_free_list
                0x204001ec        0x4 c:/program files (x86)/atmel/studio/7.0/toolchain/arm/arm-gnu-toolchain/bin/../lib/gcc/arm-none-eabi/6.3.1/../../../../arm-none-eabi/lib/thumb/v7e-m\libc_nano.a(lib_a-nano-mallocr.o)
                0x204001ec                __malloc_free_list
 .bss.__malloc_sbrk_start
                0x204001f0        0x4 c:/program files (x86)/atmel/studio/7.0/toolchain/arm/arm-gnu-toolchain/bin/../lib/gcc/arm-none-eabi/6.3.1/../../../../arm-none-eabi/lib/thumb/v7e-m\libc_nano.a(lib_a-nano-mallocr.o)
                0x204001f0                __malloc_sbrk_start
 *(COMMON)
 COMMON         0x204001f4      0x224 driver_init.o
                0x204001f4                CAN_0
                0x2040021c                FLASH_0
                0x20400238                UART_MC_1
                0x20400288                TARGET_IO
                0x20400294                ADC_1_ch
                0x2040030c                ADC_0
                0x20400338                ADC_0_ch
                0x20400380                UART_MC_2
                0x204003d0                ADC_1
                0x204003fc                TIMER_0
 COMMON         0x20400418       0xc0 hpl/mcan/hpl_mcan.o
                0x20400418                can0_rx_fifo
                0x20400478                can0_tx_fifo
 COMMON         0x204004d8      0x1d4 main.o
                0x204004d8                can_rx_data_buffer
                0x20400558                bms
                0x2040055c                comms_active
                0x20400560                inv2
                0x20400584                ass
                0x20400588                can_rx_queue
                0x20400688                inv1
 COMMON         0x204006ac        0x4 c:/program files (x86)/atmel/studio/7.0/toolchain/arm/arm-gnu-toolchain/bin/../lib/gcc/arm-none-eabi/6.3.1/../../../../arm-none-eabi/lib/thumb/v7e-m\libc_nano.a(lib_a-reent.o)
                0x204006ac                errno
                0x204006b0                . = ALIGN (0x4)
                0x204006b0                _ebss = .
                0x204006b0                _ezero = .

.heap           0x204006b0      0x200 load address 0x0040333c
                0x204006b0                . = ALIGN (0x8)
                0x204006b0                _sheap = .
                0x204008b0                . = (. + HEAP_SIZE)
 *fill*         0x204006b0      0x200 
                0x204008b0                . = ALIGN (0x8)
                0x204008b0                _eheap = .

.stack          0x204008b0      0x400 load address 0x0040353c
                0x204008b0                . = ALIGN (0x8)
                0x204008b0                _sstack = .
                0x20400cb0                . = (. + STACK_SIZE)
 *fill*         0x204008b0      0x400 
                0x20400cb0                . = ALIGN (0x8)
                0x20400cb0                _estack = .
                0x20400cb0                . = ALIGN (0x4)
                0x20400cb0                _end = .
                0x2045ffff                _ram_end_ = ((ORIGIN (ram) + LENGTH (ram)) - 0x1)
OUTPUT(vcu_timer.elf elf32-littlearm)

.ARM.attributes
                0x00000000       0x2e
 .ARM.attributes
                0x00000000       0x1e c:/program files (x86)/atmel/studio/7.0/toolchain/arm/arm-gnu-toolchain/bin/../lib/gcc/arm-none-eabi/6.3.1/thumb/v7e-m/crti.o
 .ARM.attributes
                0x0000001e       0x2e c:/program files (x86)/atmel/studio/7.0/toolchain/arm/arm-gnu-toolchain/bin/../lib/gcc/arm-none-eabi/6.3.1/thumb/v7e-m/crtbegin.o
 .ARM.attributes
                0x0000004c       0x37 atmel_start.o
 .ARM.attributes
                0x00000083       0x37 Device_Startup/startup_same70q21b.o
 .ARM.attributes
                0x000000ba       0x37 driver_init.o
 .ARM.attributes
                0x000000f1       0x37 hal/src/hal_adc_async.o
 .ARM.attributes
                0x00000128       0x37 hal/src/hal_atomic.o
 .ARM.attributes
                0x0000015f       0x37 hal/src/hal_can_async.o
 .ARM.attributes
                0x00000196       0x37 hal/src/hal_delay.o
 .ARM.attributes
                0x000001cd       0x37 hal/src/hal_flash.o
 .ARM.attributes
                0x00000204       0x37 hal/src/hal_io.o
 .ARM.attributes
                0x0000023b       0x37 hal/src/hal_timer.o
 .ARM.attributes
                0x00000272       0x37 hal/src/hal_usart_async.o
 .ARM.attributes
                0x000002a9       0x37 hal/src/hal_usart_sync.o
 .ARM.attributes
                0x000002e0       0x37 hal/utils/src/utils_list.o
 .ARM.attributes
                0x00000317       0x37 hal/utils/src/utils_ringbuffer.o
 .ARM.attributes
                0x0000034e       0x37 hal/utils/src/utils_syscalls.o
 .ARM.attributes
                0x00000385       0x37 hpl/afec/hpl_afec.o
 .ARM.attributes
                0x000003bc       0x37 hpl/core/hpl_core_m7_base.o
 .ARM.attributes
                0x000003f3       0x37 hpl/core/hpl_init.o
 .ARM.attributes
                0x0000042a       0x37 hpl/efc/hpl_efc.o
 .ARM.attributes
                0x00000461       0x37 hpl/mcan/hpl_mcan.o
 .ARM.attributes
                0x00000498       0x37 hpl/pmc/hpl_pmc.o
 .ARM.attributes
                0x000004cf       0x37 hpl/tc/hpl_tc.o
 .ARM.attributes
                0x00000506       0x37 hpl/uart/hpl_uart.o
 .ARM.attributes
                0x0000053d       0x37 main.o
 .ARM.attributes
                0x00000574       0x37 stdio_redirect/gcc/read.o
 .ARM.attributes
                0x000005ab       0x37 stdio_redirect/gcc/write.o
 .ARM.attributes
                0x000005e2       0x37 stdio_redirect/stdio_io.o
 .ARM.attributes
                0x00000619       0x37 stdio_start.o
 .ARM.attributes
                0x00000650       0x2e c:/program files (x86)/atmel/studio/7.0/toolchain/arm/arm-gnu-toolchain/bin/../lib/gcc/arm-none-eabi/6.3.1/../../../../arm-none-eabi/lib/thumb/v7e-m\libc_nano.a(lib_a-impure.o)
 .ARM.attributes
                0x0000067e       0x2e c:/program files (x86)/atmel/studio/7.0/toolchain/arm/arm-gnu-toolchain/bin/../lib/gcc/arm-none-eabi/6.3.1/../../../../arm-none-eabi/lib/thumb/v7e-m\libc_nano.a(lib_a-init.o)
 .ARM.attributes
                0x000006ac       0x2e c:/program files (x86)/atmel/studio/7.0/toolchain/arm/arm-gnu-toolchain/bin/../lib/gcc/arm-none-eabi/6.3.1/../../../../arm-none-eabi/lib/thumb/v7e-m\libc_nano.a(lib_a-memcpy-stub.o)
 .ARM.attributes
                0x000006da       0x2e c:/program files (x86)/atmel/studio/7.0/toolchain/arm/arm-gnu-toolchain/bin/../lib/gcc/arm-none-eabi/6.3.1/../../../../arm-none-eabi/lib/thumb/v7e-m\libc_nano.a(lib_a-memset.o)
 .ARM.attributes
                0x00000708       0x2e c:/program files (x86)/atmel/studio/7.0/toolchain/arm/arm-gnu-toolchain/bin/../lib/gcc/arm-none-eabi/6.3.1/../../../../arm-none-eabi/lib/thumb/v7e-m\libc_nano.a(lib_a-printf.o)
 .ARM.attributes
                0x00000736       0x2e c:/program files (x86)/atmel/studio/7.0/toolchain/arm/arm-gnu-toolchain/bin/../lib/gcc/arm-none-eabi/6.3.1/../../../../arm-none-eabi/lib/thumb/v7e-m\libc_nano.a(lib_a-setbuf.o)
 .ARM.attributes
                0x00000764       0x2e c:/program files (x86)/atmel/studio/7.0/toolchain/arm/arm-gnu-toolchain/bin/../lib/gcc/arm-none-eabi/6.3.1/../../../../arm-none-eabi/lib/thumb/v7e-m\libc_nano.a(lib_a-setvbuf.o)
 .ARM.attributes
                0x00000792       0x2e c:/program files (x86)/atmel/studio/7.0/toolchain/arm/arm-gnu-toolchain/bin/../lib/gcc/arm-none-eabi/6.3.1/../../../../arm-none-eabi/lib/thumb/v7e-m\libc_nano.a(lib_a-wbuf.o)
 .ARM.attributes
                0x000007c0       0x2e c:/program files (x86)/atmel/studio/7.0/toolchain/arm/arm-gnu-toolchain/bin/../lib/gcc/arm-none-eabi/6.3.1/../../../../arm-none-eabi/lib/thumb/v7e-m\libc_nano.a(lib_a-wsetup.o)
 .ARM.attributes
                0x000007ee       0x2e c:/program files (x86)/atmel/studio/7.0/toolchain/arm/arm-gnu-toolchain/bin/../lib/gcc/arm-none-eabi/6.3.1/../../../../arm-none-eabi/lib/thumb/v7e-m\libc_nano.a(lib_a-fflush.o)
 .ARM.attributes
                0x0000081c       0x2e c:/program files (x86)/atmel/studio/7.0/toolchain/arm/arm-gnu-toolchain/bin/../lib/gcc/arm-none-eabi/6.3.1/../../../../arm-none-eabi/lib/thumb/v7e-m\libc_nano.a(lib_a-findfp.o)
 .ARM.attributes
                0x0000084a       0x2e c:/program files (x86)/atmel/studio/7.0/toolchain/arm/arm-gnu-toolchain/bin/../lib/gcc/arm-none-eabi/6.3.1/../../../../arm-none-eabi/lib/thumb/v7e-m\libc_nano.a(lib_a-fwalk.o)
 .ARM.attributes
                0x00000878       0x2e c:/program files (x86)/atmel/studio/7.0/toolchain/arm/arm-gnu-toolchain/bin/../lib/gcc/arm-none-eabi/6.3.1/../../../../arm-none-eabi/lib/thumb/v7e-m\libc_nano.a(lib_a-makebuf.o)
 .ARM.attributes
                0x000008a6       0x2e c:/program files (x86)/atmel/studio/7.0/toolchain/arm/arm-gnu-toolchain/bin/../lib/gcc/arm-none-eabi/6.3.1/../../../../arm-none-eabi/lib/thumb/v7e-m\libc_nano.a(lib_a-malloc.o)
 .ARM.attributes
                0x000008d4       0x2e c:/program files (x86)/atmel/studio/7.0/toolchain/arm/arm-gnu-toolchain/bin/../lib/gcc/arm-none-eabi/6.3.1/../../../../arm-none-eabi/lib/thumb/v7e-m\libc_nano.a(lib_a-nano-freer.o)
 .ARM.attributes
                0x00000902       0x2e c:/program files (x86)/atmel/studio/7.0/toolchain/arm/arm-gnu-toolchain/bin/../lib/gcc/arm-none-eabi/6.3.1/../../../../arm-none-eabi/lib/thumb/v7e-m\libc_nano.a(lib_a-nano-mallocr.o)
 .ARM.attributes
                0x00000930       0x2e c:/program files (x86)/atmel/studio/7.0/toolchain/arm/arm-gnu-toolchain/bin/../lib/gcc/arm-none-eabi/6.3.1/../../../../arm-none-eabi/lib/thumb/v7e-m\libc_nano.a(lib_a-nano-vfprintf.o)
 .ARM.attributes
                0x0000095e       0x2e c:/program files (x86)/atmel/studio/7.0/toolchain/arm/arm-gnu-toolchain/bin/../lib/gcc/arm-none-eabi/6.3.1/../../../../arm-none-eabi/lib/thumb/v7e-m\libc_nano.a(lib_a-nano-vfprintf_i.o)
 .ARM.attributes
                0x0000098c       0x2e c:/program files (x86)/atmel/studio/7.0/toolchain/arm/arm-gnu-toolchain/bin/../lib/gcc/arm-none-eabi/6.3.1/../../../../arm-none-eabi/lib/thumb/v7e-m\libc_nano.a(lib_a-sbrkr.o)
 .ARM.attributes
                0x000009ba       0x2e c:/program files (x86)/atmel/studio/7.0/toolchain/arm/arm-gnu-toolchain/bin/../lib/gcc/arm-none-eabi/6.3.1/../../../../arm-none-eabi/lib/thumb/v7e-m\libc_nano.a(lib_a-stdio.o)
 .ARM.attributes
                0x000009e8       0x2e c:/program files (x86)/atmel/studio/7.0/toolchain/arm/arm-gnu-toolchain/bin/../lib/gcc/arm-none-eabi/6.3.1/../../../../arm-none-eabi/lib/thumb/v7e-m\libc_nano.a(lib_a-writer.o)
 .ARM.attributes
                0x00000a16       0x2e c:/program files (x86)/atmel/studio/7.0/toolchain/arm/arm-gnu-toolchain/bin/../lib/gcc/arm-none-eabi/6.3.1/../../../../arm-none-eabi/lib/thumb/v7e-m\libc_nano.a(lib_a-closer.o)
 .ARM.attributes
                0x00000a44       0x2e c:/program files (x86)/atmel/studio/7.0/toolchain/arm/arm-gnu-toolchain/bin/../lib/gcc/arm-none-eabi/6.3.1/../../../../arm-none-eabi/lib/thumb/v7e-m\libc_nano.a(lib_a-fstatr.o)
 .ARM.attributes
                0x00000a72       0x2e c:/program files (x86)/atmel/studio/7.0/toolchain/arm/arm-gnu-toolchain/bin/../lib/gcc/arm-none-eabi/6.3.1/../../../../arm-none-eabi/lib/thumb/v7e-m\libc_nano.a(lib_a-isattyr.o)
 .ARM.attributes
                0x00000aa0       0x2e c:/program files (x86)/atmel/studio/7.0/toolchain/arm/arm-gnu-toolchain/bin/../lib/gcc/arm-none-eabi/6.3.1/../../../../arm-none-eabi/lib/thumb/v7e-m\libc_nano.a(lib_a-lseekr.o)
 .ARM.attributes
                0x00000ace       0x1c c:/program files (x86)/atmel/studio/7.0/toolchain/arm/arm-gnu-toolchain/bin/../lib/gcc/arm-none-eabi/6.3.1/../../../../arm-none-eabi/lib/thumb/v7e-m\libc_nano.a(lib_a-memchr.o)
 .ARM.attributes
                0x00000aea       0x2e c:/program files (x86)/atmel/studio/7.0/toolchain/arm/arm-gnu-toolchain/bin/../lib/gcc/arm-none-eabi/6.3.1/../../../../arm-none-eabi/lib/thumb/v7e-m\libc_nano.a(lib_a-mlock.o)
 .ARM.attributes
                0x00000b18       0x2e c:/program files (x86)/atmel/studio/7.0/toolchain/arm/arm-gnu-toolchain/bin/../lib/gcc/arm-none-eabi/6.3.1/../../../../arm-none-eabi/lib/thumb/v7e-m\libc_nano.a(lib_a-readr.o)
 .ARM.attributes
                0x00000b46       0x2e c:/program files (x86)/atmel/studio/7.0/toolchain/arm/arm-gnu-toolchain/bin/../lib/gcc/arm-none-eabi/6.3.1/../../../../arm-none-eabi/lib/thumb/v7e-m\libc_nano.a(lib_a-reent.o)
 .ARM.attributes
                0x00000b74       0x1e c:/program files (x86)/atmel/studio/7.0/toolchain/arm/arm-gnu-toolchain/bin/../lib/gcc/arm-none-eabi/6.3.1/thumb/v7e-m/crtn.o

.comment        0x00000000       0x59
 .comment       0x00000000       0x59 atmel_start.o
                                 0x5a (size before relaxing)
 .comment       0x00000059       0x5a Device_Startup/startup_same70q21b.o
 .comment       0x00000059       0x5a driver_init.o
 .comment       0x00000059       0x5a hal/src/hal_adc_async.o
 .comment       0x00000059       0x5a hal/src/hal_atomic.o
 .comment       0x00000059       0x5a hal/src/hal_can_async.o
 .comment       0x00000059       0x5a hal/src/hal_delay.o
 .comment       0x00000059       0x5a hal/src/hal_flash.o
 .comment       0x00000059       0x5a hal/src/hal_io.o
 .comment       0x00000059       0x5a hal/src/hal_timer.o
 .comment       0x00000059       0x5a hal/src/hal_usart_async.o
 .comment       0x00000059       0x5a hal/src/hal_usart_sync.o
 .comment       0x00000059       0x5a hal/utils/src/utils_list.o
 .comment       0x00000059       0x5a hal/utils/src/utils_ringbuffer.o
 .comment       0x00000059       0x5a hal/utils/src/utils_syscalls.o
 .comment       0x00000059       0x5a hpl/afec/hpl_afec.o
 .comment       0x00000059       0x5a hpl/core/hpl_core_m7_base.o
 .comment       0x00000059       0x5a hpl/core/hpl_init.o
 .comment       0x00000059       0x5a hpl/efc/hpl_efc.o
 .comment       0x00000059       0x5a hpl/mcan/hpl_mcan.o
 .comment       0x00000059       0x5a hpl/pmc/hpl_pmc.o
 .comment       0x00000059       0x5a hpl/tc/hpl_tc.o
 .comment       0x00000059       0x5a hpl/uart/hpl_uart.o
 .comment       0x00000059       0x5a main.o
 .comment       0x00000059       0x5a stdio_redirect/gcc/read.o
 .comment       0x00000059       0x5a stdio_redirect/gcc/write.o
 .comment       0x00000059       0x5a stdio_redirect/stdio_io.o
 .comment       0x00000059       0x5a stdio_start.o

.debug_frame    0x00000000      0x7c4
 .debug_frame   0x00000000       0x2c c:/program files (x86)/atmel/studio/7.0/toolchain/arm/arm-gnu-toolchain/bin/../lib/gcc/arm-none-eabi/6.3.1/../../../../arm-none-eabi/lib/thumb/v7e-m\libc_nano.a(lib_a-init.o)
 .debug_frame   0x0000002c       0x28 c:/program files (x86)/atmel/studio/7.0/toolchain/arm/arm-gnu-toolchain/bin/../lib/gcc/arm-none-eabi/6.3.1/../../../../arm-none-eabi/lib/thumb/v7e-m\libc_nano.a(lib_a-memcpy-stub.o)
 .debug_frame   0x00000054       0x20 c:/program files (x86)/atmel/studio/7.0/toolchain/arm/arm-gnu-toolchain/bin/../lib/gcc/arm-none-eabi/6.3.1/../../../../arm-none-eabi/lib/thumb/v7e-m\libc_nano.a(lib_a-memset.o)
 .debug_frame   0x00000074       0x74 c:/program files (x86)/atmel/studio/7.0/toolchain/arm/arm-gnu-toolchain/bin/../lib/gcc/arm-none-eabi/6.3.1/../../../../arm-none-eabi/lib/thumb/v7e-m\libc_nano.a(lib_a-printf.o)
 .debug_frame   0x000000e8       0x20 c:/program files (x86)/atmel/studio/7.0/toolchain/arm/arm-gnu-toolchain/bin/../lib/gcc/arm-none-eabi/6.3.1/../../../../arm-none-eabi/lib/thumb/v7e-m\libc_nano.a(lib_a-setbuf.o)
 .debug_frame   0x00000108       0x38 c:/program files (x86)/atmel/studio/7.0/toolchain/arm/arm-gnu-toolchain/bin/../lib/gcc/arm-none-eabi/6.3.1/../../../../arm-none-eabi/lib/thumb/v7e-m\libc_nano.a(lib_a-setvbuf.o)
 .debug_frame   0x00000140       0x40 c:/program files (x86)/atmel/studio/7.0/toolchain/arm/arm-gnu-toolchain/bin/../lib/gcc/arm-none-eabi/6.3.1/../../../../arm-none-eabi/lib/thumb/v7e-m\libc_nano.a(lib_a-wbuf.o)
 .debug_frame   0x00000180       0x2c c:/program files (x86)/atmel/studio/7.0/toolchain/arm/arm-gnu-toolchain/bin/../lib/gcc/arm-none-eabi/6.3.1/../../../../arm-none-eabi/lib/thumb/v7e-m\libc_nano.a(lib_a-wsetup.o)
 .debug_frame   0x000001ac       0x68 c:/program files (x86)/atmel/studio/7.0/toolchain/arm/arm-gnu-toolchain/bin/../lib/gcc/arm-none-eabi/6.3.1/../../../../arm-none-eabi/lib/thumb/v7e-m\libc_nano.a(lib_a-fflush.o)
 .debug_frame   0x00000214      0x11c c:/program files (x86)/atmel/studio/7.0/toolchain/arm/arm-gnu-toolchain/bin/../lib/gcc/arm-none-eabi/6.3.1/../../../../arm-none-eabi/lib/thumb/v7e-m\libc_nano.a(lib_a-findfp.o)
 .debug_frame   0x00000330       0x54 c:/program files (x86)/atmel/studio/7.0/toolchain/arm/arm-gnu-toolchain/bin/../lib/gcc/arm-none-eabi/6.3.1/../../../../arm-none-eabi/lib/thumb/v7e-m\libc_nano.a(lib_a-fwalk.o)
 .debug_frame   0x00000384       0x58 c:/program files (x86)/atmel/studio/7.0/toolchain/arm/arm-gnu-toolchain/bin/../lib/gcc/arm-none-eabi/6.3.1/../../../../arm-none-eabi/lib/thumb/v7e-m\libc_nano.a(lib_a-makebuf.o)
 .debug_frame   0x000003dc       0x30 c:/program files (x86)/atmel/studio/7.0/toolchain/arm/arm-gnu-toolchain/bin/../lib/gcc/arm-none-eabi/6.3.1/../../../../arm-none-eabi/lib/thumb/v7e-m\libc_nano.a(lib_a-malloc.o)
 .debug_frame   0x0000040c       0x38 c:/program files (x86)/atmel/studio/7.0/toolchain/arm/arm-gnu-toolchain/bin/../lib/gcc/arm-none-eabi/6.3.1/../../../../arm-none-eabi/lib/thumb/v7e-m\libc_nano.a(lib_a-nano-freer.o)
 .debug_frame   0x00000444       0x2c c:/program files (x86)/atmel/studio/7.0/toolchain/arm/arm-gnu-toolchain/bin/../lib/gcc/arm-none-eabi/6.3.1/../../../../arm-none-eabi/lib/thumb/v7e-m\libc_nano.a(lib_a-nano-mallocr.o)
 .debug_frame   0x00000470       0xac c:/program files (x86)/atmel/studio/7.0/toolchain/arm/arm-gnu-toolchain/bin/../lib/gcc/arm-none-eabi/6.3.1/../../../../arm-none-eabi/lib/thumb/v7e-m\libc_nano.a(lib_a-nano-vfprintf.o)
 .debug_frame   0x0000051c       0x60 c:/program files (x86)/atmel/studio/7.0/toolchain/arm/arm-gnu-toolchain/bin/../lib/gcc/arm-none-eabi/6.3.1/../../../../arm-none-eabi/lib/thumb/v7e-m\libc_nano.a(lib_a-nano-vfprintf_i.o)
 .debug_frame   0x0000057c       0x2c c:/program files (x86)/atmel/studio/7.0/toolchain/arm/arm-gnu-toolchain/bin/../lib/gcc/arm-none-eabi/6.3.1/../../../../arm-none-eabi/lib/thumb/v7e-m\libc_nano.a(lib_a-sbrkr.o)
 .debug_frame   0x000005a8       0x88 c:/program files (x86)/atmel/studio/7.0/toolchain/arm/arm-gnu-toolchain/bin/../lib/gcc/arm-none-eabi/6.3.1/../../../../arm-none-eabi/lib/thumb/v7e-m\libc_nano.a(lib_a-stdio.o)
 .debug_frame   0x00000630       0x2c c:/program files (x86)/atmel/studio/7.0/toolchain/arm/arm-gnu-toolchain/bin/../lib/gcc/arm-none-eabi/6.3.1/../../../../arm-none-eabi/lib/thumb/v7e-m\libc_nano.a(lib_a-writer.o)
 .debug_frame   0x0000065c       0x2c c:/program files (x86)/atmel/studio/7.0/toolchain/arm/arm-gnu-toolchain/bin/../lib/gcc/arm-none-eabi/6.3.1/../../../../arm-none-eabi/lib/thumb/v7e-m\libc_nano.a(lib_a-closer.o)
 .debug_frame   0x00000688       0x2c c:/program files (x86)/atmel/studio/7.0/toolchain/arm/arm-gnu-toolchain/bin/../lib/gcc/arm-none-eabi/6.3.1/../../../../arm-none-eabi/lib/thumb/v7e-m\libc_nano.a(lib_a-fstatr.o)
 .debug_frame   0x000006b4       0x2c c:/program files (x86)/atmel/studio/7.0/toolchain/arm/arm-gnu-toolchain/bin/../lib/gcc/arm-none-eabi/6.3.1/../../../../arm-none-eabi/lib/thumb/v7e-m\libc_nano.a(lib_a-isattyr.o)
 .debug_frame   0x000006e0       0x2c c:/program files (x86)/atmel/studio/7.0/toolchain/arm/arm-gnu-toolchain/bin/../lib/gcc/arm-none-eabi/6.3.1/../../../../arm-none-eabi/lib/thumb/v7e-m\libc_nano.a(lib_a-lseekr.o)
 .debug_frame   0x0000070c       0x30 c:/program files (x86)/atmel/studio/7.0/toolchain/arm/arm-gnu-toolchain/bin/../lib/gcc/arm-none-eabi/6.3.1/../../../../arm-none-eabi/lib/thumb/v7e-m\libc_nano.a(lib_a-mlock.o)
 .debug_frame   0x0000073c       0x2c c:/program files (x86)/atmel/studio/7.0/toolchain/arm/arm-gnu-toolchain/bin/../lib/gcc/arm-none-eabi/6.3.1/../../../../arm-none-eabi/lib/thumb/v7e-m\libc_nano.a(lib_a-readr.o)
 .debug_frame   0x00000768       0x5c c:/program files (x86)/atmel/studio/7.0/toolchain/arm/arm-gnu-toolchain/bin/../lib/gcc/arm-none-eabi/6.3.1/../../../../arm-none-eabi/lib/thumb/v7e-m\libc_nano.a(lib_a-reent.o)
