Archive member included to satisfy reference by file (symbol)

c:/program files (x86)/atmel/studio/7.0/toolchain/arm/arm-gnu-toolchain/bin/../lib/gcc/arm-none-eabi/6.3.1/../../../../arm-none-eabi/lib/thumb/v7e-m\libc_nano.a(lib_a-exit.o)
                              c:/program files (x86)/atmel/studio/7.0/toolchain/arm/arm-gnu-toolchain/bin/../lib/gcc/arm-none-eabi/6.3.1/../../../../arm-none-eabi/lib/thumb/v7e-m/crt0.o (exit)
c:/program files (x86)/atmel/studio/7.0/toolchain/arm/arm-gnu-toolchain/bin/../lib/gcc/arm-none-eabi/6.3.1/../../../../arm-none-eabi/lib/thumb/v7e-m\libc_nano.a(lib_a-impure.o)
                              c:/program files (x86)/atmel/studio/7.0/toolchain/arm/arm-gnu-toolchain/bin/../lib/gcc/arm-none-eabi/6.3.1/../../../../arm-none-eabi/lib/thumb/v7e-m\libc_nano.a(lib_a-exit.o) (_global_impure_ptr)
c:/program files (x86)/atmel/studio/7.0/toolchain/arm/arm-gnu-toolchain/bin/../lib/gcc/arm-none-eabi/6.3.1/../../../../arm-none-eabi/lib/thumb/v7e-m\libc_nano.a(lib_a-init.o)
                              c:/program files (x86)/atmel/studio/7.0/toolchain/arm/arm-gnu-toolchain/bin/../lib/gcc/arm-none-eabi/6.3.1/../../../../arm-none-eabi/lib/thumb/v7e-m/crt0.o (__libc_init_array)
c:/program files (x86)/atmel/studio/7.0/toolchain/arm/arm-gnu-toolchain/bin/../lib/gcc/arm-none-eabi/6.3.1/../../../../arm-none-eabi/lib/thumb/v7e-m\libc_nano.a(lib_a-memcpy-stub.o)
                              hpl/efc/hpl_efc.o (memcpy)
c:/program files (x86)/atmel/studio/7.0/toolchain/arm/arm-gnu-toolchain/bin/../lib/gcc/arm-none-eabi/6.3.1/../../../../arm-none-eabi/lib/thumb/v7e-m\libc_nano.a(lib_a-memset.o)
                              c:/program files (x86)/atmel/studio/7.0/toolchain/arm/arm-gnu-toolchain/bin/../lib/gcc/arm-none-eabi/6.3.1/../../../../arm-none-eabi/lib/thumb/v7e-m/crt0.o (memset)
c:/program files (x86)/atmel/studio/7.0/toolchain/arm/arm-gnu-toolchain/bin/../lib/gcc/arm-none-eabi/6.3.1/../../../../arm-none-eabi/lib/thumb/v7e-m\libc_nano.a(lib_a-printf.o)
                              hal/utils/src/utils_syscalls.o (printf)
c:/program files (x86)/atmel/studio/7.0/toolchain/arm/arm-gnu-toolchain/bin/../lib/gcc/arm-none-eabi/6.3.1/../../../../arm-none-eabi/lib/thumb/v7e-m\libc_nano.a(lib_a-strtod.o)
                              main.o (strtof)
c:/program files (x86)/atmel/studio/7.0/toolchain/arm/arm-gnu-toolchain/bin/../lib/gcc/arm-none-eabi/6.3.1/../../../../arm-none-eabi/lib/thumb/v7e-m\libc_nano.a(lib_a-strtol.o)
                              main.o (strtol)
c:/program files (x86)/atmel/studio/7.0/toolchain/arm/arm-gnu-toolchain/bin/../lib/gcc/arm-none-eabi/6.3.1/../../../../arm-none-eabi/lib/thumb/v7e-m\libc_nano.a(lib_a-findfp.o)
                              c:/program files (x86)/atmel/studio/7.0/toolchain/arm/arm-gnu-toolchain/bin/../lib/gcc/arm-none-eabi/6.3.1/../../../../arm-none-eabi/lib/thumb/v7e-m\libc_nano.a(lib_a-printf.o) (__sinit)
c:/program files (x86)/atmel/studio/7.0/toolchain/arm/arm-gnu-toolchain/bin/../lib/gcc/arm-none-eabi/6.3.1/../../../../arm-none-eabi/lib/thumb/v7e-m\libc_nano.a(lib_a-fwalk.o)
                              c:/program files (x86)/atmel/studio/7.0/toolchain/arm/arm-gnu-toolchain/bin/../lib/gcc/arm-none-eabi/6.3.1/../../../../arm-none-eabi/lib/thumb/v7e-m\libc_nano.a(lib_a-findfp.o) (_fwalk)
c:/program files (x86)/atmel/studio/7.0/toolchain/arm/arm-gnu-toolchain/bin/../lib/gcc/arm-none-eabi/6.3.1/../../../../arm-none-eabi/lib/thumb/v7e-m\libc_nano.a(lib_a-gdtoa-gethex.o)
                              c:/program files (x86)/atmel/studio/7.0/toolchain/arm/arm-gnu-toolchain/bin/../lib/gcc/arm-none-eabi/6.3.1/../../../../arm-none-eabi/lib/thumb/v7e-m\libc_nano.a(lib_a-strtod.o) (__gethex)
c:/program files (x86)/atmel/studio/7.0/toolchain/arm/arm-gnu-toolchain/bin/../lib/gcc/arm-none-eabi/6.3.1/../../../../arm-none-eabi/lib/thumb/v7e-m\libc_nano.a(lib_a-gdtoa-hexnan.o)
                              c:/program files (x86)/atmel/studio/7.0/toolchain/arm/arm-gnu-toolchain/bin/../lib/gcc/arm-none-eabi/6.3.1/../../../../arm-none-eabi/lib/thumb/v7e-m\libc_nano.a(lib_a-strtod.o) (__match)
c:/program files (x86)/atmel/studio/7.0/toolchain/arm/arm-gnu-toolchain/bin/../lib/gcc/arm-none-eabi/6.3.1/../../../../arm-none-eabi/lib/thumb/v7e-m\libc_nano.a(lib_a-locale.o)
                              c:/program files (x86)/atmel/studio/7.0/toolchain/arm/arm-gnu-toolchain/bin/../lib/gcc/arm-none-eabi/6.3.1/../../../../arm-none-eabi/lib/thumb/v7e-m\libc_nano.a(lib_a-strtol.o) (__locale_ctype_ptr_l)
c:/program files (x86)/atmel/studio/7.0/toolchain/arm/arm-gnu-toolchain/bin/../lib/gcc/arm-none-eabi/6.3.1/../../../../arm-none-eabi/lib/thumb/v7e-m\libc_nano.a(lib_a-localeconv.o)
                              c:/program files (x86)/atmel/studio/7.0/toolchain/arm/arm-gnu-toolchain/bin/../lib/gcc/arm-none-eabi/6.3.1/../../../../arm-none-eabi/lib/thumb/v7e-m\libc_nano.a(lib_a-strtod.o) (__localeconv_l)
[...]
Memory Configuration

Name             Origin             Length             Attributes
rom              0x00400000         0x00200000         xr
ram              0x20400000         0x00060000         xrw
*default*        0x00000000         0xffffffff

Linker script and memory map

LOAD c:/program files (x86)/atmel/studio/7.0/toolchain/arm/arm-gnu-toolchain/bin/../lib/gcc/arm-none-eabi/6.3.1/thumb/v7e-m/crti.o
LOAD c:/program files (x86)/atmel/studio/7.0/toolchain/arm/arm-gnu-toolchain/bin/../lib/gcc/arm-none-eabi/6.3.1/thumb/v7e-m/crtbegin.o
LOAD c:/program files (x86)/atmel/studio/7.0/toolchain/arm/arm-gnu-toolchain/bin/../lib/gcc/arm-none-eabi/6.3.1/../../../../arm-none-eabi/lib/thumb/v7e-m/crt0.o
LOAD atmel_start.o
LOAD Device_Startup/startup_same70q21b.o
LOAD Device_Startup/system_same70q21b.o
LOAD driver_init.o
LOAD examples/driver_examples.o
LOAD hal/src/hal_adc_async.o
LOAD hal/src/hal_atomic.o
LOAD hal/src/hal_can_async.o
LOAD hal/src/hal_delay.o
LOAD hal/src/hal_flash.o
LOAD hal/src/hal_gpio.o
LOAD hal/src/hal_init.o
LOAD hal/src/hal_io.o
LOAD hal/src/hal_sleep.o
LOAD hal/src/hal_timer.o
LOAD hal/src/hal_usart_async.o
LOAD hal/utils/src/utils_assert.o
LOAD hal/utils/src/utils_event.o
LOAD hal/utils/src/utils_list.o
LOAD hal/utils/src/utils_ringbuffer.o
LOAD hal/utils/src/utils_syscalls.o
LOAD hpl/afec/hpl_afec.o
LOAD hpl/core/hpl_core_m7_base.o
LOAD hpl/core/hpl_init.o
LOAD hpl/efc/hpl_efc.o
LOAD hpl/mcan/hpl_mcan.o
LOAD hpl/pmc/hpl_pmc.o
LOAD hpl/pmc/hpl_sleep.o
LOAD hpl/tc/hpl_tc.o
LOAD hpl/uart/hpl_uart.o
LOAD hpl/xdmac/hpl_xdmac.o
LOAD main.o
START GROUP
LOAD c:/program files (x86)/atmel/studio/7.0/toolchain/arm/arm-gnu-toolchain/bin/../lib/gcc/arm-none-eabi/6.3.1/../../../../arm-none-eabi/lib/thumb/v7e-m\libm.a
END GROUP
START GROUP
LOAD c:/program files (x86)/atmel/studio/7.0/toolchain/arm/arm-gnu-toolchain/bin/../lib/gcc/arm-none-eabi/6.3.1/thumb/v7e-m\libgcc.a
LOAD c:/program files (x86)/atmel/studio/7.0/toolchain/arm/arm-gnu-toolchain/bin/../lib/gcc/arm-none-eabi/6.3.1/../../../../arm-none-eabi/lib/thumb/v7e-m\libc_nano.a
END GROUP
START GROUP
LOAD c:/program files (x86)/atmel/studio/7.0/toolchain/arm/arm-gnu-toolchain/bin/../lib/gcc/arm-none-eabi/6.3.1/thumb/v7e-m\libgcc.a
LOAD c:/program files (x86)/atmel/studio/7.0/toolchain/arm/arm-gnu-toolchain/bin/../lib/gcc/arm-none-eabi/6.3.1/../../../../arm-none-eabi/lib/thumb/v7e-m\libc_nano.a
END GROUP
LOAD c:/program files (x86)/atmel/studio/7.0/toolchain/arm/arm-gnu-toolchain/bin/../lib/gcc/arm-none-eabi/6.3.1/thumb/v7e-m/crtend.o
LOAD c:/program files (x86)/atmel/studio/7.0/toolchain/arm/arm-gnu-toolchain/bin/../lib/gcc/arm-none-eabi/6.3.1/thumb/v7e-m/crtn.o
                0x00000400                STACK_SIZE = DEFINED (STACK_SIZE)?STACK_SIZE:DEFINED (__stack_size__)?__stack_size__:0x400
                0x00000200                HEAP_SIZE = DEFINED (HEAP_SIZE)?HEAP_SIZE:DEFINED (__heap_size__)?__heap_size__:0x200

.text           0x00400000     0x41a8
                0x00400000                . = ALIGN (0x4)
                0x00400000                _sfixed = .
 *(.vectors .vectors.*)
 .vectors       0x00400000      0x168 Device_Startup/startup_same70q21b.o
                0x00400000                exception_table
 *(.text .text.* .gnu.linkonce.t.*)
 .text          0x00400168       0x6c c:/program files (x86)/atmel/studio/7.0/toolchain/arm/arm-gnu-toolchain/bin/../lib/gcc/arm-none-eabi/6.3.1/thumb/v7e-m/crtbegin.o
 .text.atmel_start_init
                0x004001d4        0x8 atmel_start.o
                0x004001d4                atmel_start_init
 .text.Dummy_Handler
                0x004001dc        0x2 Device_Startup/startup_same70q21b.o
                0x004001dc                DACC_Handler
                0x004001dc                SVCall_Handler
                0x004001dc                UART3_Handler
                0x004001dc                TRNG_Handler
                0x004001dc                HardFault_Handler
                0x004001dc                TC2_Handler
                0x004001dc                SysTick_Handler
                0x004001dc                PendSV_Handler
                0x004001dc                TC7_Handler
                0x004001dc                QSPI_Handler
                0x004001dc                NonMaskableInt_Handler
                0x004001dc                ISI_Handler
                0x004001dc                TC9_Handler
                0x004001dc                RSWDT_Handler
                0x004001dc                USART0_Handler
                0x004001dc                RTT_Handler
                0x004001dc                USBHS_Handler
                0x004001dc                IXC_Handler
                0x004001dc                CCF_Handler
                0x004001dc                PIOB_Handler
                0x004001dc                RTC_Handler
                0x004001dc                UsageFault_Handler
                0x004001dc                TC6_Handler
                0x004001dc                WDT_Handler
                0x004001dc                MCAN1_INT1_Handler
                0x004001dc                TC4_Handler
                0x004001dc                TC1_Handler
                0x004001dc                HSMCI_Handler
                0x004001dc                TC3_Handler
                0x004001dc                Dummy_Handler
                0x004001dc                TWIHS1_Handler
                0x004001dc                XDMAC_Handler
                0x004001dc                UART4_Handler
                0x004001dc                PWM1_Handler
                0x004001dc                USART1_Handler
                0x004001dc                PWM0_Handler
                0x004001dc                PIOA_Handler
                0x004001dc                CCW_Handler
                0x004001dc                SSC_Handler
                0x004001dc                TC11_Handler
                0x004001dc                ACC_Handler
                0x004001dc                PMC_Handler
                0x004001dc                GMAC_Handler
                0x004001dc                MCAN0_INT1_Handler
                0x004001dc                GMAC_Q5_Handler
                0x004001dc                SUPC_Handler
                0x004001dc                TC8_Handler
                0x004001dc                MCAN1_INT0_Handler
                0x004001dc                GMAC_Q1_Handler
                0x004001dc                USART2_Handler
                0x004001dc                SDRAMC_Handler
                0x004001dc                GMAC_Q2_Handler
                0x004001dc                PIOE_Handler
                0x004001dc                SPI1_Handler
                0x004001dc                TC10_Handler
                0x004001dc                GMAC_Q3_Handler
                0x004001dc                PIOD_Handler
                0x004001dc                TWIHS2_Handler
                0x004001dc                I2SC0_Handler
                0x004001dc                UART0_Handler
                0x004001dc                I2SC1_Handler
                0x004001dc                PIOC_Handler
                0x004001dc                GMAC_Q4_Handler
                0x004001dc                FPU_Handler
                0x004001dc                BusFault_Handler
                0x004001dc                RSTC_Handler
                0x004001dc                MemoryManagement_Handler
                0x004001dc                DebugMonitor_Handler
                0x004001dc                TC5_Handler
                0x004001dc                ICM_Handler
                0x004001dc                AES_Handler
                0x004001dc                TWIHS0_Handler
                0x004001dc                SPI0_Handler
 *fill*         0x004001de        0x2 
 .text.Reset_Handler
                0x004001e0       0x64 Device_Startup/startup_same70q21b.o
                0x004001e0                Reset_Handler
 .text._gpio_set_pin_function
                0x00400244       0x80 driver_init.o
 .text.FLASH_0_init
                0x004002c4       0x14 driver_init.o
                0x004002c4                FLASH_0_init
 .text.UART_MC_1_CLOCK_init
                0x004002d8       0x14 driver_init.o
                0x004002d8                UART_MC_1_CLOCK_init
 .text.UART_MC_1_PORT_init
                0x004002ec       0x1c driver_init.o
                0x004002ec                UART_MC_1_PORT_init
 .text.UART_MC_1_init
                0x00400308       0x40 driver_init.o
                0x00400308                UART_MC_1_init
 .text.UART_MC_2_CLOCK_init
                0x00400348       0x18 driver_init.o
                0x00400348                UART_MC_2_CLOCK_init
 .text.UART_MC_2_PORT_init
                0x00400360       0x1c driver_init.o
                0x00400360                UART_MC_2_PORT_init
 .text.UART_MC_2_init
                0x0040037c       0x40 driver_init.o
                0x0040037c                UART_MC_2_init
 .text.CAN_0_CLOCK_init
                0x004003bc       0x18 driver_init.o
                0x004003bc                CAN_0_CLOCK_init
 .text.CAN_0_PORT_init
                0x004003d4       0x1c driver_init.o
                0x004003d4                CAN_0_PORT_init
 .text.CAN_0_init
                0x004003f0       0x2c driver_init.o
                0x004003f0                CAN_0_init
 .text.system_init
                0x0040041c      0x118 driver_init.o
                0x0040041c                system_init
 .text.atomic_enter_critical
                0x00400534        0xe hal/src/hal_atomic.o
                0x00400534                atomic_enter_critical
 .text.atomic_leave_critical
                0x00400542        0xc hal/src/hal_atomic.o
                0x00400542                atomic_leave_critical
 .text.can_tx_done
                0x0040054e        0x8 hal/src/hal_can_async.o
 .text.can_rx_done
                0x00400556        0x8 hal/src/hal_can_async.o
 .text.can_irq_handler
                0x0040055e        0x8 hal/src/hal_can_async.o
 *fill*         0x00400566        0x2 
 .text.can_async_init
                0x00400568       0x28 hal/src/hal_can_async.o
                0x00400568                can_async_init
 .text.can_async_enable
                0x00400590        0x8 hal/src/hal_can_async.o
                0x00400590                can_async_enable
 .text.can_async_read
                0x00400598        0x8 hal/src/hal_can_async.o
                0x00400598                can_async_read
 .text.can_async_register_callback
                0x004005a0       0x30 hal/src/hal_can_async.o
                0x004005a0                can_async_register_callback
 .text.can_async_set_filter
                0x004005d0       0x10 hal/src/hal_can_async.o
                0x004005d0                can_async_set_filter
 .text.flash_ready
                0x004005e0        0x8 hal/src/hal_flash.o
 .text.flash_error
                0x004005e8        0x8 hal/src/hal_flash.o
 .text.flash_init
                0x004005f0       0x20 hal/src/hal_flash.o
                0x004005f0                flash_init
 .text.io_write
                0x00400610        0x4 hal/src/hal_io.o
                0x00400610                io_write
 .text.io_read  0x00400614        0x4 hal/src/hal_io.o
                0x00400614                io_read
 .text.timer_add_timer_task
                0x00400618       0x4c hal/src/hal_timer.o
 .text.timer_process_counted
                0x00400664       0x6c hal/src/hal_timer.o
 .text.timer_init
                0x004006d0       0x1c hal/src/hal_timer.o
                0x004006d0                timer_init
 .text.timer_start
                0x004006ec       0x24 hal/src/hal_timer.o
                0x004006ec                timer_start
 .text.timer_add_task
                0x00400710       0x7c hal/src/hal_timer.o
                0x00400710                timer_add_task
 .text.usart_transmission_complete
                0x0040078c       0x10 hal/src/hal_usart_async.o
 .text.usart_error
                0x0040079c       0x10 hal/src/hal_usart_async.o
 .text.usart_fill_rx_buffer
                0x004007ac       0x20 hal/src/hal_usart_async.o
 .text.usart_async_write
                0x004007cc       0x34 hal/src/hal_usart_async.o
 .text.usart_process_byte_sent
                0x00400800       0x34 hal/src/hal_usart_async.o
 .text.usart_async_read
                0x00400834       0x54 hal/src/hal_usart_async.o
 .text.usart_async_init
                0x00400888       0x60 hal/src/hal_usart_async.o
                0x00400888                usart_async_init
 .text.usart_async_enable
                0x004008e8       0x10 hal/src/hal_usart_async.o
                0x004008e8                usart_async_enable
 .text.usart_async_register_callback
                0x004008f8       0x48 hal/src/hal_usart_async.o
                0x004008f8                usart_async_register_callback
 .text.is_list_element
                0x00400940        0xe hal/utils/src/utils_list.o
                0x00400940                is_list_element
 .text.list_insert_as_head
                0x0040094e        0x8 hal/utils/src/utils_list.o
                0x0040094e                list_insert_as_head
 .text.list_insert_after
                0x00400956        0x8 hal/utils/src/utils_list.o
                0x00400956                list_insert_after
 .text.list_remove_head
                0x0040095e        0xc hal/utils/src/utils_list.o
                0x0040095e                list_remove_head
 .text.ringbuffer_init
                0x0040096a       0x18 hal/utils/src/utils_ringbuffer.o
                0x0040096a                ringbuffer_init
 .text.ringbuffer_get
                0x00400982       0x22 hal/utils/src/utils_ringbuffer.o
                0x00400982                ringbuffer_get
 .text.ringbuffer_put
                0x004009a4       0x26 hal/utils/src/utils_ringbuffer.o
                0x004009a4                ringbuffer_put
 .text.ringbuffer_num
                0x004009ca        0x8 hal/utils/src/utils_ringbuffer.o
                0x004009ca                ringbuffer_num
 *fill*         0x004009d2        0x2 
 .text._sbrk    0x004009d4       0x1c hal/utils/src/utils_syscalls.o
                0x004009d4                _sbrk
 .text._afec_interrupt_handler
                0x004009f0       0x72 hpl/afec/hpl_afec.o
 *fill*         0x00400a62        0x2 
 .text.AFEC0_Handler
                0x00400a64       0x10 hpl/afec/hpl_afec.o
                0x00400a64                AFEC0_Handler
 .text.AFEC1_Handler
                0x00400a74       0x10 hpl/afec/hpl_afec.o
                0x00400a74                AFEC1_Handler
 .text._irq_set
                0x00400a84       0x20 hpl/core/hpl_core_m7_base.o
                0x00400a84                _irq_set
 .text._init_chip
                0x00400aa4       0x50 hpl/core/hpl_init.o
                0x00400aa4                _init_chip
 .text._flash_init
                0x00400af4       0x28 hpl/efc/hpl_efc.o
                0x00400af4                _flash_init
 .text.EFC_Handler
                0x00400b1c       0x18 hpl/efc/hpl_efc.o
                0x00400b1c                EFC_Handler
 .text._can_async_init
                0x00400b34       0xe0 hpl/mcan/hpl_mcan.o
                0x00400b34                _can_async_init
 .text._can_async_enable
                0x00400c14        0xe hpl/mcan/hpl_mcan.o
                0x00400c14                _can_async_enable
 *fill*         0x00400c22        0x2 
 .text._can_async_read
                0x00400c24       0xc0 hpl/mcan/hpl_mcan.o
                0x00400c24                _can_async_read
 .text._can_async_set_irq_state
                0x00400ce4       0x40 hpl/mcan/hpl_mcan.o
                0x00400ce4                _can_async_set_irq_state
 .text._can_async_set_filter
                0x00400d24       0x78 hpl/mcan/hpl_mcan.o
                0x00400d24                _can_async_set_filter
 .text.MCAN0_INT0_Handler
                0x00400d9c       0x64 hpl/mcan/hpl_mcan.o
                0x00400d9c                MCAN0_INT0_Handler
 .text._pmc_init
                0x00400e00       0xac hpl/pmc/hpl_pmc.o
                0x00400e00                _pmc_init
 .text.__NVIC_DisableIRQ
                0x00400eac       0x28 hpl/tc/hpl_tc.o
 .text._timer_init
                0x00400ed4       0x80 hpl/tc/hpl_tc.o
                0x00400ed4                _timer_init
 .text._timer_start
                0x00400f54        0x8 hpl/tc/hpl_tc.o
                0x00400f54                _timer_start
 .text._timer_is_started
                0x00400f5c        0xa hpl/tc/hpl_tc.o
                0x00400f5c                _timer_is_started
 *fill*         0x00400f66        0x2 
 .text._timer_set_irq
                0x00400f68       0x20 hpl/tc/hpl_tc.o
                0x00400f68                _timer_set_irq
 .text._tc_get_timer
                0x00400f88        0x4 hpl/tc/hpl_tc.o
                0x00400f88                _tc_get_timer
 .text.TC0_Handler
                0x00400f8c       0x18 hpl/tc/hpl_tc.o
                0x00400f8c                TC0_Handler
 .text.__NVIC_DisableIRQ
                0x00400fa4       0x28 hpl/uart/hpl_uart.o
 .text._uart_interrupt_handler
                0x00400fcc       0x6c hpl/uart/hpl_uart.o
 .text._uart_get_hardware_index
                0x00401038       0x40 hpl/uart/hpl_uart.o
 .text._get_uart_index
                0x00401078       0x14 hpl/uart/hpl_uart.o
 .text._usart_async_init
                0x0040108c       0xa0 hpl/uart/hpl_uart.o
                0x0040108c                _usart_async_init
 .text._usart_async_enable
                0x0040112c        0x8 hpl/uart/hpl_uart.o
                0x0040112c                _usart_async_enable
 .text._usart_async_write_byte
                0x00401134        0x6 hpl/uart/hpl_uart.o
                0x00401134                _usart_async_write_byte
 .text._usart_async_enable_byte_sent_irq
                0x0040113a        0x8 hpl/uart/hpl_uart.o
                0x0040113a                _usart_async_enable_byte_sent_irq
 .text._usart_async_enable_tx_done_irq
                0x00401142        0xa hpl/uart/hpl_uart.o
                0x00401142                _usart_async_enable_tx_done_irq
 .text._usart_async_set_irq_state
                0x0040114c       0x5a hpl/uart/hpl_uart.o
                0x0040114c                _usart_async_set_irq_state
 .text._uart_get_usart_async
                0x004011a6        0x4 hpl/uart/hpl_uart.o
                0x004011a6                _uart_get_usart_async
 *fill*         0x004011aa        0x2 
 .text.UART1_Handler
                0x004011ac       0x10 hpl/uart/hpl_uart.o
                0x004011ac                UART1_Handler
 .text.UART2_Handler
                0x004011bc       0x10 hpl/uart/hpl_uart.o
                0x004011bc                UART2_Handler
 .text.current_time_ms
                0x004011cc       0x18 main.o
 .text.TIMER_0_task1_cb
                0x004011e4       0x28 main.o
 .text.rx_cb_UART_MC_2
                0x0040120c       0x58 main.o
 .text.rx_cb_UART_MC_1
                0x00401264       0x64 main.o
 .text.inv_parse_rx
                0x004012c8       0xc0 main.o
 .text.CAN_0_tx_callback
                0x00401388       0x18 main.o
 .text.can_rx_queue_initialise
                0x004013a0       0x20 main.o
                0x004013a0                can_rx_queue_initialise
 .text.can_rx_queue_push
                0x004013c0       0x30 main.o
                0x004013c0                can_rx_queue_push
 .text.CAN_0_rx_callback
                0x004013f0       0x34 main.o
 .text.startup.main
                0x00401424      0x148 main.o
                0x00401424                main
 .text.__libc_init_array
                0x0040156c       0x48 c:/program files (x86)/atmel/studio/7.0/toolchain/arm/arm-gnu-toolchain/bin/../lib/gcc/arm-none-eabi/6.3.1/../../../../arm-none-eabi/lib/thumb/v7e-m\libc_nano.a(lib_a-init.o)
                0x0040156c                __libc_init_array
 .text.memcpy   0x004015b4       0x16 c:/program files (x86)/atmel/studio/7.0/toolchain/arm/arm-gnu-toolchain/bin/../lib/gcc/arm-none-eabi/6.3.1/../../../../arm-none-eabi/lib/thumb/v7e-m\libc_nano.a(lib_a-memcpy-stub.o)
                0x004015b4                memcpy
 .text.memset   0x004015ca       0x10 c:/program files (x86)/atmel/studio/7.0/toolchain/arm/arm-gnu-toolchain/bin/../lib/gcc/arm-none-eabi/6.3.1/../../../../arm-none-eabi/lib/thumb/v7e-m\libc_nano.a(lib_a-memset.o)
                0x004015ca                memset
 .text.unlikely.sulp
                0x004015da       0x42 c:/program files (x86)/atmel/studio/7.0/toolchain/arm/arm-gnu-toolchain/bin/../lib/gcc/arm-none-eabi/6.3.1/../../../../arm-none-eabi/lib/thumb/v7e-m\libc_nano.a(lib_a-strtod.o)
 *fill*         0x0040161c        0x4 
 .text._strtod_l
                0x00401620      0xbe8 c:/program files (x86)/atmel/studio/7.0/toolchain/arm/arm-gnu-toolchain/bin/../lib/gcc/arm-none-eabi/6.3.1/../../../../arm-none-eabi/lib/thumb/v7e-m\libc_nano.a(lib_a-strtod.o)
                0x00401620                _strtod_l
 .text.strtof   0x00402208       0x9c c:/program files (x86)/atmel/studio/7.0/toolchain/arm/arm-gnu-toolchain/bin/../lib/gcc/arm-none-eabi/6.3.1/../../../../arm-none-eabi/lib/thumb/v7e-m\libc_nano.a(lib_a-strtod.o)
                0x00402208                strtof
 .text._strtol_l.isra.0
                0x004022a4      0x100 c:/program files (x86)/atmel/studio/7.0/toolchain/arm/arm-gnu-toolchain/bin/../lib/gcc/arm-none-eabi/6.3.1/../../../../arm-none-eabi/lib/thumb/v7e-m\libc_nano.a(lib_a-strtol.o)
 .text.strtol   0x004023a4       0x2c c:/program files (x86)/atmel/studio/7.0/toolchain/arm/arm-gnu-toolchain/bin/../lib/gcc/arm-none-eabi/6.3.1/../../../../arm-none-eabi/lib/thumb/v7e-m\libc_nano.a(lib_a-strtol.o)
                0x004023a4                strtol
 .text.rshift   0x004023d0       0x6a c:/program files (x86)/atmel/studio/7.0/toolchain/arm/arm-gnu-toolchain/bin/../lib/gcc/arm-none-eabi/6.3.1/../../../../arm-none-eabi/lib/thumb/v7e-m\libc_nano.a(lib_a-gdtoa-gethex.o)
 .text.__hexdig_fun
                0x0040243a       0x2a c:/program files (x86)/atmel/studio/7.0/toolchain/arm/arm-gnu-toolchain/bin/../lib/gcc/arm-none-eabi/6.3.1/../../../../arm-none-eabi/lib/thumb/v7e-m\libc_nano.a(lib_a-gdtoa-gethex.o)
                0x0040243a                __hexdig_fun
 .text.__gethex
                0x00402464      0x43c c:/program files (x86)/atmel/studio/7.0/toolchain/arm/arm-gnu-toolchain/bin/../lib/gcc/arm-none-eabi/6.3.1/../../../../arm-none-eabi/lib/thumb/v7e-m\libc_nano.a(lib_a-gdtoa-gethex.o)
                0x00402464                __gethex
 .text.L_shift  0x004028a0       0x24 c:/program files (x86)/atmel/studio/7.0/toolchain/arm/arm-gnu-toolchain/bin/../lib/gcc/arm-none-eabi/6.3.1/../../../../arm-none-eabi/lib/thumb/v7e-m\libc_nano.a(lib_a-gdtoa-hexnan.o)
 .text.__match  0x004028c4       0x26 c:/program files (x86)/atmel/studio/7.0/toolchain/arm/arm-gnu-toolchain/bin/../lib/gcc/arm-none-eabi/6.3.1/../../../../arm-none-eabi/lib/thumb/v7e-m\libc_nano.a(lib_a-gdtoa-hexnan.o)
                0x004028c4                __match
 .text.__hexnan
                0x004028ea      0x120 c:/program files (x86)/atmel/studio/7.0/toolchain/arm/arm-gnu-toolchain/bin/../lib/gcc/arm-none-eabi/6.3.1/../../../../arm-none-eabi/lib/thumb/v7e-m\libc_nano.a(lib_a-gdtoa-hexnan.o)
                0x004028ea                __hexnan
 .text.__locale_ctype_ptr_l
                0x00402a0a        0x6 c:/program files (x86)/atmel/studio/7.0/toolchain/arm/arm-gnu-toolchain/bin/../lib/gcc/arm-none-eabi/6.3.1/../../../../arm-none-eabi/lib/thumb/v7e-m\libc_nano.a(lib_a-locale.o)
                0x00402a0a                __locale_ctype_ptr_l
 .text.__localeconv_l
                0x00402a10        0x4 c:/program files (x86)/atmel/studio/7.0/toolchain/arm/arm-gnu-toolchain/bin/../lib/gcc/arm-none-eabi/6.3.1/../../../../arm-none-eabi/lib/thumb/v7e-m\libc_nano.a(lib_a-localeconv.o)
                0x00402a10                __localeconv_l
 .text.__ascii_mbtowc
                0x00402a14       0x24 c:/program files (x86)/atmel/studio/7.0/toolchain/arm/arm-gnu-toolchain/bin/../lib/gcc/arm-none-eabi/6.3.1/../../../../arm-none-eabi/lib/thumb/v7e-m\libc_nano.a(lib_a-mbtowc_r.o)
                0x00402a14                __ascii_mbtowc
 .text._Balloc  0x00402a38       0x68 c:/program files (x86)/atmel/studio/7.0/toolchain/arm/arm-gnu-toolchain/bin/../lib/gcc/arm-none-eabi/6.3.1/../../../../arm-none-eabi/lib/thumb/v7e-m\libc_nano.a(lib_a-mprec.o)
                0x00402a38                _Balloc
 .text._Bfree   0x00402aa0       0x2e c:/program files (x86)/atmel/studio/7.0/toolchain/arm/arm-gnu-toolchain/bin/../lib/gcc/arm-none-eabi/6.3.1/../../../../arm-none-eabi/lib/thumb/v7e-m\libc_nano.a(lib_a-mprec.o)
                0x00402aa0                _Bfree
 .text.__multadd
                0x00402ace       0x76 c:/program files (x86)/atmel/studio/7.0/toolchain/arm/arm-gnu-toolchain/bin/../lib/gcc/arm-none-eabi/6.3.1/../../../../arm-none-eabi/lib/thumb/v7e-m\libc_nano.a(lib_a-mprec.o)
                0x00402ace                __multadd
 .text.__s2b    0x00402b44       0x7c c:/program files (x86)/atmel/studio/7.0/toolchain/arm/arm-gnu-toolchain/bin/../lib/gcc/arm-none-eabi/6.3.1/../../../../arm-none-eabi/lib/thumb/v7e-m\libc_nano.a(lib_a-mprec.o)
                0x00402b44                __s2b
 .text.__hi0bits
                0x00402bc0       0x3e c:/program files (x86)/atmel/studio/7.0/toolchain/arm/arm-gnu-toolchain/bin/../lib/gcc/arm-none-eabi/6.3.1/../../../../arm-none-eabi/lib/thumb/v7e-m\libc_nano.a(lib_a-mprec.o)
                0x00402bc0                __hi0bits
 .text.__lo0bits
                0x00402bfe       0x5e c:/program files (x86)/atmel/studio/7.0/toolchain/arm/arm-gnu-toolchain/bin/../lib/gcc/arm-none-eabi/6.3.1/../../../../arm-none-eabi/lib/thumb/v7e-m\libc_nano.a(lib_a-mprec.o)
                0x00402bfe                __lo0bits
 .text.__i2b    0x00402c5c       0x12 c:/program files (x86)/atmel/studio/7.0/toolchain/arm/arm-gnu-toolchain/bin/../lib/gcc/arm-none-eabi/6.3.1/../../../../arm-none-eabi/lib/thumb/v7e-m\libc_nano.a(lib_a-mprec.o)
                0x00402c5c                __i2b
 .text.__multiply
                0x00402c6e      0x11a c:/program files (x86)/atmel/studio/7.0/toolchain/arm/arm-gnu-toolchain/bin/../lib/gcc/arm-none-eabi/6.3.1/../../../../arm-none-eabi/lib/thumb/v7e-m\libc_nano.a(lib_a-mprec.o)
                0x00402c6e                __multiply
 .text.__pow5mult
                0x00402d88       0x9c c:/program files (x86)/atmel/studio/7.0/toolchain/arm/arm-gnu-toolchain/bin/../lib/gcc/arm-none-eabi/6.3.1/../../../../arm-none-eabi/lib/thumb/v7e-m\libc_nano.a(lib_a-mprec.o)
                0x00402d88                __pow5mult
 .text.__lshift
                0x00402e24       0xa2 c:/program files (x86)/atmel/studio/7.0/toolchain/arm/arm-gnu-toolchain/bin/../lib/gcc/arm-none-eabi/6.3.1/../../../../arm-none-eabi/lib/thumb/v7e-m\libc_nano.a(lib_a-mprec.o)
                0x00402e24                __lshift
 .text.__mcmp   0x00402ec6       0x34 c:/program files (x86)/atmel/studio/7.0/toolchain/arm/arm-gnu-toolchain/bin/../lib/gcc/arm-none-eabi/6.3.1/../../../../arm-none-eabi/lib/thumb/v7e-m\libc_nano.a(lib_a-mprec.o)
                0x00402ec6                __mcmp
 .text.__mdiff  0x00402efa       0xbc c:/program files (x86)/atmel/studio/7.0/toolchain/arm/arm-gnu-toolchain/bin/../lib/gcc/arm-none-eabi/6.3.1/../../../../arm-none-eabi/lib/thumb/v7e-m\libc_nano.a(lib_a-mprec.o)
                0x00402efa                __mdiff
 *fill*         0x00402fb6        0x2 
 .text.__ulp    0x00402fb8       0x48 c:/program files (x86)/atmel/studio/7.0/toolchain/arm/arm-gnu-toolchain/bin/../lib/gcc/arm-none-eabi/6.3.1/../../../../arm-none-eabi/lib/thumb/v7e-m\libc_nano.a(lib_a-mprec.o)
                0x00402fb8                __ulp
 .text.__b2d    0x00403000       0xa4 c:/program files (x86)/atmel/studio/7.0/toolchain/arm/arm-gnu-toolchain/bin/../lib/gcc/arm-none-eabi/6.3.1/../../../../arm-none-eabi/lib/thumb/v7e-m\libc_nano.a(lib_a-mprec.o)
                0x00403000                __b2d
 .text.__d2b    0x004030a4       0x9e c:/program files (x86)/atmel/studio/7.0/toolchain/arm/arm-gnu-toolchain/bin/../lib/gcc/arm-none-eabi/6.3.1/../../../../arm-none-eabi/lib/thumb/v7e-m\libc_nano.a(lib_a-mprec.o)
                0x004030a4                __d2b
 .text.__ratio  0x00403142       0x50 c:/program files (x86)/atmel/studio/7.0/toolchain/arm/arm-gnu-toolchain/bin/../lib/gcc/arm-none-eabi/6.3.1/../../../../arm-none-eabi/lib/thumb/v7e-m\libc_nano.a(lib_a-mprec.o)
                0x00403142                __ratio
 .text.__copybits
                0x00403192       0x34 c:/program files (x86)/atmel/studio/7.0/toolchain/arm/arm-gnu-toolchain/bin/../lib/gcc/arm-none-eabi/6.3.1/../../../../arm-none-eabi/lib/thumb/v7e-m\libc_nano.a(lib_a-mprec.o)
                0x00403192                __copybits
 .text.__any_on
                0x004031c6       0x42 c:/program files (x86)/atmel/studio/7.0/toolchain/arm/arm-gnu-toolchain/bin/../lib/gcc/arm-none-eabi/6.3.1/../../../../arm-none-eabi/lib/thumb/v7e-m\libc_nano.a(lib_a-mprec.o)
                0x004031c6                __any_on
 .text._calloc_r
                0x00403208       0x1c c:/program files (x86)/atmel/studio/7.0/toolchain/arm/arm-gnu-toolchain/bin/../lib/gcc/arm-none-eabi/6.3.1/../../../../arm-none-eabi/lib/thumb/v7e-m\libc_nano.a(lib_a-nano-callocr.o)
                0x00403208                _calloc_r
 .text._malloc_r
                0x00403224       0xbc c:/program files (x86)/atmel/studio/7.0/toolchain/arm/arm-gnu-toolchain/bin/../lib/gcc/arm-none-eabi/6.3.1/../../../../arm-none-eabi/lib/thumb/v7e-m\libc_nano.a(lib_a-nano-mallocr.o)
                0x00403224                _malloc_r
 .text._sbrk_r  0x004032e0       0x20 c:/program files (x86)/atmel/studio/7.0/toolchain/arm/arm-gnu-toolchain/bin/../lib/gcc/arm-none-eabi/6.3.1/../../../../arm-none-eabi/lib/thumb/v7e-m\libc_nano.a(lib_a-sbrkr.o)
                0x004032e0                _sbrk_r
 .text.nanf     0x00403300        0x8 c:/program files (x86)/atmel/studio/7.0/toolchain/arm/arm-gnu-toolchain/bin/../lib/gcc/arm-none-eabi/6.3.1/../../../../arm-none-eabi/lib/thumb/v7e-m\libc_nano.a(lib_a-sf_nan.o)
                0x00403300                nanf
 .text          0x00403308       0x10 c:/program files (x86)/atmel/studio/7.0/toolchain/arm/arm-gnu-toolchain/bin/../lib/gcc/arm-none-eabi/6.3.1/../../../../arm-none-eabi/lib/thumb/v7e-m\libc_nano.a(lib_a-strlen.o)
                0x00403308                strlen
 .text.strncmp  0x00403318       0x24 c:/program files (x86)/atmel/studio/7.0/toolchain/arm/arm-gnu-toolchain/bin/../lib/gcc/arm-none-eabi/6.3.1/../../../../arm-none-eabi/lib/thumb/v7e-m\libc_nano.a(lib_a-strncmp.o)
                0x00403318                strncmp
 .text.__ascii_wctomb
                0x0040333c       0x1a c:/program files (x86)/atmel/studio/7.0/toolchain/arm/arm-gnu-toolchain/bin/../lib/gcc/arm-none-eabi/6.3.1/../../../../arm-none-eabi/lib/thumb/v7e-m\libc_nano.a(lib_a-wctomb_r.o)
                0x0040333c                __ascii_wctomb
 *fill*         0x00403356        0x2 
 .text.malloc   0x00403358       0x10 c:/program files (x86)/atmel/studio/7.0/toolchain/arm/arm-gnu-toolchain/bin/../lib/gcc/arm-none-eabi/6.3.1/../../../../arm-none-eabi/lib/thumb/v7e-m\libc_nano.a(lib_a-malloc.o)
                0x00403358                malloc
 .text.__malloc_lock
                0x00403368        0x2 c:/program files (x86)/atmel/studio/7.0/toolchain/arm/arm-gnu-toolchain/bin/../lib/gcc/arm-none-eabi/6.3.1/../../../../arm-none-eabi/lib/thumb/v7e-m\libc_nano.a(lib_a-mlock.o)
                0x00403368                __malloc_lock
 .text.__malloc_unlock
                0x0040336a        0x2 c:/program files (x86)/atmel/studio/7.0/toolchain/arm/arm-gnu-toolchain/bin/../lib/gcc/arm-none-eabi/6.3.1/../../../../arm-none-eabi/lib/thumb/v7e-m\libc_nano.a(lib_a-mlock.o)
                0x0040336a                __malloc_unlock
 .text          0x0040336c      0x370 c:/program files (x86)/atmel/studio/7.0/toolchain/arm/arm-gnu-toolchain/bin/../lib/gcc/arm-none-eabi/6.3.1/thumb/v7e-m\libgcc.a(_arm_addsubdf3.o)
                0x0040336c                __aeabi_drsub
                0x00403374                __aeabi_dsub
                0x00403374                __subdf3
                0x00403378                __aeabi_dadd
                0x00403378                __adddf3
                0x004035f0                __floatunsidf
                0x004035f0                __aeabi_ui2d
                0x00403610                __floatsidf
                0x00403610                __aeabi_i2d
                0x00403634                __aeabi_f2d
                0x00403634                __extendsfdf2
                0x00403670                __floatundidf
                0x00403670                __aeabi_ul2d
                0x00403680                __floatdidf
                0x00403680                __aeabi_l2d
 .text          0x004036dc      0x424 c:/program files (x86)/atmel/studio/7.0/toolchain/arm/arm-gnu-toolchain/bin/../lib/gcc/arm-none-eabi/6.3.1/thumb/v7e-m\libgcc.a(_arm_muldivdf3.o)
                0x004036dc                __aeabi_dmul
                0x004036dc                __muldf3
                0x00403930                __divdf3
                0x00403930                __aeabi_ddiv
 .text          0x00403b00      0x110 c:/program files (x86)/atmel/studio/7.0/toolchain/arm/arm-gnu-toolchain/bin/../lib/gcc/arm-none-eabi/6.3.1/thumb/v7e-m\libgcc.a(_arm_cmpdf2.o)
                0x00403b00                __gtdf2
                0x00403b00                __gedf2
                0x00403b08                __ltdf2
                0x00403b08                __ledf2
                0x00403b10                __nedf2
                0x00403b10                __eqdf2
                0x00403b10                __cmpdf2
                0x00403b8c                __aeabi_cdrcmple
                0x00403b9c                __aeabi_cdcmpeq
                0x00403b9c                __aeabi_cdcmple
                0x00403bac                __aeabi_dcmpeq
                0x00403bc0                __aeabi_dcmplt
                0x00403bd4                __aeabi_dcmple
                0x00403be8                __aeabi_dcmpge
                0x00403bfc                __aeabi_dcmpgt
 .text          0x00403c10       0x2c c:/program files (x86)/atmel/studio/7.0/toolchain/arm/arm-gnu-toolchain/bin/../lib/gcc/arm-none-eabi/6.3.1/thumb/v7e-m\libgcc.a(_arm_unorddf2.o)
                0x00403c10                __unorddf2
                0x00403c10                __aeabi_dcmpun
 .text          0x00403c3c       0x50 c:/program files (x86)/atmel/studio/7.0/toolchain/arm/arm-gnu-toolchain/bin/../lib/gcc/arm-none-eabi/6.3.1/thumb/v7e-m\libgcc.a(_arm_fixdfsi.o)
                0x00403c3c                __aeabi_d2iz
                0x00403c3c                __fixdfsi
 .text          0x00403c8c       0x40 c:/program files (x86)/atmel/studio/7.0/toolchain/arm/arm-gnu-toolchain/bin/../lib/gcc/arm-none-eabi/6.3.1/thumb/v7e-m\libgcc.a(_arm_fixunsdfsi.o)
                0x00403c8c                __aeabi_d2uiz
                0x00403c8c                __fixunsdfsi
 .text          0x00403ccc       0xa0 c:/program files (x86)/atmel/studio/7.0/toolchain/arm/arm-gnu-toolchain/bin/../lib/gcc/arm-none-eabi/6.3.1/thumb/v7e-m\libgcc.a(_arm_truncdfsf2.o)
                0x00403ccc                __truncdfsf2
                0x00403ccc                __aeabi_d2f
 .text          0x00403d6c       0xec c:/program files (x86)/atmel/studio/7.0/toolchain/arm/arm-gnu-toolchain/bin/../lib/gcc/arm-none-eabi/6.3.1/thumb/v7e-m\libgcc.a(_arm_cmpsf2.o)
                0x00403d6c                __gesf2
                0x00403d6c                __gtsf2
                0x00403d74                __lesf2
                0x00403d74                __ltsf2
                0x00403d7c                __nesf2
                0x00403d7c                __eqsf2
                0x00403d7c                __cmpsf2
                0x00403ddc                __aeabi_cfrcmple
                0x00403de4                __aeabi_cfcmpeq
                0x00403de4                __aeabi_cfcmple
                0x00403df4                __aeabi_fcmpeq
                0x00403e08                __aeabi_fcmplt
                0x00403e1c                __aeabi_fcmple
                0x00403e30                __aeabi_fcmpge
                0x00403e44                __aeabi_fcmpgt
 .text          0x00403e58       0x2c c:/program files (x86)/atmel/studio/7.0/toolchain/arm/arm-gnu-toolchain/bin/../lib/gcc/arm-none-eabi/6.3.1/thumb/v7e-m\libgcc.a(_arm_unordsf2.o)
                0x00403e58                __unordsf2
                0x00403e58                __aeabi_fcmpun
 *(.glue_7t)
 .glue_7t       0x00403e84        0x0 linker stubs
 *(.glue_7)
 .glue_7        0x00403e84        0x0 linker stubs
 *(.rodata .rodata* .gnu.linkonce.r.*)
 .rodata        0x00403e84       0x10 hpl/mcan/hpl_mcan.o
 .rodata        0x00403e94       0x1d hpl/uart/hpl_uart.o
 .rodata.str1.1
                0x00403eb1        0x4 main.o
 .rodata._strtod_l.str1.1
                0x00403eb5        0xc c:/program files (x86)/atmel/studio/7.0/toolchain/arm/arm-gnu-toolchain/bin/../lib/gcc/arm-none-eabi/6.3.1/../../../../arm-none-eabi/lib/thumb/v7e-m\libc_nano.a(lib_a-strtod.o)
 *fill*         0x00403ec1        0x3 
 .rodata.fpi.6129
                0x00403ec4       0x14 c:/program files (x86)/atmel/studio/7.0/toolchain/arm/arm-gnu-toolchain/bin/../lib/gcc/arm-none-eabi/6.3.1/../../../../arm-none-eabi/lib/thumb/v7e-m\libc_nano.a(lib_a-strtod.o)
 .rodata.fpinan.6165
                0x00403ed8       0x14 c:/program files (x86)/atmel/studio/7.0/toolchain/arm/arm-gnu-toolchain/bin/../lib/gcc/arm-none-eabi/6.3.1/../../../../arm-none-eabi/lib/thumb/v7e-m\libc_nano.a(lib_a-strtod.o)
 *fill*         0x00403eec        0x4 
 .rodata.tinytens
                0x00403ef0       0x28 c:/program files (x86)/atmel/studio/7.0/toolchain/arm/arm-gnu-toolchain/bin/../lib/gcc/arm-none-eabi/6.3.1/../../../../arm-none-eabi/lib/thumb/v7e-m\libc_nano.a(lib_a-strtod.o)
 .rodata.__sf_fake_stderr
                0x00403f18       0x20 c:/program files (x86)/atmel/studio/7.0/toolchain/arm/arm-gnu-toolchain/bin/../lib/gcc/arm-none-eabi/6.3.1/../../../../arm-none-eabi/lib/thumb/v7e-m\libc_nano.a(lib_a-findfp.o)
                0x00403f18                __sf_fake_stderr
 .rodata.__sf_fake_stdin
                0x00403f38       0x20 c:/program files (x86)/atmel/studio/7.0/toolchain/arm/arm-gnu-toolchain/bin/../lib/gcc/arm-none-eabi/6.3.1/../../../../arm-none-eabi/lib/thumb/v7e-m\libc_nano.a(lib_a-findfp.o)
                0x00403f38                __sf_fake_stdin
 .rodata.__sf_fake_stdout
                0x00403f58       0x20 c:/program files (x86)/atmel/studio/7.0/toolchain/arm/arm-gnu-toolchain/bin/../lib/gcc/arm-none-eabi/6.3.1/../../../../arm-none-eabi/lib/thumb/v7e-m\libc_nano.a(lib_a-findfp.o)
                0x00403f58                __sf_fake_stdout
 .rodata._setlocale_r.str1.1
                0x00403f78        0x8 c:/program files (x86)/atmel/studio/7.0/toolchain/arm/arm-gnu-toolchain/bin/../lib/gcc/arm-none-eabi/6.3.1/../../../../arm-none-eabi/lib/thumb/v7e-m\libc_nano.a(lib_a-locale.o)
                                  0x9 (size before relaxing)
 .rodata.str1.1
                0x00403f80        0x2 c:/program files (x86)/atmel/studio/7.0/toolchain/arm/arm-gnu-toolchain/bin/../lib/gcc/arm-none-eabi/6.3.1/../../../../arm-none-eabi/lib/thumb/v7e-m\libc_nano.a(lib_a-locale.o)
 *fill*         0x00403f82        0x6 
 .rodata.__mprec_bigtens
                0x00403f88       0x28 c:/program files (x86)/atmel/studio/7.0/toolchain/arm/arm-gnu-toolchain/bin/../lib/gcc/arm-none-eabi/6.3.1/../../../../arm-none-eabi/lib/thumb/v7e-m\libc_nano.a(lib_a-mprec.o)
                0x00403f88                __mprec_bigtens
 .rodata.__mprec_tens
                0x00403fb0       0xc8 c:/program files (x86)/atmel/studio/7.0/toolchain/arm/arm-gnu-toolchain/bin/../lib/gcc/arm-none-eabi/6.3.1/../../../../arm-none-eabi/lib/thumb/v7e-m\libc_nano.a(lib_a-mprec.o)
                0x00403fb0                __mprec_tens
 .rodata.p05.6047
                0x00404078        0xc c:/program files (x86)/atmel/studio/7.0/toolchain/arm/arm-gnu-toolchain/bin/../lib/gcc/arm-none-eabi/6.3.1/../../../../arm-none-eabi/lib/thumb/v7e-m\libc_nano.a(lib_a-mprec.o)
 .rodata._ctype_
                0x00404084      0x101 c:/program files (x86)/atmel/studio/7.0/toolchain/arm/arm-gnu-toolchain/bin/../lib/gcc/arm-none-eabi/6.3.1/../../../../arm-none-eabi/lib/thumb/v7e-m\libc_nano.a(lib_a-ctype_.o)
                0x00404084                _ctype_
 *(.ARM.extab* .gnu.linkonce.armextab.*)
                0x00404188                . = ALIGN (0x4)
 *fill*         0x00404185        0x3 
 *(.init)
 .init          0x00404188        0x4 c:/program files (x86)/atmel/studio/7.0/toolchain/arm/arm-gnu-toolchain/bin/../lib/gcc/arm-none-eabi/6.3.1/thumb/v7e-m/crti.o
                0x00404188                _init
 .init          0x0040418c        0x8 c:/program files (x86)/atmel/studio/7.0/toolchain/arm/arm-gnu-toolchain/bin/../lib/gcc/arm-none-eabi/6.3.1/thumb/v7e-m/crtn.o
                0x00404194                . = ALIGN (0x4)
                0x00404194                __preinit_array_start = .
 *(.preinit_array)
                0x00404194                __preinit_array_end = .
                0x00404194                . = ALIGN (0x4)
                0x00404194                __init_array_start = .
 *(SORT(.init_array.*))
 *(.init_array)
 .init_array    0x00404194        0x4 c:/program files (x86)/atmel/studio/7.0/toolchain/arm/arm-gnu-toolchain/bin/../lib/gcc/arm-none-eabi/6.3.1/thumb/v7e-m/crtbegin.o
                0x00404198                __init_array_end = .
                0x00404198                . = ALIGN (0x4)
 *crtbegin.o(.ctors)
 *(EXCLUDE_FILE(*crtend.o) .ctors)
 *(SORT(.ctors.*))
 *crtend.o(.ctors)
                0x00404198                . = ALIGN (0x4)
 *(.fini)
 .fini          0x00404198        0x4 c:/program files (x86)/atmel/studio/7.0/toolchain/arm/arm-gnu-toolchain/bin/../lib/gcc/arm-none-eabi/6.3.1/thumb/v7e-m/crti.o
                0x00404198                _fini
 .fini          0x0040419c        0x8 c:/program files (x86)/atmel/studio/7.0/toolchain/arm/arm-gnu-toolchain/bin/../lib/gcc/arm-none-eabi/6.3.1/thumb/v7e-m/crtn.o
                0x004041a4                . = ALIGN (0x4)
                0x004041a4                __fini_array_start = .
 *(.fini_array)
 .fini_array    0x004041a4        0x4 c:/program files (x86)/atmel/studio/7.0/toolchain/arm/arm-gnu-toolchain/bin/../lib/gcc/arm-none-eabi/6.3.1/thumb/v7e-m/crtbegin.o
 *(SORT(.fini_array.*))
                0x004041a8                __fini_array_end = .
 *crtbegin.o(.dtors)
 *(EXCLUDE_FILE(*crtend.o) .dtors)
 *(SORT(.dtors.*))
 *crtend.o(.dtors)
                0x004041a8                . = ALIGN (0x4)
                0x004041a8                _efixed = .
                [!provide]                PROVIDE (__exidx_start, .)

.vfp11_veneer   0x004041a8        0x0
 .vfp11_veneer  0x004041a8        0x0 linker stubs

.v4_bx          0x004041a8        0x0
 .v4_bx         0x004041a8        0x0 linker stubs

.iplt           0x004041a8        0x0
 .iplt          0x004041a8        0x0 c:/program files (x86)/atmel/studio/7.0/toolchain/arm/arm-gnu-toolchain/bin/../lib/gcc/arm-none-eabi/6.3.1/thumb/v7e-m/crtbegin.o

.eh_frame       0x004041a8        0x0
 .eh_frame      0x004041a8        0x0 c:/program files (x86)/atmel/studio/7.0/toolchain/arm/arm-gnu-toolchain/bin/../lib/gcc/arm-none-eabi/6.3.1/thumb/v7e-m/crtbegin.o

.rel.dyn        0x004041a8        0x0
 .rel.iplt      0x004041a8        0x0 c:/program files (x86)/atmel/studio/7.0/toolchain/arm/arm-gnu-toolchain/bin/../lib/gcc/arm-none-eabi/6.3.1/thumb/v7e-m/crtbegin.o

.jcr            0x004041a8        0x0
 .jcr           0x004041a8        0x0 c:/program files (x86)/atmel/studio/7.0/toolchain/arm/arm-gnu-toolchain/bin/../lib/gcc/arm-none-eabi/6.3.1/thumb/v7e-m/crtbegin.o

.igot.plt       0x004041a8        0x0
 .igot.plt      0x004041a8        0x0 c:/program files (x86)/atmel/studio/7.0/toolchain/arm/arm-gnu-toolchain/bin/../lib/gcc/arm-none-eabi/6.3.1/thumb/v7e-m/crtbegin.o

.ARM.exidx
 *(.ARM.exidx* .gnu.linkonce.armexidx.*)
                [!provide]                PROVIDE (__exidx_end, .)
                0x004041a8                . = ALIGN (0x4)
                0x004041a8                _etext = .

.relocate       0x20400000      0x20c load address 0x004041a8
                0x20400000                . = ALIGN (0x4)
                0x20400000                _srelocate = .
 *(.ramfunc .ramfunc.*)
 *(.data .data.*)
 .data          0x20400000       0x14 hpl/mcan/hpl_mcan.o
                0x20400000                _can0_context
 .data          0x20400014       0x24 hpl/tc/hpl_tc.o
 .data          0x20400038        0x4 main.o
 .data._impure_ptr
                0x2040003c        0x4 c:/program files (x86)/atmel/studio/7.0/toolchain/arm/arm-gnu-toolchain/bin/../lib/gcc/arm-none-eabi/6.3.1/../../../../arm-none-eabi/lib/thumb/v7e-m\libc_nano.a(lib_a-impure.o)
                0x2040003c                _impure_ptr
 .data.impure_data
                0x20400040       0x60 c:/program files (x86)/atmel/studio/7.0/toolchain/arm/arm-gnu-toolchain/bin/../lib/gcc/arm-none-eabi/6.3.1/../../../../arm-none-eabi/lib/thumb/v7e-m\libc_nano.a(lib_a-impure.o)
 .data.__global_locale
                0x204000a0      0x16c c:/program files (x86)/atmel/studio/7.0/toolchain/arm/arm-gnu-toolchain/bin/../lib/gcc/arm-none-eabi/6.3.1/../../../../arm-none-eabi/lib/thumb/v7e-m\libc_nano.a(lib_a-locale.o)
                0x204000a0                __global_locale
                0x2040020c                . = ALIGN (0x4)
                0x2040020c                _erelocate = .

.bss            0x2040020c      0x5e0 load address 0x004043b4
                0x2040020c                . = ALIGN (0x4)
                0x2040020c                _sbss = .
                0x2040020c                _szero = .
 *(.bss .bss.*)
 .bss           0x2040020c       0x1c c:/program files (x86)/atmel/studio/7.0/toolchain/arm/arm-gnu-toolchain/bin/../lib/gcc/arm-none-eabi/6.3.1/thumb/v7e-m/crtbegin.o
 .bss           0x20400228       0x20 driver_init.o
 .bss           0x20400248        0x4 hal/utils/src/utils_syscalls.o
 .bss           0x2040024c        0x8 hpl/afec/hpl_afec.o
 .bss           0x20400254        0x4 hpl/efc/hpl_efc.o
 .bss           0x20400258       0x2c hpl/mcan/hpl_mcan.o
 .bss           0x20400284        0x4 hpl/tc/hpl_tc.o
 .bss           0x20400288        0x8 hpl/uart/hpl_uart.o
 .bss           0x20400290      0x132 main.o
                0x2040029c                inv2_rx_ptr
                0x20400324                inv1_rx_ptr
                0x204003a6                can_rx_queue_head
                0x204003a7                can_rx_queue_len
                0x204003a8                can_rx_queue_tail
 *fill*         0x204003c2        0x2 
 .bss.__malloc_free_list
                0x204003c4        0x4 c:/program files (x86)/atmel/studio/7.0/toolchain/arm/arm-gnu-toolchain/bin/../lib/gcc/arm-none-eabi/6.3.1/../../../../arm-none-eabi/lib/thumb/v7e-m\libc_nano.a(lib_a-nano-mallocr.o)
                0x204003c4                __malloc_free_list
 .bss.__malloc_sbrk_start
                0x204003c8        0x4 c:/program files (x86)/atmel/studio/7.0/toolchain/arm/arm-gnu-toolchain/bin/../lib/gcc/arm-none-eabi/6.3.1/../../../../arm-none-eabi/lib/thumb/v7e-m\libc_nano.a(lib_a-nano-mallocr.o)
                0x204003c8                __malloc_sbrk_start
 *(COMMON)
 COMMON         0x204003cc      0x188 driver_init.o
                0x204003cc                CAN_0
                0x204003f4                FLASH_0
                0x20400410                UART_MC_1
                0x20400460                ADC_1_ch
                0x20400478                ADC_0
                0x204004a4                ADC_0_ch
                0x204004bc                UART_MC_2
                0x2040050c                ADC_1
                0x20400538                TIMER_0
 COMMON         0x20400554       0xc0 hpl/mcan/hpl_mcan.o
                0x20400554                can0_rx_fifo
                0x204005b4                can0_tx_fifo
 COMMON         0x20400614      0x1d4 main.o
                0x20400614                can_rx_data_buffer
                0x20400694                bms
                0x20400698                comms_active
                0x2040069c                inv2
                0x204006c0                ass
                0x204006c4                can_rx_queue
                0x204007c4                inv1
 COMMON         0x204007e8        0x4 c:/program files (x86)/atmel/studio/7.0/toolchain/arm/arm-gnu-toolchain/bin/../lib/gcc/arm-none-eabi/6.3.1/../../../../arm-none-eabi/lib/thumb/v7e-m\libc_nano.a(lib_a-reent.o)
                0x204007e8                errno
                0x204007ec                . = ALIGN (0x4)
                0x204007ec                _ebss = .
                0x204007ec                _ezero = .

.heap           0x204007ec      0x204 load address 0x00404994
                0x204007f0                . = ALIGN (0x8)
 *fill*         0x204007ec        0x4 
                0x204007f0                _sheap = .
                0x204009f0                . = (. + HEAP_SIZE)
 *fill*         0x204007f0      0x200 
                0x204009f0                . = ALIGN (0x8)
                0x204009f0                _eheap = .

.stack          0x204009f0      0x400 load address 0x00404b98
                0x204009f0                . = ALIGN (0x8)
                0x204009f0                _sstack = .
                0x20400df0                . = (. + STACK_SIZE)
 *fill*         0x204009f0      0x400 
                0x20400df0                . = ALIGN (0x8)
                0x20400df0                _estack = .
                0x20400df0                . = ALIGN (0x4)
                0x20400df0                _end = .
                0x2045ffff                _ram_end_ = ((ORIGIN (ram) + LENGTH (ram)) - 0x1)
OUTPUT(vcu_timer.elf elf32-littlearm)

.ARM.attributes
                0x00000000       0x2e
 .ARM.attributes
                0x00000000       0x1e c:/program files (x86)/atmel/studio/7.0/toolchain/arm/arm-gnu-toolchain/bin/../lib/gcc/arm-none-eabi/6.3.1/thumb/v7e-m/crti.o
 .ARM.attributes
                0x0000001e       0x2e c:/program files (x86)/atmel/studio/7.0/toolchain/arm/arm-gnu-toolchain/bin/../lib/gcc/arm-none-eabi/6.3.1/thumb/v7e-m/crtbegin.o
 .ARM.attributes
                0x0000004c       0x37 atmel_start.o
 .ARM.attributes
                0x00000083       0x37 Device_Startup/startup_same70q21b.o
 .ARM.attributes
                0x000000ba       0x37 driver_init.o
 .ARM.attributes
                0x000000f1       0x37 hal/src/hal_atomic.o
 .ARM.attributes
                0x00000128       0x37 hal/src/hal_can_async.o
 .ARM.attributes
                0x0000015f       0x37 hal/src/hal_flash.o
 .ARM.attributes
                0x00000196       0x37 hal/src/hal_io.o
 .ARM.attributes
                0x000001cd       0x37 hal/src/hal_timer.o
 .ARM.attributes
                0x00000204       0x37 hal/src/hal_usart_async.o
 .ARM.attributes
                0x0000023b       0x37 hal/utils/src/utils_list.o
 .ARM.attributes
                0x00000272       0x37 hal/utils/src/utils_ringbuffer.o
 .ARM.attributes
                0x000002a9       0x37 hal/utils/src/utils_syscalls.o
 .ARM.attributes
                0x000002e0       0x37 hpl/afec/hpl_afec.o
 .ARM.attributes
                0x00000317       0x37 hpl/core/hpl_core_m7_base.o
 .ARM.attributes
                0x0000034e       0x37 hpl/core/hpl_init.o
 .ARM.attributes
                0x00000385       0x37 hpl/efc/hpl_efc.o
 .ARM.attributes
                0x000003bc       0x37 hpl/mcan/hpl_mcan.o
 .ARM.attributes
                0x000003f3       0x37 hpl/pmc/hpl_pmc.o
 .ARM.attributes
                0x0000042a       0x37 hpl/tc/hpl_tc.o
 .ARM.attributes
                0x00000461       0x37 hpl/uart/hpl_uart.o
 .ARM.attributes
                0x00000498       0x37 main.o
 .ARM.attributes
                0x000004cf       0x2e c:/program files (x86)/atmel/studio/7.0/toolchain/arm/arm-gnu-toolchain/bin/../lib/gcc/arm-none-eabi/6.3.1/../../../../arm-none-eabi/lib/thumb/v7e-m\libc_nano.a(lib_a-impure.o)
 .ARM.attributes
                0x000004fd       0x2e c:/program files (x86)/atmel/studio/7.0/toolchain/arm/arm-gnu-toolchain/bin/../lib/gcc/arm-none-eabi/6.3.1/../../../../arm-none-eabi/lib/thumb/v7e-m\libc_nano.a(lib_a-init.o)
 .ARM.attributes
                0x0000052b       0x2e c:/program files (x86)/atmel/studio/7.0/toolchain/arm/arm-gnu-toolchain/bin/../lib/gcc/arm-none-eabi/6.3.1/../../../../arm-none-eabi/lib/thumb/v7e-m\libc_nano.a(lib_a-memcpy-stub.o)
 .ARM.attributes
                0x00000559       0x2e c:/program files (x86)/atmel/studio/7.0/toolchain/arm/arm-gnu-toolchain/bin/../lib/gcc/arm-none-eabi/6.3.1/../../../../arm-none-eabi/lib/thumb/v7e-m\libc_nano.a(lib_a-memset.o)
 .ARM.attributes
                0x00000587       0x2e c:/program files (x86)/atmel/studio/7.0/toolchain/arm/arm-gnu-toolchain/bin/../lib/gcc/arm-none-eabi/6.3.1/../../../../arm-none-eabi/lib/thumb/v7e-m\libc_nano.a(lib_a-strtod.o)
 .ARM.attributes
                0x000005b5       0x2e c:/program files (x86)/atmel/studio/7.0/toolchain/arm/arm-gnu-toolchain/bin/../lib/gcc/arm-none-eabi/6.3.1/../../../../arm-none-eabi/lib/thumb/v7e-m\libc_nano.a(lib_a-strtol.o)
 .ARM.attributes
                0x000005e3       0x2e c:/program files (x86)/atmel/studio/7.0/toolchain/arm/arm-gnu-toolchain/bin/../lib/gcc/arm-none-eabi/6.3.1/../../../../arm-none-eabi/lib/thumb/v7e-m\libc_nano.a(lib_a-findfp.o)
 .ARM.attributes
                0x00000611       0x2e c:/program files (x86)/atmel/studio/7.0/toolchain/arm/arm-gnu-toolchain/bin/../lib/gcc/arm-none-eabi/6.3.1/../../../../arm-none-eabi/lib/thumb/v7e-m\libc_nano.a(lib_a-gdtoa-gethex.o)
 .ARM.attributes
                0x0000063f       0x2e c:/program files (x86)/atmel/studio/7.0/toolchain/arm/arm-gnu-toolchain/bin/../lib/gcc/arm-none-eabi/6.3.1/../../../../arm-none-eabi/lib/thumb/v7e-m\libc_nano.a(lib_a-gdtoa-hexnan.o)
 .ARM.attributes
                0x0000066d       0x2e c:/program files (x86)/atmel/studio/7.0/toolchain/arm/arm-gnu-toolchain/bin/../lib/gcc/arm-none-eabi/6.3.1/../../../../arm-none-eabi/lib/thumb/v7e-m\libc_nano.a(lib_a-locale.o)
 .ARM.attributes
                0x0000069b       0x2e c:/program files (x86)/atmel/studio/7.0/toolchain/arm/arm-gnu-toolchain/bin/../lib/gcc/arm-none-eabi/6.3.1/../../../../arm-none-eabi/lib/thumb/v7e-m\libc_nano.a(lib_a-localeconv.o)
 .ARM.attributes
                0x000006c9       0x2e c:/program files (x86)/atmel/studio/7.0/toolchain/arm/arm-gnu-toolchain/bin/../lib/gcc/arm-none-eabi/6.3.1/../../../../arm-none-eabi/lib/thumb/v7e-m\libc_nano.a(lib_a-mbtowc_r.o)
 .ARM.attributes
                0x000006f7       0x2e c:/program files (x86)/atmel/studio/7.0/toolchain/arm/arm-gnu-toolchain/bin/../lib/gcc/arm-none-eabi/6.3.1/../../../../arm-none-eabi/lib/thumb/v7e-m\libc_nano.a(lib_a-mprec.o)
 .ARM.attributes
                0x00000725       0x2e c:/program files (x86)/atmel/studio/7.0/toolchain/arm/arm-gnu-toolchain/bin/../lib/gcc/arm-none-eabi/6.3.1/../../../../arm-none-eabi/lib/thumb/v7e-m\libc_nano.a(lib_a-nano-callocr.o)
 .ARM.attributes
                0x00000753       0x2e c:/program files (x86)/atmel/studio/7.0/toolchain/arm/arm-gnu-toolchain/bin/../lib/gcc/arm-none-eabi/6.3.1/../../../../arm-none-eabi/lib/thumb/v7e-m\libc_nano.a(lib_a-nano-mallocr.o)
 .ARM.attributes
                0x00000781       0x2e c:/program files (x86)/atmel/studio/7.0/toolchain/arm/arm-gnu-toolchain/bin/../lib/gcc/arm-none-eabi/6.3.1/../../../../arm-none-eabi/lib/thumb/v7e-m\libc_nano.a(lib_a-sbrkr.o)
 .ARM.attributes
                0x000007af       0x2e c:/program files (x86)/atmel/studio/7.0/toolchain/arm/arm-gnu-toolchain/bin/../lib/gcc/arm-none-eabi/6.3.1/../../../../arm-none-eabi/lib/thumb/v7e-m\libc_nano.a(lib_a-sf_nan.o)
 .ARM.attributes
                0x000007dd       0x17 c:/program files (x86)/atmel/studio/7.0/toolchain/arm/arm-gnu-toolchain/bin/../lib/gcc/arm-none-eabi/6.3.1/../../../../arm-none-eabi/lib/thumb/v7e-m\libc_nano.a(lib_a-strlen.o)
 .ARM.attributes
                0x000007f4       0x2e c:/program files (x86)/atmel/studio/7.0/toolchain/arm/arm-gnu-toolchain/bin/../lib/gcc/arm-none-eabi/6.3.1/../../../../arm-none-eabi/lib/thumb/v7e-m\libc_nano.a(lib_a-strncmp.o)
 .ARM.attributes
                0x00000822       0x2e c:/program files (x86)/atmel/studio/7.0/toolchain/arm/arm-gnu-toolchain/bin/../lib/gcc/arm-none-eabi/6.3.1/../../../../arm-none-eabi/lib/thumb/v7e-m\libc_nano.a(lib_a-wctomb_r.o)
 .ARM.attributes
                0x00000850       0x2e c:/program files (x86)/atmel/studio/7.0/toolchain/arm/arm-gnu-toolchain/bin/../lib/gcc/arm-none-eabi/6.3.1/../../../../arm-none-eabi/lib/thumb/v7e-m\libc_nano.a(lib_a-ctype_.o)
 .ARM.attributes
                0x0000087e       0x2e c:/program files (x86)/atmel/studio/7.0/toolchain/arm/arm-gnu-toolchain/bin/../lib/gcc/arm-none-eabi/6.3.1/../../../../arm-none-eabi/lib/thumb/v7e-m\libc_nano.a(lib_a-malloc.o)
 .ARM.attributes
                0x000008ac       0x2e c:/program files (x86)/atmel/studio/7.0/toolchain/arm/arm-gnu-toolchain/bin/../lib/gcc/arm-none-eabi/6.3.1/../../../../arm-none-eabi/lib/thumb/v7e-m\libc_nano.a(lib_a-mlock.o)
 .ARM.attributes
                0x000008da       0x2e c:/program files (x86)/atmel/studio/7.0/toolchain/arm/arm-gnu-toolchain/bin/../lib/gcc/arm-none-eabi/6.3.1/../../../../arm-none-eabi/lib/thumb/v7e-m\libc_nano.a(lib_a-reent.o)
 .ARM.attributes
                0x00000908       0x1e c:/program files (x86)/atmel/studio/7.0/toolchain/arm/arm-gnu-toolchain/bin/../lib/gcc/arm-none-eabi/6.3.1/thumb/v7e-m\libgcc.a(_arm_addsubdf3.o)
 .ARM.attributes
                0x00000926       0x1e c:/program files (x86)/atmel/studio/7.0/toolchain/arm/arm-gnu-toolchain/bin/../lib/gcc/arm-none-eabi/6.3.1/thumb/v7e-m\libgcc.a(_arm_muldivdf3.o)
 .ARM.attributes
                0x00000944       0x1e c:/program files (x86)/atmel/studio/7.0/toolchain/arm/arm-gnu-toolchain/bin/../lib/gcc/arm-none-eabi/6.3.1/thumb/v7e-m\libgcc.a(_arm_cmpdf2.o)
 .ARM.attributes
                0x00000962       0x1e c:/program files (x86)/atmel/studio/7.0/toolchain/arm/arm-gnu-toolchain/bin/../lib/gcc/arm-none-eabi/6.3.1/thumb/v7e-m\libgcc.a(_arm_unorddf2.o)
 .ARM.attributes
                0x00000980       0x1e c:/program files (x86)/atmel/studio/7.0/toolchain/arm/arm-gnu-toolchain/bin/../lib/gcc/arm-none-eabi/6.3.1/thumb/v7e-m\libgcc.a(_arm_fixdfsi.o)
 .ARM.attributes
                0x0000099e       0x1e c:/program files (x86)/atmel/studio/7.0/toolchain/arm/arm-gnu-toolchain/bin/../lib/gcc/arm-none-eabi/6.3.1/thumb/v7e-m\libgcc.a(_arm_fixunsdfsi.o)
 .ARM.attributes
                0x000009bc       0x1e c:/program files (x86)/atmel/studio/7.0/toolchain/arm/arm-gnu-toolchain/bin/../lib/gcc/arm-none-eabi/6.3.1/thumb/v7e-m\libgcc.a(_arm_truncdfsf2.o)
 .ARM.attributes
                0x000009da       0x1e c:/program files (x86)/atmel/studio/7.0/toolchain/arm/arm-gnu-toolchain/bin/../lib/gcc/arm-none-eabi/6.3.1/thumb/v7e-m\libgcc.a(_arm_cmpsf2.o)
 .ARM.attributes
                0x000009f8       0x1e c:/program files (x86)/atmel/studio/7.0/toolchain/arm/arm-gnu-toolchain/bin/../lib/gcc/arm-none-eabi/6.3.1/thumb/v7e-m\libgcc.a(_arm_unordsf2.o)
 .ARM.attributes
                0x00000a16       0x1e c:/program files (x86)/atmel/studio/7.0/toolchain/arm/arm-gnu-toolchain/bin/../lib/gcc/arm-none-eabi/6.3.1/thumb/v7e-m/crtn.o

.comment        0x00000000       0x59
 .comment       0x00000000       0x59 atmel_start.o
                                 0x5a (size before relaxing)
 .comment       0x00000059       0x5a Device_Startup/startup_same70q21b.o
 .comment       0x00000059       0x5a driver_init.o
 .comment       0x00000059       0x5a hal/src/hal_atomic.o
 .comment       0x00000059       0x5a hal/src/hal_can_async.o
 .comment       0x00000059       0x5a hal/src/hal_flash.o
 .comment       0x00000059       0x5a hal/src/hal_io.o
 .comment       0x00000059       0x5a hal/src/hal_timer.o
 .comment       0x00000059       0x5a hal/src/hal_usart_async.o
 .comment       0x00000059       0x5a hal/utils/src/utils_list.o
 .comment       0x00000059       0x5a hal/utils/src/utils_ringbuffer.o
 .comment       0x00000059       0x5a hal/utils/src/utils_syscalls.o
 .comment       0x00000059       0x5a hpl/afec/hpl_afec.o
 .comment       0x00000059       0x5a hpl/core/hpl_core_m7_base.o
 .comment       0x00000059       0x5a hpl/core/hpl_init.o
 .comment       0x00000059       0x5a hpl/efc/hpl_efc.o
 .comment       0x00000059       0x5a hpl/mcan/hpl_mcan.o
 .comment       0x00000059       0x5a hpl/pmc/hpl_pmc.o
 .comment       0x00000059       0x5a hpl/tc/hpl_tc.o
 .comment       0x00000059       0x5a hpl/uart/hpl_uart.o
 .comment       0x00000059       0x5a main.o

.debug_frame    0x00000000      0xc2c
 .debug_frame   0x00000000       0x2c c:/program files (x86)/atmel/studio/7.0/toolchain/arm/arm-gnu-toolchain/bin/../lib/gcc/arm-none-eabi/6.3.1/../../../../arm-none-eabi/lib/thumb/v7e-m\libc_nano.a(lib_a-init.o)
 .debug_frame   0x0000002c       0x28 c:/program files (x86)/atmel/studio/7.0/toolchain/arm/arm-gnu-toolchain/bin/../lib/gcc/arm-none-eabi/6.3.1/../../../../arm-none-eabi/lib/thumb/v7e-m\libc_nano.a(lib_a-memcpy-stub.o)
 .debug_frame   0x00000054       0x20 c:/program files (x86)/atmel/studio/7.0/toolchain/arm/arm-gnu-toolchain/bin/../lib/gcc/arm-none-eabi/6.3.1/../../../../arm-none-eabi/lib/thumb/v7e-m\libc_nano.a(lib_a-memset.o)
 .debug_frame   0x00000074      0x100 c:/program files (x86)/atmel/studio/7.0/toolchain/arm/arm-gnu-toolchain/bin/../lib/gcc/arm-none-eabi/6.3.1/../../../../arm-none-eabi/lib/thumb/v7e-m\libc_nano.a(lib_a-strtod.o)
 .debug_frame   0x00000174       0x88 c:/program files (x86)/atmel/studio/7.0/toolchain/arm/arm-gnu-toolchain/bin/../lib/gcc/arm-none-eabi/6.3.1/../../../../arm-none-eabi/lib/thumb/v7e-m\libc_nano.a(lib_a-strtol.o)
 .debug_frame   0x000001fc      0x11c c:/program files (x86)/atmel/studio/7.0/toolchain/arm/arm-gnu-toolchain/bin/../lib/gcc/arm-none-eabi/6.3.1/../../../../arm-none-eabi/lib/thumb/v7e-m\libc_nano.a(lib_a-findfp.o)
 .debug_frame   0x00000318       0x70 c:/program files (x86)/atmel/studio/7.0/toolchain/arm/arm-gnu-toolchain/bin/../lib/gcc/arm-none-eabi/6.3.1/../../../../arm-none-eabi/lib/thumb/v7e-m\libc_nano.a(lib_a-gdtoa-gethex.o)
 .debug_frame   0x00000388       0x74 c:/program files (x86)/atmel/studio/7.0/toolchain/arm/arm-gnu-toolchain/bin/../lib/gcc/arm-none-eabi/6.3.1/../../../../arm-none-eabi/lib/thumb/v7e-m\libc_nano.a(lib_a-gdtoa-hexnan.o)
 .debug_frame   0x000003fc       0x68 c:/program files (x86)/atmel/studio/7.0/toolchain/arm/arm-gnu-toolchain/bin/../lib/gcc/arm-none-eabi/6.3.1/../../../../arm-none-eabi/lib/thumb/v7e-m\libc_nano.a(lib_a-locale.o)
 .debug_frame   0x00000464       0x40 c:/program files (x86)/atmel/studio/7.0/toolchain/arm/arm-gnu-toolchain/bin/../lib/gcc/arm-none-eabi/6.3.1/../../../../arm-none-eabi/lib/thumb/v7e-m\libc_nano.a(lib_a-localeconv.o)
 .debug_frame   0x000004a4       0x48 c:/program files (x86)/atmel/studio/7.0/toolchain/arm/arm-gnu-toolchain/bin/../lib/gcc/arm-none-eabi/6.3.1/../../../../arm-none-eabi/lib/thumb/v7e-m\libc_nano.a(lib_a-mbtowc_r.o)
 .debug_frame   0x000004ec      0x244 c:/program files (x86)/atmel/studio/7.0/toolchain/arm/arm-gnu-toolchain/bin/../lib/gcc/arm-none-eabi/6.3.1/../../../../arm-none-eabi/lib/thumb/v7e-m\libc_nano.a(lib_a-mprec.o)
 .debug_frame   0x00000730       0x2c c:/program files (x86)/atmel/studio/7.0/toolchain/arm/arm-gnu-toolchain/bin/../lib/gcc/arm-none-eabi/6.3.1/../../../../arm-none-eabi/lib/thumb/v7e-m\libc_nano.a(lib_a-nano-callocr.o)
 .debug_frame   0x0000075c       0x2c c:/program files (x86)/atmel/studio/7.0/toolchain/arm/arm-gnu-toolchain/bin/../lib/gcc/arm-none-eabi/6.3.1/../../../../arm-none-eabi/lib/thumb/v7e-m\libc_nano.a(lib_a-nano-mallocr.o)
 .debug_frame   0x00000788       0x2c c:/program files (x86)/atmel/studio/7.0/toolchain/arm/arm-gnu-toolchain/bin/../lib/gcc/arm-none-eabi/6.3.1/../../../../arm-none-eabi/lib/thumb/v7e-m\libc_nano.a(lib_a-sbrkr.o)
 .debug_frame   0x000007b4       0x20 c:/program files (x86)/atmel/studio/7.0/toolchain/arm/arm-gnu-toolchain/bin/../lib/gcc/arm-none-eabi/6.3.1/../../../../arm-none-eabi/lib/thumb/v7e-m\libc_nano.a(lib_a-sf_nan.o)
 .debug_frame   0x000007d4       0x28 c:/program files (x86)/atmel/studio/7.0/toolchain/arm/arm-gnu-toolchain/bin/../lib/gcc/arm-none-eabi/6.3.1/../../../../arm-none-eabi/lib/thumb/v7e-m\libc_nano.a(lib_a-strncmp.o)
 .debug_frame   0x000007fc       0x3c c:/program files (x86)/atmel/studio/7.0/toolchain/arm/arm-gnu-toolchain/bin/../lib/gcc/arm-none-eabi/6.3.1/../../../../arm-none-eabi/lib/thumb/v7e-m\libc_nano.a(lib_a-wctomb_r.o)
 .debug_frame   0x00000838       0x30 c:/program files (x86)/atmel/studio/7.0/toolchain/arm/arm-gnu-toolchain/bin/../lib/gcc/arm-none-eabi/6.3.1/../../../../arm-none-eabi/lib/thumb/v7e-m\libc_nano.a(lib_a-malloc.o)
 .debug_frame   0x00000868       0x30 c:/program files (x86)/atmel/studio/7.0/toolchain/arm/arm-gnu-toolchain/bin/../lib/gcc/arm-none-eabi/6.3.1/../../../../arm-none-eabi/lib/thumb/v7e-m\libc_nano.a(lib_a-mlock.o)
 .debug_frame   0x00000898       0x5c c:/program files (x86)/atmel/studio/7.0/toolchain/arm/arm-gnu-toolchain/bin/../lib/gcc/arm-none-eabi/6.3.1/../../../../arm-none-eabi/lib/thumb/v7e-m\libc_nano.a(lib_a-reent.o)
 .debug_frame   0x000008f4       0xac c:/program files (x86)/atmel/studio/7.0/toolchain/arm/arm-gnu-toolchain/bin/../lib/gcc/arm-none-eabi/6.3.1/thumb/v7e-m\libgcc.a(_arm_addsubdf3.o)
 .debug_frame   0x000009a0       0x50 c:/program files (x86)/atmel/studio/7.0/toolchain/arm/arm-gnu-toolchain/bin/../lib/gcc/arm-none-eabi/6.3.1/thumb/v7e-m\libgcc.a(_arm_muldivdf3.o)
 .debug_frame   0x000009f0       0xc4 c:/program files (x86)/atmel/studio/7.0/toolchain/arm/arm-gnu-toolchain/bin/../lib/gcc/arm-none-eabi/6.3.1/thumb/v7e-m\libgcc.a(_arm_cmpdf2.o)
 .debug_frame   0x00000ab4       0x20 c:/program files (x86)/atmel/studio/7.0/toolchain/arm/arm-gnu-toolchain/bin/../lib/gcc/arm-none-eabi/6.3.1/thumb/v7e-m\libgcc.a(_arm_unorddf2.o)
 .debug_frame   0x00000ad4       0x24 c:/program files (x86)/atmel/studio/7.0/toolchain/arm/arm-gnu-toolchain/bin/../lib/gcc/arm-none-eabi/6.3.1/thumb/v7e-m\libgcc.a(_arm_fixdfsi.o)
 .debug_frame   0x00000af8       0x24 c:/program files (x86)/atmel/studio/7.0/toolchain/arm/arm-gnu-toolchain/bin/../lib/gcc/arm-none-eabi/6.3.1/thumb/v7e-m\libgcc.a(_arm_fixunsdfsi.o)
 .debug_frame   0x00000b1c       0x24 c:/program files (x86)/atmel/studio/7.0/toolchain/arm/arm-gnu-toolchain/bin/../lib/gcc/arm-none-eabi/6.3.1/thumb/v7e-m\libgcc.a(_arm_truncdfsf2.o)
 .debug_frame   0x00000b40       0xc8 c:/program files (x86)/atmel/studio/7.0/toolchain/arm/arm-gnu-toolchain/bin/../lib/gcc/arm-none-eabi/6.3.1/thumb/v7e-m\libgcc.a(_arm_cmpsf2.o)
 .debug_frame   0x00000c08       0x24 c:/program files (x86)/atmel/studio/7.0/toolchain/arm/arm-gnu-toolchain/bin/../lib/gcc/arm-none-eabi/6.3.1/thumb/v7e-m\libgcc.a(_arm_unordsf2.o)
